[2026-09-25T23:46:44.211+0000] {local_task_job_runner.py:123} INFO - ::group::Pre task execution logs
[2026-09-25T23:46:44.217+0000] {taskinstance.py:2612} INFO - Dependencies all met for dep_context=non-requeueable deps ti=<TaskInstance: dbt_weather_analytics.dbt_run manual__2026-09-25T23:46:43.742788+00:00 [queued]>
[2026-09-25T23:46:44.220+0000] {taskinstance.py:2612} INFO - Dependencies all met for dep_context=requeueable deps ti=<TaskInstance: dbt_weather_analytics.dbt_run manual__2026-09-25T23:46:43.742788+00:00 [queued]>
[2026-09-25T23:46:44.220+0000] {taskinstance.py:2865} INFO - Starting attempt 1 of 1
[2026-09-25T23:46:44.224+0000] {taskinstance.py:2888} INFO - Executing <Task(BashOperator): dbt_run> on 2026-09-25 23:46:43.742788+00:00
[2026-09-25T23:46:44.229+0000] {logging_mixin.py:190} WARNING - /home/***/.local/lib/python3.12/site-packages/***/task/task_runner/standard_task_runner.py:70 DeprecationWarning: This process (pid=3870) is multi-threaded, use of fork() may lead to deadlocks in the child.
[2026-09-25T23:46:44.228+0000] {standard_task_runner.py:104} INFO - Running: ['***', 'tasks', 'run', 'dbt_weather_analytics', 'dbt_run', 'manual__2026-09-25T23:46:43.742788+00:00', '--job-id', '65', '--raw', '--subdir', 'DAGS_FOLDER/build_elt_with_dbt.py', '--cfg-path', '/tmp/tmp63920gmu']
[2026-09-25T23:46:44.230+0000] {standard_task_runner.py:105} INFO - Job 65: Subtask dbt_run
[2026-09-25T23:46:44.229+0000] {standard_task_runner.py:72} INFO - Started process 3871 to run task
[2026-09-25T23:46:44.246+0000] {task_command.py:467} INFO - Running <TaskInstance: dbt_weather_analytics.dbt_run manual__2026-09-25T23:46:43.742788+00:00 [running]> on host 10396b14c6e7
[2026-09-25T23:46:44.274+0000] {taskinstance.py:3131} INFO - Exporting env vars: AIRFLOW_CTX_DAG_OWNER='***' AIRFLOW_CTX_DAG_ID='dbt_weather_analytics' AIRFLOW_CTX_TASK_ID='dbt_run' AIRFLOW_CTX_EXECUTION_DATE='2026-09-25T23:46:43.742788+00:00' AIRFLOW_CTX_TRY_NUMBER='1' AIRFLOW_CTX_DAG_RUN_ID='manual__2026-09-25T23:46:43.742788+00:00'
[2026-09-25T23:46:44.274+0000] {taskinstance.py:731} INFO - ::endgroup::
[2026-09-25T23:46:44.280+0000] {subprocess.py:63} INFO - Tmp dir root location: /tmp
[2026-09-25T23:46:44.281+0000] {subprocess.py:75} INFO - Running command: ['/usr/bin/bash', '-c', '/home/***/.local/bin/dbt run --profiles-dir /opt/***/dbt/weather_analytics --project-dir /opt/***/dbt/weather_analytics']
[2026-09-25T23:46:44.285+0000] {subprocess.py:86} INFO - Output:
[2026-09-25T23:46:45.186+0000] {subprocess.py:93} INFO - [0m23:46:45  Running with dbt=1.8.7
[2026-09-25T23:46:45.581+0000] {subprocess.py:93} INFO - [0m23:46:45  Registered adapter: snowflake=1.8.1
[2026-09-25T23:46:45.746+0000] {subprocess.py:93} INFO - [0m23:46:45  Found 2 models, 1 snapshot, 3 data tests, 454 macros
[2026-09-25T23:46:45.747+0000] {subprocess.py:93} INFO - [0m23:46:45
[2026-09-25T23:46:49.021+0000] {subprocess.py:93} INFO - [0m23:46:49  Concurrency: 1 threads (target='dev')
[2026-09-25T23:46:49.026+0000] {subprocess.py:93} INFO - [0m23:46:49
[2026-09-25T23:46:49.050+0000] {subprocess.py:93} INFO - [0m23:46:49  1 of 1 START sql table model analytics.weather_metrics ......................... [RUN]
[2026-09-25T23:46:51.571+0000] {subprocess.py:93} INFO - [0m23:46:51  1 of 1 OK created sql table model analytics.weather_metrics .................... [[32mSUCCESS 1[0m in 2.52s]
[2026-09-25T23:46:51.579+0000] {subprocess.py:93} INFO - [0m23:46:51
[2026-09-25T23:46:51.580+0000] {subprocess.py:93} INFO - [0m23:46:51  Finished running 1 table model in 0 hours 0 minutes and 5.83 seconds (5.83s).
[2026-09-25T23:46:51.609+0000] {subprocess.py:93} INFO - [0m23:46:51
[2026-09-25T23:46:51.609+0000] {subprocess.py:93} INFO - [0m23:46:51  [32mCompleted successfully[0m
[2026-09-25T23:46:51.609+0000] {subprocess.py:93} INFO - [0m23:46:51
[2026-09-25T23:46:51.610+0000] {subprocess.py:93} INFO - [0m23:46:51  Done. PASS=1 WARN=0 ERROR=0 SKIP=0 TOTAL=1
[2026-09-25T23:46:52.227+0000] {subprocess.py:97} INFO - Command exited with return code 0
[2026-09-25T23:46:52.237+0000] {taskinstance.py:340} INFO - ::group::Post task execution logs
[2026-09-25T23:46:52.237+0000] {taskinstance.py:352} INFO - Marking task as SUCCESS. dag_id=dbt_weather_analytics, task_id=dbt_run, run_id=manual__2026-09-25T23:46:43.742788+00:00, execution_date=20260925T234643, start_date=20260925T234644, end_date=20260925T234652
[2026-09-25T23:46:52.254+0000] {local_task_job_runner.py:266} INFO - Task exited with return code 0
[2026-09-25T23:46:52.262+0000] {taskinstance.py:3900} INFO - 1 downstream tasks scheduled from follow-on schedule check
[2026-09-25T23:46:52.262+0000] {local_task_job_runner.py:245} INFO - ::endgroup::
