[2026-09-26T02:48:16.698+0000] {local_task_job_runner.py:123} INFO - ::group::Pre task execution logs
[2026-09-26T02:48:16.706+0000] {taskinstance.py:2612} INFO - Dependencies all met for dep_context=non-requeueable deps ti=<TaskInstance: dbt_weather_analytics.dbt_snapshot manual__2026-09-26T02:48:00.280758+00:00 [queued]>
[2026-09-26T02:48:16.711+0000] {taskinstance.py:2612} INFO - Dependencies all met for dep_context=requeueable deps ti=<TaskInstance: dbt_weather_analytics.dbt_snapshot manual__2026-09-26T02:48:00.280758+00:00 [queued]>
[2026-09-26T02:48:16.711+0000] {taskinstance.py:2865} INFO - Starting attempt 1 of 1
[2026-09-26T02:48:16.717+0000] {taskinstance.py:2888} INFO - Executing <Task(BashOperator): dbt_snapshot> on 2026-09-26 02:48:00.280758+00:00
[2026-09-26T02:48:16.723+0000] {standard_task_runner.py:104} INFO - Running: ['***', 'tasks', 'run', 'dbt_weather_analytics', 'dbt_snapshot', 'manual__2026-09-26T02:48:00.280758+00:00', '--job-id', '87', '--raw', '--subdir', 'DAGS_FOLDER/build_elt_with_dbt.py', '--cfg-path', '/tmp/tmpeuwaqnfk']
[2026-09-26T02:48:16.727+0000] {standard_task_runner.py:105} INFO - Job 87: Subtask dbt_snapshot
[2026-09-26T02:48:16.725+0000] {logging_mixin.py:190} WARNING - /home/***/.local/lib/python3.12/site-packages/***/task/task_runner/standard_task_runner.py:70 DeprecationWarning: This process (pid=9919) is multi-threaded, use of fork() may lead to deadlocks in the child.
[2026-09-26T02:48:16.730+0000] {standard_task_runner.py:72} INFO - Started process 9920 to run task
[2026-09-26T02:48:16.754+0000] {task_command.py:467} INFO - Running <TaskInstance: dbt_weather_analytics.dbt_snapshot manual__2026-09-26T02:48:00.280758+00:00 [running]> on host 10396b14c6e7
[2026-09-26T02:48:16.800+0000] {taskinstance.py:3131} INFO - Exporting env vars: AIRFLOW_CTX_DAG_OWNER='***' AIRFLOW_CTX_DAG_ID='dbt_weather_analytics' AIRFLOW_CTX_TASK_ID='dbt_snapshot' AIRFLOW_CTX_EXECUTION_DATE='2026-09-26T02:48:00.280758+00:00' AIRFLOW_CTX_TRY_NUMBER='1' AIRFLOW_CTX_DAG_RUN_ID='manual__2026-09-26T02:48:00.280758+00:00'
[2026-09-26T02:48:16.801+0000] {taskinstance.py:731} INFO - ::endgroup::
[2026-09-26T02:48:16.810+0000] {subprocess.py:63} INFO - Tmp dir root location: /tmp
[2026-09-26T02:48:16.811+0000] {subprocess.py:75} INFO - Running command: ['/usr/bin/bash', '-c', '/home/***/.local/bin/dbt snapshot --profiles-dir /opt/***/dbt/weather_analytics --project-dir /opt/***/dbt/weather_analytics']
[2026-09-26T02:48:16.816+0000] {subprocess.py:86} INFO - Output:
[2026-09-26T02:48:18.083+0000] {subprocess.py:93} INFO - [0m02:48:18  Running with dbt=1.8.7
[2026-09-26T02:48:18.777+0000] {subprocess.py:93} INFO - [0m02:48:18  Registered adapter: snowflake=1.8.1
[2026-09-26T02:48:18.986+0000] {subprocess.py:93} INFO - [0m02:48:18  Found 2 models, 3 data tests, 1 snapshot, 454 macros
[2026-09-26T02:48:18.987+0000] {subprocess.py:93} INFO - [0m02:48:18
[2026-09-26T02:48:22.013+0000] {subprocess.py:93} INFO - [0m02:48:22  Concurrency: 1 threads (target='dev')
[2026-09-26T02:48:22.020+0000] {subprocess.py:93} INFO - [0m02:48:22
[2026-09-26T02:48:22.025+0000] {subprocess.py:93} INFO - [0m02:48:22  1 of 1 START snapshot snapshot.snapshot_weather_metrics ........................ [RUN]
[2026-09-26T02:48:26.452+0000] {subprocess.py:93} INFO - [0m02:48:26  1 of 1 OK snapshotted snapshot.snapshot_weather_metrics ........................ [[32mSUCCESS 0[0m in 4.42s]
[2026-09-26T02:48:26.459+0000] {subprocess.py:93} INFO - [0m02:48:26
[2026-09-26T02:48:26.460+0000] {subprocess.py:93} INFO - [0m02:48:26  Finished running 1 snapshot in 0 hours 0 minutes and 7.47 seconds (7.47s).
[2026-09-26T02:48:26.491+0000] {subprocess.py:93} INFO - [0m02:48:26
[2026-09-26T02:48:26.492+0000] {subprocess.py:93} INFO - [0m02:48:26  [32mCompleted successfully[0m
[2026-09-26T02:48:26.492+0000] {subprocess.py:93} INFO - [0m02:48:26
[2026-09-26T02:48:26.493+0000] {subprocess.py:93} INFO - [0m02:48:26  Done. PASS=1 WARN=0 ERROR=0 SKIP=0 TOTAL=1
[2026-09-26T02:48:27.232+0000] {subprocess.py:97} INFO - Command exited with return code 0
[2026-09-26T02:48:27.259+0000] {taskinstance.py:340} INFO - ::group::Post task execution logs
[2026-09-26T02:48:27.260+0000] {taskinstance.py:352} INFO - Marking task as SUCCESS. dag_id=dbt_weather_analytics, task_id=dbt_snapshot, run_id=manual__2026-09-26T02:48:00.280758+00:00, execution_date=20260926T024800, start_date=20260926T024816, end_date=20260926T024827
[2026-09-26T02:48:27.310+0000] {local_task_job_runner.py:266} INFO - Task exited with return code 0
[2026-09-26T02:48:27.320+0000] {taskinstance.py:3900} INFO - 0 downstream tasks scheduled from follow-on schedule check
[2026-09-26T02:48:27.321+0000] {local_task_job_runner.py:245} INFO - ::endgroup::
