[2026-09-22T02:31:42.025+0000] {local_task_job_runner.py:123} INFO - ::group::Pre task execution logs
[2026-09-22T02:31:42.030+0000] {taskinstance.py:2612} INFO - Dependencies all met for dep_context=non-requeueable deps ti=<TaskInstance: weather_etl.load scheduled__2026-09-21T02:30:00+00:00 [queued]>
[2026-09-22T02:31:42.032+0000] {taskinstance.py:2612} INFO - Dependencies all met for dep_context=requeueable deps ti=<TaskInstance: weather_etl.load scheduled__2026-09-21T02:30:00+00:00 [queued]>
[2026-09-22T02:31:42.033+0000] {taskinstance.py:2865} INFO - Starting attempt 1 of 1
[2026-09-22T02:31:42.036+0000] {taskinstance.py:2888} INFO - Executing <Task(_PythonDecoratedOperator): load> on 2026-09-21 02:30:00+00:00
[2026-09-22T02:31:42.043+0000] {logging_mixin.py:190} WARNING - /home/***/.local/lib/python3.12/site-packages/***/task/task_runner/standard_task_runner.py:70 DeprecationWarning: This process (pid=2883) is multi-threaded, use of fork() may lead to deadlocks in the child.
[2026-09-22T02:31:42.043+0000] {standard_task_runner.py:72} INFO - Started process 2886 to run task
[2026-09-22T02:31:42.043+0000] {standard_task_runner.py:104} INFO - Running: ['***', 'tasks', 'run', 'weather_etl', 'load', 'scheduled__2026-09-21T02:30:00+00:00', '--job-id', '6', '--raw', '--subdir', 'DAGS_FOLDER/weather_etl.py', '--cfg-path', '/tmp/tmpu9ofmuwk']
[2026-09-22T02:31:42.045+0000] {standard_task_runner.py:105} INFO - Job 6: Subtask load
[2026-09-22T02:31:42.060+0000] {task_command.py:467} INFO - Running <TaskInstance: weather_etl.load scheduled__2026-09-21T02:30:00+00:00 [running]> on host b58b41d1b70a
[2026-09-22T02:31:42.089+0000] {taskinstance.py:3131} INFO - Exporting env vars: AIRFLOW_CTX_DAG_OWNER='***' AIRFLOW_CTX_DAG_ID='weather_etl' AIRFLOW_CTX_TASK_ID='load' AIRFLOW_CTX_EXECUTION_DATE='2026-09-21T02:30:00+00:00' AIRFLOW_CTX_TRY_NUMBER='1' AIRFLOW_CTX_DAG_RUN_ID='scheduled__2026-09-21T02:30:00+00:00'
[2026-09-22T02:31:42.089+0000] {taskinstance.py:731} INFO - ::endgroup::
[2026-09-22T02:31:42.094+0000] {base.py:84} INFO - Retrieving connection 'snowflake_conn'
[2026-09-22T02:31:42.127+0000] {connection.py:413} INFO - Snowflake Connector for Python Version: 3.12.2, Python Version: 3.12.5, Platform: Linux-7.0.12-linuxkit-aarch64-with-glibc2.36
[2026-09-22T02:31:42.127+0000] {connection.py:1196} INFO - Connecting to GLOBAL Snowflake domain
[2026-09-22T02:31:42.127+0000] {connection.py:1277} INFO - This connection is in OCSP Fail Open Mode. TLS Certificates would be checked for validity and revocation status. Any other Certificate Revocation related exceptions or OCSP Responder failures would be disregarded in favor of connectivity.
[2026-09-22T02:31:43.626+0000] {cursor.py:1156} INFO - Number of results in first chunk: 1
[2026-09-22T02:31:44.087+0000] {cursor.py:1156} INFO - Number of results in first chunk: 1
[2026-09-22T02:32:18.208+0000] {job.py:229} INFO - Heartbeat recovered after 15.92 seconds
[2026-09-22T02:33:02.398+0000] {cursor.py:1156} INFO - Number of results in first chunk: 1
[2026-09-22T02:33:02.402+0000] {python.py:240} INFO - Done. Returned value was: None
[2026-09-22T02:33:02.423+0000] {taskinstance.py:340} INFO - ::group::Post task execution logs
[2026-09-22T02:33:02.424+0000] {taskinstance.py:352} INFO - Marking task as SUCCESS. dag_id=weather_etl, task_id=load, run_id=scheduled__2026-09-21T02:30:00+00:00, execution_date=20260921T023000, start_date=20260922T023142, end_date=20260922T023302
[2026-09-22T02:33:02.457+0000] {local_task_job_runner.py:266} INFO - Task exited with return code 0
[2026-09-22T02:33:02.468+0000] {taskinstance.py:3900} INFO - 0 downstream tasks scheduled from follow-on schedule check
[2026-09-22T02:33:02.468+0000] {local_task_job_runner.py:245} INFO - ::endgroup::
