[2026-09-26T02:31:47.646+0000] {local_task_job_runner.py:123} INFO - ::group::Pre task execution logs
[2026-09-26T02:31:47.654+0000] {taskinstance.py:2612} INFO - Dependencies all met for dep_context=non-requeueable deps ti=<TaskInstance: dbt_weather_analytics.dbt_snapshot manual__2026-09-26T02:31:29.981701+00:00 [queued]>
[2026-09-26T02:31:47.657+0000] {taskinstance.py:2612} INFO - Dependencies all met for dep_context=requeueable deps ti=<TaskInstance: dbt_weather_analytics.dbt_snapshot manual__2026-09-26T02:31:29.981701+00:00 [queued]>
[2026-09-26T02:31:47.658+0000] {taskinstance.py:2865} INFO - Starting attempt 1 of 1
[2026-09-26T02:31:47.662+0000] {taskinstance.py:2888} INFO - Executing <Task(BashOperator): dbt_snapshot> on 2026-09-26 02:31:29.981701+00:00
[2026-09-26T02:31:47.670+0000] {logging_mixin.py:190} WARNING - /home/***/.local/lib/python3.12/site-packages/***/task/task_runner/standard_task_runner.py:70 DeprecationWarning: This process (pid=9176) is multi-threaded, use of fork() may lead to deadlocks in the child.
[2026-09-26T02:31:47.668+0000] {standard_task_runner.py:104} INFO - Running: ['***', 'tasks', 'run', 'dbt_weather_analytics', 'dbt_snapshot', 'manual__2026-09-26T02:31:29.981701+00:00', '--job-id', '77', '--raw', '--subdir', 'DAGS_FOLDER/build_elt_with_dbt.py', '--cfg-path', '/tmp/tmpob65q5x3']
[2026-09-26T02:31:47.671+0000] {standard_task_runner.py:105} INFO - Job 77: Subtask dbt_snapshot
[2026-09-26T02:31:47.671+0000] {standard_task_runner.py:72} INFO - Started process 9177 to run task
[2026-09-26T02:31:47.698+0000] {task_command.py:467} INFO - Running <TaskInstance: dbt_weather_analytics.dbt_snapshot manual__2026-09-26T02:31:29.981701+00:00 [running]> on host 10396b14c6e7
[2026-09-26T02:31:47.734+0000] {taskinstance.py:3131} INFO - Exporting env vars: AIRFLOW_CTX_DAG_OWNER='***' AIRFLOW_CTX_DAG_ID='dbt_weather_analytics' AIRFLOW_CTX_TASK_ID='dbt_snapshot' AIRFLOW_CTX_EXECUTION_DATE='2026-09-26T02:31:29.981701+00:00' AIRFLOW_CTX_TRY_NUMBER='1' AIRFLOW_CTX_DAG_RUN_ID='manual__2026-09-26T02:31:29.981701+00:00'
[2026-09-26T02:31:47.735+0000] {taskinstance.py:731} INFO - ::endgroup::
[2026-09-26T02:31:47.742+0000] {subprocess.py:63} INFO - Tmp dir root location: /tmp
[2026-09-26T02:31:47.743+0000] {subprocess.py:75} INFO - Running command: ['/usr/bin/bash', '-c', '/home/***/.local/bin/dbt snapshot --profiles-dir /opt/***/dbt/weather_analytics --project-dir /opt/***/dbt/weather_analytics']
[2026-09-26T02:31:47.748+0000] {subprocess.py:86} INFO - Output:
[2026-09-26T02:31:48.787+0000] {subprocess.py:93} INFO - [0m02:31:48  Running with dbt=1.8.7
[2026-09-26T02:31:49.263+0000] {subprocess.py:93} INFO - [0m02:31:49  Registered adapter: snowflake=1.8.1
[2026-09-26T02:31:49.430+0000] {subprocess.py:93} INFO - [0m02:31:49  Found 2 models, 1 snapshot, 3 data tests, 454 macros
[2026-09-26T02:31:49.431+0000] {subprocess.py:93} INFO - [0m02:31:49
[2026-09-26T02:31:52.344+0000] {subprocess.py:93} INFO - [0m02:31:52  Concurrency: 1 threads (target='dev')
[2026-09-26T02:31:52.345+0000] {subprocess.py:93} INFO - [0m02:31:52
[2026-09-26T02:31:52.360+0000] {subprocess.py:93} INFO - [0m02:31:52  1 of 1 START snapshot snapshot.snapshot_weather_metrics ........................ [RUN]
[2026-09-26T02:31:56.956+0000] {subprocess.py:93} INFO - [0m02:31:56  1 of 1 ERROR snapshotting snapshot.snapshot_weather_metrics .................... [[31mERROR[0m in 4.59s]
[2026-09-26T02:31:56.961+0000] {subprocess.py:93} INFO - [0m02:31:56
[2026-09-26T02:31:56.962+0000] {subprocess.py:93} INFO - [0m02:31:56  Finished running 1 snapshot in 0 hours 0 minutes and 7.53 seconds (7.53s).
[2026-09-26T02:31:56.993+0000] {subprocess.py:93} INFO - [0m02:31:56
[2026-09-26T02:31:56.993+0000] {subprocess.py:93} INFO - [0m02:31:56  [31mCompleted with 1 error and 0 warnings:[0m
[2026-09-26T02:31:56.993+0000] {subprocess.py:93} INFO - [0m02:31:56
[2026-09-26T02:31:56.994+0000] {subprocess.py:93} INFO - [0m02:31:56    Database Error in snapshot snapshot_weather_metrics (snapshots/snapshot_weather_metrics.sql)
[2026-09-26T02:31:56.994+0000] {subprocess.py:93} INFO -   100090 (42P18): Duplicate row detected during DML action
[2026-09-26T02:31:56.994+0000] {subprocess.py:93} INFO -   Row Values: [redacted]
[2026-09-26T02:31:56.994+0000] {subprocess.py:93} INFO -   compiled code at target/run/weather_analytics/snapshots/snapshot_weather_metrics.sql
[2026-09-26T02:31:56.994+0000] {subprocess.py:93} INFO - [0m02:31:56
[2026-09-26T02:31:56.995+0000] {subprocess.py:93} INFO - [0m02:31:56  Done. PASS=0 WARN=0 ERROR=1 SKIP=0 TOTAL=1
[2026-09-26T02:31:57.584+0000] {subprocess.py:97} INFO - Command exited with return code 1
[2026-09-26T02:31:57.591+0000] {taskinstance.py:3310} ERROR - Task failed with exception
Traceback (most recent call last):
  File "/home/airflow/.local/lib/python3.12/site-packages/airflow/models/taskinstance.py", line 767, in _execute_task
    result = _execute_callable(context=context, **execute_callable_kwargs)
             ^^^^^^^^^^^^^^^^^^^^^^^^^^^^^^^^^^^^^^^^^^^^^^^^^^^^^^^^^^^^^
  File "/home/airflow/.local/lib/python3.12/site-packages/airflow/models/taskinstance.py", line 733, in _execute_callable
    return ExecutionCallableRunner(
           ^^^^^^^^^^^^^^^^^^^^^^^^
  File "/home/airflow/.local/lib/python3.12/site-packages/airflow/utils/operator_helpers.py", line 252, in run
    return self.func(*args, **kwargs)
           ^^^^^^^^^^^^^^^^^^^^^^^^^^
  File "/home/airflow/.local/lib/python3.12/site-packages/airflow/models/baseoperator.py", line 406, in wrapper
    return func(self, *args, **kwargs)
           ^^^^^^^^^^^^^^^^^^^^^^^^^^^
  File "/home/airflow/.local/lib/python3.12/site-packages/airflow/operators/bash.py", line 249, in execute
    raise AirflowException(
airflow.exceptions.AirflowException: Bash command failed. The command returned a non-zero exit code 1.
[2026-09-26T02:31:57.594+0000] {taskinstance.py:1225} INFO - Marking task as FAILED. dag_id=dbt_weather_analytics, task_id=dbt_snapshot, run_id=manual__2026-09-26T02:31:29.981701+00:00, execution_date=20260926T023129, start_date=20260926T023147, end_date=20260926T023157
[2026-09-26T02:31:57.600+0000] {taskinstance.py:340} INFO - ::group::Post task execution logs
[2026-09-26T02:31:57.601+0000] {standard_task_runner.py:124} ERROR - Failed to execute job 77 for task dbt_snapshot (Bash command failed. The command returned a non-zero exit code 1.; 9177)
Traceback (most recent call last):
  File "/home/airflow/.local/lib/python3.12/site-packages/airflow/task/task_runner/standard_task_runner.py", line 117, in _start_by_fork
    ret = args.func(args, dag=self.dag)
          ^^^^^^^^^^^^^^^^^^^^^^^^^^^^^
  File "/home/airflow/.local/lib/python3.12/site-packages/airflow/cli/cli_config.py", line 49, in command
    return func(*args, **kwargs)
           ^^^^^^^^^^^^^^^^^^^^^
  File "/home/airflow/.local/lib/python3.12/site-packages/airflow/utils/cli.py", line 115, in wrapper
    return f(*args, **kwargs)
           ^^^^^^^^^^^^^^^^^^
  File "/home/airflow/.local/lib/python3.12/site-packages/airflow/cli/commands/task_command.py", line 483, in task_run
    task_return_code = _run_task_by_selected_method(args, _dag, ti)
                       ^^^^^^^^^^^^^^^^^^^^^^^^^^^^^^^^^^^^^^^^^^^^
  File "/home/airflow/.local/lib/python3.12/site-packages/airflow/cli/commands/task_command.py", line 256, in _run_task_by_selected_method
    return _run_raw_task(args, ti)
           ^^^^^^^^^^^^^^^^^^^^^^^
  File "/home/airflow/.local/lib/python3.12/site-packages/airflow/cli/commands/task_command.py", line 341, in _run_raw_task
    return ti._run_raw_task(
           ^^^^^^^^^^^^^^^^^
  File "/home/airflow/.local/lib/python3.12/site-packages/airflow/utils/session.py", line 97, in wrapper
    return func(*args, session=session, **kwargs)
           ^^^^^^^^^^^^^^^^^^^^^^^^^^^^^^^^^^^^^^
  File "/home/airflow/.local/lib/python3.12/site-packages/airflow/models/taskinstance.py", line 3004, in _run_raw_task
    return _run_raw_task(
           ^^^^^^^^^^^^^^
  File "/home/airflow/.local/lib/python3.12/site-packages/airflow/models/taskinstance.py", line 273, in _run_raw_task
    TaskInstance._execute_task_with_callbacks(
  File "/home/airflow/.local/lib/python3.12/site-packages/airflow/models/taskinstance.py", line 3158, in _execute_task_with_callbacks
    result = self._execute_task(context, task_orig)
             ^^^^^^^^^^^^^^^^^^^^^^^^^^^^^^^^^^^^^^
  File "/home/airflow/.local/lib/python3.12/site-packages/airflow/models/taskinstance.py", line 3182, in _execute_task
    return _execute_task(self, context, task_orig)
           ^^^^^^^^^^^^^^^^^^^^^^^^^^^^^^^^^^^^^^^
  File "/home/airflow/.local/lib/python3.12/site-packages/airflow/models/taskinstance.py", line 767, in _execute_task
    result = _execute_callable(context=context, **execute_callable_kwargs)
             ^^^^^^^^^^^^^^^^^^^^^^^^^^^^^^^^^^^^^^^^^^^^^^^^^^^^^^^^^^^^^
  File "/home/airflow/.local/lib/python3.12/site-packages/airflow/models/taskinstance.py", line 733, in _execute_callable
    return ExecutionCallableRunner(
           ^^^^^^^^^^^^^^^^^^^^^^^^
  File "/home/airflow/.local/lib/python3.12/site-packages/airflow/utils/operator_helpers.py", line 252, in run
    return self.func(*args, **kwargs)
           ^^^^^^^^^^^^^^^^^^^^^^^^^^
  File "/home/airflow/.local/lib/python3.12/site-packages/airflow/models/baseoperator.py", line 406, in wrapper
    return func(self, *args, **kwargs)
           ^^^^^^^^^^^^^^^^^^^^^^^^^^^
  File "/home/airflow/.local/lib/python3.12/site-packages/airflow/operators/bash.py", line 249, in execute
    raise AirflowException(
airflow.exceptions.AirflowException: Bash command failed. The command returned a non-zero exit code 1.
[2026-09-26T02:31:57.611+0000] {local_task_job_runner.py:266} INFO - Task exited with return code 1
[2026-09-26T02:31:57.618+0000] {taskinstance.py:3900} INFO - 0 downstream tasks scheduled from follow-on schedule check
[2026-09-26T02:31:57.619+0000] {local_task_job_runner.py:245} INFO - ::endgroup::
