[2026-09-26T02:51:47.672+0000] {local_task_job_runner.py:123} INFO - ::group::Pre task execution logs
[2026-09-26T02:51:47.679+0000] {taskinstance.py:2612} INFO - Dependencies all met for dep_context=non-requeueable deps ti=<TaskInstance: weather_etl.load__1 manual__2026-09-26T02:51:43.552433+00:00 [queued]>
[2026-09-26T02:51:47.685+0000] {taskinstance.py:2612} INFO - Dependencies all met for dep_context=requeueable deps ti=<TaskInstance: weather_etl.load__1 manual__2026-09-26T02:51:43.552433+00:00 [queued]>
[2026-09-26T02:51:47.685+0000] {taskinstance.py:2865} INFO - Starting attempt 1 of 1
[2026-09-26T02:51:47.690+0000] {taskinstance.py:2888} INFO - Executing <Task(_PythonDecoratedOperator): load__1> on 2026-09-26 02:51:43.552433+00:00
[2026-09-26T02:51:47.695+0000] {logging_mixin.py:190} WARNING - /home/***/.local/lib/python3.12/site-packages/***/task/task_runner/standard_task_runner.py:70 DeprecationWarning: This process (pid=10072) is multi-threaded, use of fork() may lead to deadlocks in the child.
[2026-09-26T02:51:47.695+0000] {standard_task_runner.py:72} INFO - Started process 10079 to run task
[2026-09-26T02:51:47.695+0000] {standard_task_runner.py:104} INFO - Running: ['***', 'tasks', 'run', 'weather_etl', 'load__1', 'manual__2026-09-26T02:51:43.552433+00:00', '--job-id', '93', '--raw', '--subdir', 'DAGS_FOLDER/weather_etl.py', '--cfg-path', '/tmp/tmpnb7jyi6g']
[2026-09-26T02:51:47.697+0000] {standard_task_runner.py:105} INFO - Job 93: Subtask load__1
[2026-09-26T02:51:47.716+0000] {task_command.py:467} INFO - Running <TaskInstance: weather_etl.load__1 manual__2026-09-26T02:51:43.552433+00:00 [running]> on host 10396b14c6e7
[2026-09-26T02:51:47.752+0000] {taskinstance.py:3131} INFO - Exporting env vars: AIRFLOW_CTX_DAG_OWNER='***' AIRFLOW_CTX_DAG_ID='weather_etl' AIRFLOW_CTX_TASK_ID='load__1' AIRFLOW_CTX_EXECUTION_DATE='2026-09-26T02:51:43.552433+00:00' AIRFLOW_CTX_TRY_NUMBER='1' AIRFLOW_CTX_DAG_RUN_ID='manual__2026-09-26T02:51:43.552433+00:00'
[2026-09-26T02:51:47.753+0000] {taskinstance.py:731} INFO - ::endgroup::
[2026-09-26T02:51:47.760+0000] {base.py:84} INFO - Retrieving connection 'snowflake_conn'
[2026-09-26T02:51:47.791+0000] {connection.py:413} INFO - Snowflake Connector for Python Version: 3.12.2, Python Version: 3.12.5, Platform: Linux-7.0.12-linuxkit-aarch64-with-glibc2.36
[2026-09-26T02:51:47.791+0000] {connection.py:1196} INFO - Connecting to GLOBAL Snowflake domain
[2026-09-26T02:51:47.792+0000] {connection.py:1277} INFO - This connection is in OCSP Fail Open Mode. TLS Certificates would be checked for validity and revocation status. Any other Certificate Revocation related exceptions or OCSP Responder failures would be disregarded in favor of connectivity.
[2026-09-26T02:51:48.637+0000] {cursor.py:1156} INFO - Number of results in first chunk: 1
[2026-09-26T02:51:48.853+0000] {cursor.py:1156} INFO - Number of results in first chunk: 1
[2026-09-26T02:52:24.368+0000] {cursor.py:1156} INFO - Number of results in first chunk: 1
[2026-09-26T02:52:24.371+0000] {python.py:240} INFO - Done. Returned value was: None
[2026-09-26T02:52:24.387+0000] {taskinstance.py:340} INFO - ::group::Post task execution logs
[2026-09-26T02:52:24.388+0000] {taskinstance.py:352} INFO - Marking task as SUCCESS. dag_id=weather_etl, task_id=load__1, run_id=manual__2026-09-26T02:51:43.552433+00:00, execution_date=20260926T025143, start_date=20260926T025147, end_date=20260926T025224
[2026-09-26T02:52:24.434+0000] {local_task_job_runner.py:266} INFO - Task exited with return code 0
[2026-09-26T02:52:24.453+0000] {taskinstance.py:3900} INFO - 1 downstream tasks scheduled from follow-on schedule check
[2026-09-26T02:52:24.455+0000] {local_task_job_runner.py:245} INFO - ::endgroup::
