[2026-09-25T21:00:17.298+0000] {local_task_job_runner.py:123} INFO - ::group::Pre task execution logs
[2026-09-25T21:00:17.305+0000] {taskinstance.py:2612} INFO - Dependencies all met for dep_context=non-requeueable deps ti=<TaskInstance: weather_etl.load__1 manual__2026-09-25T20:58:59.897452+00:00 [queued]>
[2026-09-25T21:00:17.310+0000] {taskinstance.py:2612} INFO - Dependencies all met for dep_context=requeueable deps ti=<TaskInstance: weather_etl.load__1 manual__2026-09-25T20:58:59.897452+00:00 [queued]>
[2026-09-25T21:00:17.310+0000] {taskinstance.py:2865} INFO - Starting attempt 2 of 2
[2026-09-25T21:00:17.316+0000] {taskinstance.py:2888} INFO - Executing <Task(_PythonDecoratedOperator): load__1> on 2026-09-25 20:58:59.897452+00:00
[2026-09-25T21:00:17.320+0000] {logging_mixin.py:190} WARNING - /home/***/.local/lib/python3.12/site-packages/***/task/task_runner/standard_task_runner.py:70 DeprecationWarning: This process (pid=801) is multi-threaded, use of fork() may lead to deadlocks in the child.
[2026-09-25T21:00:17.321+0000] {standard_task_runner.py:72} INFO - Started process 808 to run task
[2026-09-25T21:00:17.320+0000] {standard_task_runner.py:104} INFO - Running: ['***', 'tasks', 'run', 'weather_etl', 'load__1', 'manual__2026-09-25T20:58:59.897452+00:00', '--job-id', '34', '--raw', '--subdir', 'DAGS_FOLDER/weather_etl.py', '--cfg-path', '/tmp/tmpfbor1wvd']
[2026-09-25T21:00:17.322+0000] {standard_task_runner.py:105} INFO - Job 34: Subtask load__1
[2026-09-25T21:00:17.337+0000] {task_command.py:467} INFO - Running <TaskInstance: weather_etl.load__1 manual__2026-09-25T20:58:59.897452+00:00 [running]> on host b58b41d1b70a
[2026-09-25T21:00:17.370+0000] {taskinstance.py:3131} INFO - Exporting env vars: AIRFLOW_CTX_DAG_OWNER='***' AIRFLOW_CTX_DAG_ID='weather_etl' AIRFLOW_CTX_TASK_ID='load__1' AIRFLOW_CTX_EXECUTION_DATE='2026-09-25T20:58:59.897452+00:00' AIRFLOW_CTX_TRY_NUMBER='2' AIRFLOW_CTX_DAG_RUN_ID='manual__2026-09-25T20:58:59.897452+00:00'
[2026-09-25T21:00:17.371+0000] {taskinstance.py:731} INFO - ::endgroup::
[2026-09-25T21:00:17.376+0000] {base.py:84} INFO - Retrieving connection 'snowflake_conn'
[2026-09-25T21:00:17.407+0000] {connection.py:413} INFO - Snowflake Connector for Python Version: 3.12.2, Python Version: 3.12.5, Platform: Linux-7.0.12-linuxkit-aarch64-with-glibc2.36
[2026-09-25T21:00:17.408+0000] {connection.py:1196} INFO - Connecting to GLOBAL Snowflake domain
[2026-09-25T21:00:17.408+0000] {connection.py:1277} INFO - This connection is in OCSP Fail Open Mode. TLS Certificates would be checked for validity and revocation status. Any other Certificate Revocation related exceptions or OCSP Responder failures would be disregarded in favor of connectivity.
[2026-09-25T21:00:18.332+0000] {cursor.py:1156} INFO - Number of results in first chunk: 1
[2026-09-25T21:00:19.064+0000] {cursor.py:1156} INFO - Number of results in first chunk: 1
[2026-09-25T21:00:20.235+0000] {cursor.py:1156} INFO - Number of results in first chunk: 1
[2026-09-25T21:00:20.235+0000] {logging_mixin.py:190} INFO - not all arguments converted during string formatting
[2026-09-25T21:00:20.235+0000] {taskinstance.py:3310} ERROR - Task failed with exception
Traceback (most recent call last):
  File "/home/airflow/.local/lib/python3.12/site-packages/airflow/models/taskinstance.py", line 767, in _execute_task
    result = _execute_callable(context=context, **execute_callable_kwargs)
             ^^^^^^^^^^^^^^^^^^^^^^^^^^^^^^^^^^^^^^^^^^^^^^^^^^^^^^^^^^^^^
  File "/home/airflow/.local/lib/python3.12/site-packages/airflow/models/taskinstance.py", line 733, in _execute_callable
    return ExecutionCallableRunner(
           ^^^^^^^^^^^^^^^^^^^^^^^^
  File "/home/airflow/.local/lib/python3.12/site-packages/airflow/utils/operator_helpers.py", line 252, in run
    return self.func(*args, **kwargs)
           ^^^^^^^^^^^^^^^^^^^^^^^^^^
  File "/home/airflow/.local/lib/python3.12/site-packages/airflow/models/baseoperator.py", line 406, in wrapper
    return func(self, *args, **kwargs)
           ^^^^^^^^^^^^^^^^^^^^^^^^^^^
  File "/home/airflow/.local/lib/python3.12/site-packages/airflow/decorators/base.py", line 266, in execute
    return_value = super().execute(context)
                   ^^^^^^^^^^^^^^^^^^^^^^^^
  File "/home/airflow/.local/lib/python3.12/site-packages/airflow/models/baseoperator.py", line 406, in wrapper
    return func(self, *args, **kwargs)
           ^^^^^^^^^^^^^^^^^^^^^^^^^^^
  File "/home/airflow/.local/lib/python3.12/site-packages/airflow/operators/python.py", line 238, in execute
    return_value = self.execute_callable()
                   ^^^^^^^^^^^^^^^^^^^^^^^
  File "/home/airflow/.local/lib/python3.12/site-packages/airflow/operators/python.py", line 256, in execute_callable
    return runner.run(*self.op_args, **self.op_kwargs)
           ^^^^^^^^^^^^^^^^^^^^^^^^^^^^^^^^^^^^^^^^^^^
  File "/home/airflow/.local/lib/python3.12/site-packages/airflow/utils/operator_helpers.py", line 252, in run
    return self.func(*args, **kwargs)
           ^^^^^^^^^^^^^^^^^^^^^^^^^^
  File "/opt/airflow/dags/weather_etl.py", line 104, in load
    raise e
  File "/opt/airflow/dags/weather_etl.py", line 90, in load
    cur.execute(insert_sql, (
  File "/home/airflow/.local/lib/python3.12/site-packages/snowflake/connector/cursor.py", line 954, in execute
    query = self._preprocess_pyformat_query(command, params)
            ^^^^^^^^^^^^^^^^^^^^^^^^^^^^^^^^^^^^^^^^^^^^^^^^
  File "/home/airflow/.local/lib/python3.12/site-packages/snowflake/connector/cursor.py", line 782, in _preprocess_pyformat_query
    query = command % processed_params
            ~~~~~~~~^~~~~~~~~~~~~~~~~~
TypeError: not all arguments converted during string formatting
[2026-09-25T21:00:20.242+0000] {taskinstance.py:1225} INFO - Marking task as FAILED. dag_id=weather_etl, task_id=load__1, run_id=manual__2026-09-25T20:58:59.897452+00:00, execution_date=20260925T205859, start_date=20260925T210017, end_date=20260925T210020
[2026-09-25T21:00:20.249+0000] {taskinstance.py:340} INFO - ::group::Post task execution logs
[2026-09-25T21:00:20.249+0000] {standard_task_runner.py:124} ERROR - Failed to execute job 34 for task load__1 (not all arguments converted during string formatting; 808)
Traceback (most recent call last):
  File "/home/airflow/.local/lib/python3.12/site-packages/airflow/task/task_runner/standard_task_runner.py", line 117, in _start_by_fork
    ret = args.func(args, dag=self.dag)
          ^^^^^^^^^^^^^^^^^^^^^^^^^^^^^
  File "/home/airflow/.local/lib/python3.12/site-packages/airflow/cli/cli_config.py", line 49, in command
    return func(*args, **kwargs)
           ^^^^^^^^^^^^^^^^^^^^^
  File "/home/airflow/.local/lib/python3.12/site-packages/airflow/utils/cli.py", line 115, in wrapper
    return f(*args, **kwargs)
           ^^^^^^^^^^^^^^^^^^
  File "/home/airflow/.local/lib/python3.12/site-packages/airflow/cli/commands/task_command.py", line 483, in task_run
    task_return_code = _run_task_by_selected_method(args, _dag, ti)
                       ^^^^^^^^^^^^^^^^^^^^^^^^^^^^^^^^^^^^^^^^^^^^
  File "/home/airflow/.local/lib/python3.12/site-packages/airflow/cli/commands/task_command.py", line 256, in _run_task_by_selected_method
    return _run_raw_task(args, ti)
           ^^^^^^^^^^^^^^^^^^^^^^^
  File "/home/airflow/.local/lib/python3.12/site-packages/airflow/cli/commands/task_command.py", line 341, in _run_raw_task
    return ti._run_raw_task(
           ^^^^^^^^^^^^^^^^^
  File "/home/airflow/.local/lib/python3.12/site-packages/airflow/utils/session.py", line 97, in wrapper
    return func(*args, session=session, **kwargs)
           ^^^^^^^^^^^^^^^^^^^^^^^^^^^^^^^^^^^^^^
  File "/home/airflow/.local/lib/python3.12/site-packages/airflow/models/taskinstance.py", line 3004, in _run_raw_task
    return _run_raw_task(
           ^^^^^^^^^^^^^^
  File "/home/airflow/.local/lib/python3.12/site-packages/airflow/models/taskinstance.py", line 273, in _run_raw_task
    TaskInstance._execute_task_with_callbacks(
  File "/home/airflow/.local/lib/python3.12/site-packages/airflow/models/taskinstance.py", line 3158, in _execute_task_with_callbacks
    result = self._execute_task(context, task_orig)
             ^^^^^^^^^^^^^^^^^^^^^^^^^^^^^^^^^^^^^^
  File "/home/airflow/.local/lib/python3.12/site-packages/airflow/models/taskinstance.py", line 3182, in _execute_task
    return _execute_task(self, context, task_orig)
           ^^^^^^^^^^^^^^^^^^^^^^^^^^^^^^^^^^^^^^^
  File "/home/airflow/.local/lib/python3.12/site-packages/airflow/models/taskinstance.py", line 767, in _execute_task
    result = _execute_callable(context=context, **execute_callable_kwargs)
             ^^^^^^^^^^^^^^^^^^^^^^^^^^^^^^^^^^^^^^^^^^^^^^^^^^^^^^^^^^^^^
  File "/home/airflow/.local/lib/python3.12/site-packages/airflow/models/taskinstance.py", line 733, in _execute_callable
    return ExecutionCallableRunner(
           ^^^^^^^^^^^^^^^^^^^^^^^^
  File "/home/airflow/.local/lib/python3.12/site-packages/airflow/utils/operator_helpers.py", line 252, in run
    return self.func(*args, **kwargs)
           ^^^^^^^^^^^^^^^^^^^^^^^^^^
  File "/home/airflow/.local/lib/python3.12/site-packages/airflow/models/baseoperator.py", line 406, in wrapper
    return func(self, *args, **kwargs)
           ^^^^^^^^^^^^^^^^^^^^^^^^^^^
  File "/home/airflow/.local/lib/python3.12/site-packages/airflow/decorators/base.py", line 266, in execute
    return_value = super().execute(context)
                   ^^^^^^^^^^^^^^^^^^^^^^^^
  File "/home/airflow/.local/lib/python3.12/site-packages/airflow/models/baseoperator.py", line 406, in wrapper
    return func(self, *args, **kwargs)
           ^^^^^^^^^^^^^^^^^^^^^^^^^^^
  File "/home/airflow/.local/lib/python3.12/site-packages/airflow/operators/python.py", line 238, in execute
    return_value = self.execute_callable()
                   ^^^^^^^^^^^^^^^^^^^^^^^
  File "/home/airflow/.local/lib/python3.12/site-packages/airflow/operators/python.py", line 256, in execute_callable
    return runner.run(*self.op_args, **self.op_kwargs)
           ^^^^^^^^^^^^^^^^^^^^^^^^^^^^^^^^^^^^^^^^^^^
  File "/home/airflow/.local/lib/python3.12/site-packages/airflow/utils/operator_helpers.py", line 252, in run
    return self.func(*args, **kwargs)
           ^^^^^^^^^^^^^^^^^^^^^^^^^^
  File "/opt/airflow/dags/weather_etl.py", line 104, in load
    raise e
  File "/opt/airflow/dags/weather_etl.py", line 90, in load
    cur.execute(insert_sql, (
  File "/home/airflow/.local/lib/python3.12/site-packages/snowflake/connector/cursor.py", line 954, in execute
    query = self._preprocess_pyformat_query(command, params)
            ^^^^^^^^^^^^^^^^^^^^^^^^^^^^^^^^^^^^^^^^^^^^^^^^
  File "/home/airflow/.local/lib/python3.12/site-packages/snowflake/connector/cursor.py", line 782, in _preprocess_pyformat_query
    query = command % processed_params
            ~~~~~~~~^~~~~~~~~~~~~~~~~~
TypeError: not all arguments converted during string formatting
[2026-09-25T21:00:20.261+0000] {local_task_job_runner.py:266} INFO - Task exited with return code 1
[2026-09-25T21:00:20.272+0000] {local_task_job_runner.py:245} INFO - ::endgroup::
