[0m13:35:44.168370 [debug] [MainThread]: Sending event: {'category': 'dbt', 'action': 'invocation', 'label': 'start', 'context': [<snowplow_tracker.self_describing_json.SelfDescribingJson object at 0x104039d30>, <snowplow_tracker.self_describing_json.SelfDescribingJson object at 0x105916990>, <snowplow_tracker.self_describing_json.SelfDescribingJson object at 0x105916710>]}


============================== 13:35:44.170832 | cdd1470c-922b-488d-aad9-8758de0cbbed ==============================
[0m13:35:44.170832 [info ] [MainThread]: Running with dbt=1.12.5
[0m13:35:44.171086 [debug] [MainThread]: running dbt with arguments {'use_experimental_parser': 'False', 'log_path': 'logs', 'profiles_dir': '/Users/isabellashi/.dbt', 'indirect_selection': 'eager', 'warn_error_options': 'WarnErrorOptionsV2(error=[], warn=[], silence=[])', 'quiet': 'False', 'printer_width': '80', 'send_anonymous_usage_stats': 'True', 'target_path': 'None', 'introspect': 'True', 'debug': 'False', 'partial_parse': 'True', 'cache_selected_only': 'False', 'version_check': 'True', 'empty': 'None', 'invocation_command': 'dbt init weather_analytics', 'use_colors': 'True', 'log_format': 'default', 'warn_error': 'None', 'static_parser': 'True', 'log_cache_events': 'False', 'fail_fast': 'False', 'hints_enabled': 'True', 'maximum_seed_size_mib': '1', 'write_json': 'True', 'no_print': 'None'}
[0m13:35:44.180100 [debug] [MainThread]: Starter project path: /opt/miniconda3/envs/general/lib/python3.14/site-packages/dbt/include/starter_project
[0m13:35:44.182864 [info ] [MainThread]: Setting up your profile.
[0m13:35:52.300950 [debug] [MainThread]: Snowflake adapter: Setting snowflake.connector to ERROR (file logging only)
[0m13:35:52.301237 [debug] [MainThread]: Snowflake adapter: Setting botocore to ERROR (file logging only)
[0m13:35:52.301350 [debug] [MainThread]: Snowflake adapter: Setting boto3 to ERROR (file logging only)
[0m13:37:45.717922 [info ] [MainThread]: Profile weather_analytics written to /Users/isabellashi/.dbt/profiles.yml using target's profile_template.yml and your supplied values.
[0m13:37:45.727026 [info ] [MainThread]: Running dbt debug to validate the project...
[0m13:37:45.728429 [info ] [MainThread]: dbt version: 1.12.5
[0m13:37:45.728741 [info ] [MainThread]: python version: 3.14.4
[0m13:37:45.728984 [info ] [MainThread]: python path: /opt/miniconda3/envs/general/bin/python3.14
[0m13:37:45.729241 [info ] [MainThread]: os info: macOS-26.6.2-arm64-arm-64bit-Mach-O
[0m13:37:45.769198 [info ] [MainThread]: Using profiles dir at /Users/isabellashi/.dbt
[0m13:37:45.769491 [info ] [MainThread]: Using profiles.yml file at /Users/isabellashi/.dbt/profiles.yml
[0m13:37:45.769626 [info ] [MainThread]: Using dbt_project.yml file at /Users/isabellashi/Documents/SJSU/Fall 2026/DATA 226/data226-lab/dbt/weather_analytics/dbt_project.yml
[0m13:37:45.770324 [info ] [MainThread]: adapter type: snowflake
[0m13:37:45.770515 [info ] [MainThread]: adapter version: 1.12.1
[0m13:37:45.812892 [info ] [MainThread]: Configuration:
[0m13:37:45.813131 [info ] [MainThread]:   profiles.yml file [[32mOK found and valid[0m]
[0m13:37:45.813241 [info ] [MainThread]:   dbt_project.yml file [[32mOK found and valid[0m]
[0m13:37:45.813332 [info ] [MainThread]: Required dependencies:
[0m13:37:45.813558 [debug] [MainThread]: Executing "git --help"
[0m13:37:45.841399 [debug] [MainThread]: STDOUT: "b"usage: git [-v | --version] [-h | --help] [-C <path>] [-c <name>=<value>]\n           [--exec-path[=<path>]] [--html-path] [--man-path] [--info-path]\n           [-p | --paginate | -P | --no-pager] [--no-replace-objects] [--bare]\n           [--git-dir=<path>] [--work-tree=<path>] [--namespace=<name>]\n           [--super-prefix=<path>] [--config-env=<name>=<envvar>]\n           <command> [<args>]\n\nThese are common Git commands used in various situations:\n\nstart a working area (see also: git help tutorial)\n   clone     Clone a repository into a new directory\n   init      Create an empty Git repository or reinitialize an existing one\n\nwork on the current change (see also: git help everyday)\n   add       Add file contents to the index\n   mv        Move or rename a file, a directory, or a symlink\n   restore   Restore working tree files\n   rm        Remove files from the working tree and from the index\n\nexamine the history and state (see also: git help revisions)\n   bisect    Use binary search to find the commit that introduced a bug\n   diff      Show changes between commits, commit and working tree, etc\n   grep      Print lines matching a pattern\n   log       Show commit logs\n   show      Show various types of objects\n   status    Show the working tree status\n\ngrow, mark and tweak your common history\n   branch    List, create, or delete branches\n   commit    Record changes to the repository\n   merge     Join two or more development histories together\n   rebase    Reapply commits on top of another base tip\n   reset     Reset current HEAD to the specified state\n   switch    Switch branches\n   tag       Create, list, delete or verify a tag object signed with GPG\n\ncollaborate (see also: git help workflows)\n   fetch     Download objects and refs from another repository\n   pull      Fetch from and integrate with another repository or a local branch\n   push      Update remote refs along with associated objects\n\n'git help -a' and 'git help -g' list available subcommands and some\nconcept guides. See 'git help <command>' or 'git help <concept>'\nto read about a specific subcommand or concept.\nSee 'git help git' for an overview of the system.\n""
[0m13:37:45.841912 [debug] [MainThread]: STDERR: "b''"
[0m13:37:45.842069 [info ] [MainThread]:  - git [[32mOK found[0m]

[0m13:37:45.842197 [info ] [MainThread]: Connection:
[0m13:37:45.842337 [info ] [MainThread]:   account: TMNDLHN-TN57981
[0m13:37:45.842438 [info ] [MainThread]:   user: isabellashi
[0m13:37:45.842525 [info ] [MainThread]:   database: DATA226_DB
[0m13:37:45.842614 [info ] [MainThread]:   warehouse: DATA226_WH
[0m13:37:45.842697 [info ] [MainThread]:   role: ACCOUNTADMIN
[0m13:37:45.842784 [info ] [MainThread]:   schema: raw
[0m13:37:45.842868 [info ] [MainThread]:   authenticator: None
[0m13:37:45.842955 [info ] [MainThread]:   oauth_client_id: None
[0m13:37:45.843037 [info ] [MainThread]:   query_tag: None
[0m13:37:45.843128 [info ] [MainThread]:   client_session_keep_alive: False
[0m13:37:45.843214 [info ] [MainThread]:   host: None
[0m13:37:45.843295 [info ] [MainThread]:   port: None
[0m13:37:45.843378 [info ] [MainThread]:   proxy_host: None
[0m13:37:45.843459 [info ] [MainThread]:   proxy_port: None
[0m13:37:45.843542 [info ] [MainThread]:   protocol: None
[0m13:37:45.843624 [info ] [MainThread]:   connect_retries: 1
[0m13:37:45.843706 [info ] [MainThread]:   connect_timeout: None
[0m13:37:45.843790 [info ] [MainThread]:   retry_on_database_errors: False
[0m13:37:45.843871 [info ] [MainThread]:   retry_all: False
[0m13:37:45.843955 [info ] [MainThread]:   insecure_mode: False
[0m13:37:45.844033 [info ] [MainThread]:   reuse_connections: True
[0m13:37:45.844117 [info ] [MainThread]:   s3_stage_vpce_dns_name: None
[0m13:37:45.844197 [info ] [MainThread]:   workload_identity_provider: None
[0m13:37:45.844281 [info ] [MainThread]:   workload_identity_entra_resource: None
[0m13:37:45.844368 [info ] [MainThread]:   platform_detection_timeout_seconds: 0.0
[0m13:37:45.844751 [info ] [MainThread]: Registered adapter: snowflake=1.12.1
[0m13:37:45.925691 [debug] [MainThread]: Acquiring new snowflake connection 'debug'
[0m13:37:45.927369 [debug] [MainThread]: Using snowflake connection "debug"
[0m13:37:45.927505 [debug] [MainThread]: On debug: select 1 as id
[0m13:37:45.927608 [debug] [MainThread]: Opening a new connection, currently in state init
[0m13:37:47.195330 [debug] [MainThread]: SQL status: SUCCESS 1 in 1.268 seconds
[0m13:37:47.196071 [info ] [MainThread]:   Connection test: [[32mOK connection ok[0m]

[0m13:37:47.196290 [info ] [MainThread]: [32mAll checks passed![0m
[0m13:37:47.196682 [info ] [MainThread]: Your new dbt project "weather_analytics" was created!
Initialized new project in /Users/isabellashi/Documents/SJSU/Fall 2026/DATA 226/data226-lab/dbt/weather_analytics/weather_analytics

For more information on how to configure the profiles.yml file,
please consult the dbt documentation here:

  https://docs.getdbt.com/docs/configure-your-profile

One more thing:

Need help? Don't hesitate to reach out to us via GitHub issues or on Slack:

  https://community.getdbt.com/

Happy modeling!

[0m13:37:47.202201 [debug] [MainThread]: Resource report: {"command_name": "init", "command_success": true, "command_wall_clock_time": 123.08007, "process_in_blocks": "0", "process_kernel_time": 1.165654, "process_mem_max_rss": "207290368", "process_out_blocks": "0", "process_user_time": 1.98718}
[0m13:37:47.202685 [debug] [MainThread]: Command `dbt init` succeeded at 13:37:47.202597 after 123.08 seconds
[0m13:37:47.202913 [debug] [MainThread]: Connection 'debug' was left open.
[0m13:37:47.203056 [debug] [MainThread]: On debug: Close
[0m13:37:47.661311 [debug] [MainThread]: Sending event: {'category': 'dbt', 'action': 'invocation', 'label': 'end', 'context': [<snowplow_tracker.self_describing_json.SelfDescribingJson object at 0x105990770>, <snowplow_tracker.self_describing_json.SelfDescribingJson object at 0x1026c39b0>, <snowplow_tracker.self_describing_json.SelfDescribingJson object at 0x127d556a0>]}
[0m13:37:47.662141 [debug] [MainThread]: Flushing usage events
[0m13:37:48.046484 [debug] [MainThread]: An error was encountered while trying to flush usage events
