[2026-09-26T02:54:37.606+0000] {local_task_job_runner.py:123} INFO - ::group::Pre task execution logs
[2026-09-26T02:54:37.612+0000] {taskinstance.py:2612} INFO - Dependencies all met for dep_context=non-requeueable deps ti=<TaskInstance: dbt_weather_analytics.dbt_run manual__2026-09-26T02:54:36.527906+00:00 [queued]>
[2026-09-26T02:54:37.615+0000] {taskinstance.py:2612} INFO - Dependencies all met for dep_context=requeueable deps ti=<TaskInstance: dbt_weather_analytics.dbt_run manual__2026-09-26T02:54:36.527906+00:00 [queued]>
[2026-09-26T02:54:37.615+0000] {taskinstance.py:2865} INFO - Starting attempt 1 of 1
[2026-09-26T02:54:37.619+0000] {taskinstance.py:2888} INFO - Executing <Task(BashOperator): dbt_run> on 2026-09-26 02:54:36.527906+00:00
[2026-09-26T02:54:37.624+0000] {logging_mixin.py:190} WARNING - /home/***/.local/lib/python3.12/site-packages/***/task/task_runner/standard_task_runner.py:70 DeprecationWarning: This process (pid=10276) is multi-threaded, use of fork() may lead to deadlocks in the child.
[2026-09-26T02:54:37.625+0000] {standard_task_runner.py:72} INFO - Started process 10277 to run task
[2026-09-26T02:54:37.624+0000] {standard_task_runner.py:104} INFO - Running: ['***', 'tasks', 'run', 'dbt_weather_analytics', 'dbt_run', 'manual__2026-09-26T02:54:36.527906+00:00', '--job-id', '105', '--raw', '--subdir', 'DAGS_FOLDER/build_elt_with_dbt.py', '--cfg-path', '/tmp/tmpoogvuax8']
[2026-09-26T02:54:37.626+0000] {standard_task_runner.py:105} INFO - Job 105: Subtask dbt_run
[2026-09-26T02:54:37.645+0000] {task_command.py:467} INFO - Running <TaskInstance: dbt_weather_analytics.dbt_run manual__2026-09-26T02:54:36.527906+00:00 [running]> on host 10396b14c6e7
[2026-09-26T02:54:37.681+0000] {taskinstance.py:3131} INFO - Exporting env vars: AIRFLOW_CTX_DAG_OWNER='***' AIRFLOW_CTX_DAG_ID='dbt_weather_analytics' AIRFLOW_CTX_TASK_ID='dbt_run' AIRFLOW_CTX_EXECUTION_DATE='2026-09-26T02:54:36.527906+00:00' AIRFLOW_CTX_TRY_NUMBER='1' AIRFLOW_CTX_DAG_RUN_ID='manual__2026-09-26T02:54:36.527906+00:00'
[2026-09-26T02:54:37.681+0000] {taskinstance.py:731} INFO - ::endgroup::
[2026-09-26T02:54:37.689+0000] {subprocess.py:63} INFO - Tmp dir root location: /tmp
[2026-09-26T02:54:37.690+0000] {subprocess.py:75} INFO - Running command: ['/usr/bin/bash', '-c', '/home/***/.local/bin/dbt run --profiles-dir /opt/***/dbt/weather_analytics --project-dir /opt/***/dbt/weather_analytics']
[2026-09-26T02:54:37.694+0000] {subprocess.py:86} INFO - Output:
[2026-09-26T02:54:38.615+0000] {subprocess.py:93} INFO - [0m02:54:38  Running with dbt=1.8.7
[2026-09-26T02:54:39.030+0000] {subprocess.py:93} INFO - [0m02:54:39  Registered adapter: snowflake=1.8.1
[2026-09-26T02:54:39.299+0000] {subprocess.py:93} INFO - [0m02:54:39  Found 2 models, 3 data tests, 1 snapshot, 454 macros
[2026-09-26T02:54:39.300+0000] {subprocess.py:93} INFO - [0m02:54:39
[2026-09-26T02:54:42.161+0000] {subprocess.py:93} INFO - [0m02:54:42  Concurrency: 1 threads (target='dev')
[2026-09-26T02:54:42.165+0000] {subprocess.py:93} INFO - [0m02:54:42
[2026-09-26T02:54:42.189+0000] {subprocess.py:93} INFO - [0m02:54:42  1 of 1 START sql table model analytics.weather_metrics ......................... [RUN]
[2026-09-26T02:54:44.043+0000] {subprocess.py:93} INFO - [0m02:54:44  1 of 1 OK created sql table model analytics.weather_metrics .................... [[32mSUCCESS 1[0m in 1.85s]
[2026-09-26T02:54:44.050+0000] {subprocess.py:93} INFO - [0m02:54:44
[2026-09-26T02:54:44.051+0000] {subprocess.py:93} INFO - [0m02:54:44  Finished running 1 table model in 0 hours 0 minutes and 4.75 seconds (4.75s).
[2026-09-26T02:54:44.084+0000] {subprocess.py:93} INFO - [0m02:54:44
[2026-09-26T02:54:44.084+0000] {subprocess.py:93} INFO - [0m02:54:44  [32mCompleted successfully[0m
[2026-09-26T02:54:44.085+0000] {subprocess.py:93} INFO - [0m02:54:44
[2026-09-26T02:54:44.085+0000] {subprocess.py:93} INFO - [0m02:54:44  Done. PASS=1 WARN=0 ERROR=0 SKIP=0 TOTAL=1
[2026-09-26T02:54:44.761+0000] {subprocess.py:97} INFO - Command exited with return code 0
[2026-09-26T02:54:44.784+0000] {taskinstance.py:340} INFO - ::group::Post task execution logs
[2026-09-26T02:54:44.785+0000] {taskinstance.py:352} INFO - Marking task as SUCCESS. dag_id=dbt_weather_analytics, task_id=dbt_run, run_id=manual__2026-09-26T02:54:36.527906+00:00, execution_date=20260926T025436, start_date=20260926T025437, end_date=20260926T025444
[2026-09-26T02:54:44.833+0000] {local_task_job_runner.py:266} INFO - Task exited with return code 0
[2026-09-26T02:54:44.846+0000] {taskinstance.py:3900} INFO - 1 downstream tasks scheduled from follow-on schedule check
[2026-09-26T02:54:44.847+0000] {local_task_job_runner.py:245} INFO - ::endgroup::
