[2026-09-25T22:25:44.472+0000] {local_task_job_runner.py:123} INFO - ::group::Pre task execution logs
[2026-09-25T22:25:44.479+0000] {taskinstance.py:2612} INFO - Dependencies all met for dep_context=non-requeueable deps ti=<TaskInstance: dbt_weather_analytics.dbt_snapshot manual__2026-09-25T22:20:43.763037+00:00 [queued]>
[2026-09-25T22:25:44.485+0000] {taskinstance.py:2612} INFO - Dependencies all met for dep_context=requeueable deps ti=<TaskInstance: dbt_weather_analytics.dbt_snapshot manual__2026-09-25T22:20:43.763037+00:00 [queued]>
[2026-09-25T22:25:44.485+0000] {taskinstance.py:2865} INFO - Starting attempt 2 of 2
[2026-09-25T22:25:44.490+0000] {taskinstance.py:2888} INFO - Executing <Task(BashOperator): dbt_snapshot> on 2026-09-25 22:20:43.763037+00:00
[2026-09-25T22:25:44.495+0000] {standard_task_runner.py:104} INFO - Running: ['***', 'tasks', 'run', 'dbt_weather_analytics', 'dbt_snapshot', 'manual__2026-09-25T22:20:43.763037+00:00', '--job-id', '46', '--raw', '--subdir', 'DAGS_FOLDER/build_elt_with_dbt.py', '--cfg-path', '/tmp/tmp_i8gr1fa']
[2026-09-25T22:25:44.497+0000] {standard_task_runner.py:105} INFO - Job 46: Subtask dbt_snapshot
[2026-09-25T22:25:44.497+0000] {logging_mixin.py:190} WARNING - /home/***/.local/lib/python3.12/site-packages/***/task/task_runner/standard_task_runner.py:70 DeprecationWarning: This process (pid=1084) is multi-threaded, use of fork() may lead to deadlocks in the child.
[2026-09-25T22:25:44.500+0000] {standard_task_runner.py:72} INFO - Started process 1085 to run task
[2026-09-25T22:25:44.543+0000] {task_command.py:467} INFO - Running <TaskInstance: dbt_weather_analytics.dbt_snapshot manual__2026-09-25T22:20:43.763037+00:00 [running]> on host 10396b14c6e7
[2026-09-25T22:25:44.578+0000] {taskinstance.py:3131} INFO - Exporting env vars: AIRFLOW_CTX_DAG_OWNER='***' AIRFLOW_CTX_DAG_ID='dbt_weather_analytics' AIRFLOW_CTX_TASK_ID='dbt_snapshot' AIRFLOW_CTX_EXECUTION_DATE='2026-09-25T22:20:43.763037+00:00' AIRFLOW_CTX_TRY_NUMBER='2' AIRFLOW_CTX_DAG_RUN_ID='manual__2026-09-25T22:20:43.763037+00:00'
[2026-09-25T22:25:44.578+0000] {taskinstance.py:731} INFO - ::endgroup::
[2026-09-25T22:25:44.593+0000] {subprocess.py:63} INFO - Tmp dir root location: /tmp
[2026-09-25T22:25:44.594+0000] {subprocess.py:75} INFO - Running command: ['/usr/bin/bash', '-c', '/home/***/.local/bin/dbt snapshot --profiles-dir /opt/***/dbt/weather_analytics --project-dir /opt/***/dbt/weather_analytics']
[2026-09-25T22:25:44.599+0000] {subprocess.py:86} INFO - Output:
[2026-09-25T22:25:45.548+0000] {subprocess.py:93} INFO - [0m22:25:45  Running with dbt=1.8.7
[2026-09-25T22:25:46.049+0000] {subprocess.py:93} INFO - [0m22:25:46  Registered adapter: snowflake=1.8.1
[2026-09-25T22:25:46.055+0000] {subprocess.py:93} INFO - [0m22:25:46  Unable to do partial parsing because saved manifest not found. Starting full parse.
[2026-09-25T22:25:46.741+0000] {subprocess.py:93} INFO - [0m22:25:46  Found 2 models, 1 snapshot, 3 data tests, 454 macros
[2026-09-25T22:25:46.743+0000] {subprocess.py:93} INFO - [0m22:25:46
[2026-09-25T22:25:51.394+0000] {subprocess.py:93} INFO - [0m22:25:51  Concurrency: 1 threads (target='dev')
[2026-09-25T22:25:51.396+0000] {subprocess.py:93} INFO - [0m22:25:51
[2026-09-25T22:25:51.410+0000] {subprocess.py:93} INFO - [0m22:25:51  1 of 1 START snapshot snapshot.snapshot_weather_metrics ........................ [RUN]
[2026-09-25T22:25:55.786+0000] {subprocess.py:93} INFO - [0m22:25:55  1 of 1 ERROR snapshotting snapshot.snapshot_weather_metrics .................... [[31mERROR[0m in 4.37s]
[2026-09-25T22:25:55.789+0000] {subprocess.py:93} INFO - [0m22:25:55
[2026-09-25T22:25:55.789+0000] {subprocess.py:93} INFO - [0m22:25:55  Finished running 1 snapshot in 0 hours 0 minutes and 9.05 seconds (9.05s).
[2026-09-25T22:25:55.811+0000] {subprocess.py:93} INFO - [0m22:25:55
[2026-09-25T22:25:55.811+0000] {subprocess.py:93} INFO - [0m22:25:55  [31mCompleted with 1 error and 0 warnings:[0m
[2026-09-25T22:25:55.811+0000] {subprocess.py:93} INFO - [0m22:25:55
[2026-09-25T22:25:55.812+0000] {subprocess.py:93} INFO - [0m22:25:55    Database Error in snapshot snapshot_weather_metrics (snapshots/snapshot_weather_metrics.sql)
[2026-09-25T22:25:55.812+0000] {subprocess.py:93} INFO -   100090 (42P18): Duplicate row detected during DML action
[2026-09-25T22:25:55.812+0000] {subprocess.py:93} INFO -   Row Values: [redacted]
[2026-09-25T22:25:55.812+0000] {subprocess.py:93} INFO -   compiled code at target/run/weather_analytics/snapshots/snapshot_weather_metrics.sql
[2026-09-25T22:25:55.812+0000] {subprocess.py:93} INFO - [0m22:25:55
[2026-09-25T22:25:55.812+0000] {subprocess.py:93} INFO - [0m22:25:55  Done. PASS=0 WARN=0 ERROR=1 SKIP=0 TOTAL=1
[2026-09-25T22:25:56.532+0000] {subprocess.py:97} INFO - Command exited with return code 1
[2026-09-25T22:25:56.539+0000] {taskinstance.py:3310} ERROR - Task failed with exception
Traceback (most recent call last):
  File "/home/airflow/.local/lib/python3.12/site-packages/airflow/models/taskinstance.py", line 767, in _execute_task
    result = _execute_callable(context=context, **execute_callable_kwargs)
             ^^^^^^^^^^^^^^^^^^^^^^^^^^^^^^^^^^^^^^^^^^^^^^^^^^^^^^^^^^^^^
  File "/home/airflow/.local/lib/python3.12/site-packages/airflow/models/taskinstance.py", line 733, in _execute_callable
    return ExecutionCallableRunner(
           ^^^^^^^^^^^^^^^^^^^^^^^^
  File "/home/airflow/.local/lib/python3.12/site-packages/airflow/utils/operator_helpers.py", line 252, in run
    return self.func(*args, **kwargs)
           ^^^^^^^^^^^^^^^^^^^^^^^^^^
  File "/home/airflow/.local/lib/python3.12/site-packages/airflow/models/baseoperator.py", line 406, in wrapper
    return func(self, *args, **kwargs)
           ^^^^^^^^^^^^^^^^^^^^^^^^^^^
  File "/home/airflow/.local/lib/python3.12/site-packages/airflow/operators/bash.py", line 249, in execute
    raise AirflowException(
airflow.exceptions.AirflowException: Bash command failed. The command returned a non-zero exit code 1.
[2026-09-25T22:25:56.541+0000] {taskinstance.py:1225} INFO - Marking task as FAILED. dag_id=dbt_weather_analytics, task_id=dbt_snapshot, run_id=manual__2026-09-25T22:20:43.763037+00:00, execution_date=20260925T222043, start_date=20260925T222544, end_date=20260925T222556
[2026-09-25T22:25:56.547+0000] {taskinstance.py:340} INFO - ::group::Post task execution logs
[2026-09-25T22:25:56.547+0000] {standard_task_runner.py:124} ERROR - Failed to execute job 46 for task dbt_snapshot (Bash command failed. The command returned a non-zero exit code 1.; 1085)
Traceback (most recent call last):
  File "/home/airflow/.local/lib/python3.12/site-packages/airflow/task/task_runner/standard_task_runner.py", line 117, in _start_by_fork
    ret = args.func(args, dag=self.dag)
          ^^^^^^^^^^^^^^^^^^^^^^^^^^^^^
  File "/home/airflow/.local/lib/python3.12/site-packages/airflow/cli/cli_config.py", line 49, in command
    return func(*args, **kwargs)
           ^^^^^^^^^^^^^^^^^^^^^
  File "/home/airflow/.local/lib/python3.12/site-packages/airflow/utils/cli.py", line 115, in wrapper
    return f(*args, **kwargs)
           ^^^^^^^^^^^^^^^^^^
  File "/home/airflow/.local/lib/python3.12/site-packages/airflow/cli/commands/task_command.py", line 483, in task_run
    task_return_code = _run_task_by_selected_method(args, _dag, ti)
                       ^^^^^^^^^^^^^^^^^^^^^^^^^^^^^^^^^^^^^^^^^^^^
  File "/home/airflow/.local/lib/python3.12/site-packages/airflow/cli/commands/task_command.py", line 256, in _run_task_by_selected_method
    return _run_raw_task(args, ti)
           ^^^^^^^^^^^^^^^^^^^^^^^
  File "/home/airflow/.local/lib/python3.12/site-packages/airflow/cli/commands/task_command.py", line 341, in _run_raw_task
    return ti._run_raw_task(
           ^^^^^^^^^^^^^^^^^
  File "/home/airflow/.local/lib/python3.12/site-packages/airflow/utils/session.py", line 97, in wrapper
    return func(*args, session=session, **kwargs)
           ^^^^^^^^^^^^^^^^^^^^^^^^^^^^^^^^^^^^^^
  File "/home/airflow/.local/lib/python3.12/site-packages/airflow/models/taskinstance.py", line 3004, in _run_raw_task
    return _run_raw_task(
           ^^^^^^^^^^^^^^
  File "/home/airflow/.local/lib/python3.12/site-packages/airflow/models/taskinstance.py", line 273, in _run_raw_task
    TaskInstance._execute_task_with_callbacks(
  File "/home/airflow/.local/lib/python3.12/site-packages/airflow/models/taskinstance.py", line 3158, in _execute_task_with_callbacks
    result = self._execute_task(context, task_orig)
             ^^^^^^^^^^^^^^^^^^^^^^^^^^^^^^^^^^^^^^
  File "/home/airflow/.local/lib/python3.12/site-packages/airflow/models/taskinstance.py", line 3182, in _execute_task
    return _execute_task(self, context, task_orig)
           ^^^^^^^^^^^^^^^^^^^^^^^^^^^^^^^^^^^^^^^
  File "/home/airflow/.local/lib/python3.12/site-packages/airflow/models/taskinstance.py", line 767, in _execute_task
    result = _execute_callable(context=context, **execute_callable_kwargs)
             ^^^^^^^^^^^^^^^^^^^^^^^^^^^^^^^^^^^^^^^^^^^^^^^^^^^^^^^^^^^^^
  File "/home/airflow/.local/lib/python3.12/site-packages/airflow/models/taskinstance.py", line 733, in _execute_callable
    return ExecutionCallableRunner(
           ^^^^^^^^^^^^^^^^^^^^^^^^
  File "/home/airflow/.local/lib/python3.12/site-packages/airflow/utils/operator_helpers.py", line 252, in run
    return self.func(*args, **kwargs)
           ^^^^^^^^^^^^^^^^^^^^^^^^^^
  File "/home/airflow/.local/lib/python3.12/site-packages/airflow/models/baseoperator.py", line 406, in wrapper
    return func(self, *args, **kwargs)
           ^^^^^^^^^^^^^^^^^^^^^^^^^^^
  File "/home/airflow/.local/lib/python3.12/site-packages/airflow/operators/bash.py", line 249, in execute
    raise AirflowException(
airflow.exceptions.AirflowException: Bash command failed. The command returned a non-zero exit code 1.
[2026-09-25T22:25:56.596+0000] {local_task_job_runner.py:266} INFO - Task exited with return code 1
[2026-09-25T22:25:56.602+0000] {taskinstance.py:3900} INFO - 0 downstream tasks scheduled from follow-on schedule check
[2026-09-25T22:25:56.603+0000] {local_task_job_runner.py:245} INFO - ::endgroup::
