[2026-09-25T22:22:30.836+0000] {local_task_job_runner.py:123} INFO - ::group::Pre task execution logs
[2026-09-25T22:22:30.848+0000] {taskinstance.py:2612} INFO - Dependencies all met for dep_context=non-requeueable deps ti=<TaskInstance: dbt_weather_analytics.dbt_snapshot manual__2026-09-25T22:20:43.763037+00:00 [queued]>
[2026-09-25T22:22:30.855+0000] {taskinstance.py:2612} INFO - Dependencies all met for dep_context=requeueable deps ti=<TaskInstance: dbt_weather_analytics.dbt_snapshot manual__2026-09-25T22:20:43.763037+00:00 [queued]>
[2026-09-25T22:22:30.857+0000] {taskinstance.py:2865} INFO - Starting attempt 1 of 1
[2026-09-25T22:22:30.864+0000] {taskinstance.py:2888} INFO - Executing <Task(BashOperator): dbt_snapshot> on 2026-09-25 22:20:43.763037+00:00
[2026-09-25T22:22:30.872+0000] {standard_task_runner.py:104} INFO - Running: ['***', 'tasks', 'run', 'dbt_weather_analytics', 'dbt_snapshot', 'manual__2026-09-25T22:20:43.763037+00:00', '--job-id', '45', '--raw', '--subdir', 'DAGS_FOLDER/build_elt_with_dbt.py', '--cfg-path', '/tmp/tmpx67duv8q']
[2026-09-25T22:22:30.874+0000] {standard_task_runner.py:105} INFO - Job 45: Subtask dbt_snapshot
[2026-09-25T22:22:30.874+0000] {logging_mixin.py:190} WARNING - /home/***/.local/lib/python3.12/site-packages/***/task/task_runner/standard_task_runner.py:70 DeprecationWarning: This process (pid=962) is multi-threaded, use of fork() may lead to deadlocks in the child.
[2026-09-25T22:22:30.876+0000] {standard_task_runner.py:72} INFO - Started process 963 to run task
[2026-09-25T22:22:30.903+0000] {task_command.py:467} INFO - Running <TaskInstance: dbt_weather_analytics.dbt_snapshot manual__2026-09-25T22:20:43.763037+00:00 [running]> on host 10396b14c6e7
[2026-09-25T22:22:30.939+0000] {taskinstance.py:3131} INFO - Exporting env vars: AIRFLOW_CTX_DAG_OWNER='***' AIRFLOW_CTX_DAG_ID='dbt_weather_analytics' AIRFLOW_CTX_TASK_ID='dbt_snapshot' AIRFLOW_CTX_EXECUTION_DATE='2026-09-25T22:20:43.763037+00:00' AIRFLOW_CTX_TRY_NUMBER='1' AIRFLOW_CTX_DAG_RUN_ID='manual__2026-09-25T22:20:43.763037+00:00'
[2026-09-25T22:22:30.940+0000] {taskinstance.py:731} INFO - ::endgroup::
[2026-09-25T22:22:30.948+0000] {subprocess.py:63} INFO - Tmp dir root location: /tmp
[2026-09-25T22:22:30.949+0000] {subprocess.py:75} INFO - Running command: ['/usr/bin/bash', '-c', '/home/***/.local/bin/dbt snapshot --profiles-dir /opt/***/dbt/weather_analytics --project-dir /opt/***/dbt/weather_analytics']
[2026-09-25T22:22:30.954+0000] {subprocess.py:86} INFO - Output:
[2026-09-25T22:22:31.869+0000] {subprocess.py:93} INFO - [0m22:22:31  Running with dbt=1.8.7
[2026-09-25T22:22:32.398+0000] {subprocess.py:93} INFO - [0m22:22:32  Registered adapter: snowflake=1.8.1
[2026-09-25T22:22:32.628+0000] {subprocess.py:93} INFO - [0m22:22:32  Found 2 models, 1 snapshot, 3 data tests, 454 macros
[2026-09-25T22:22:32.629+0000] {subprocess.py:93} INFO - [0m22:22:32
[2026-09-25T22:22:35.528+0000] {subprocess.py:93} INFO - [0m22:22:35  Concurrency: 1 threads (target='dev')
[2026-09-25T22:22:35.530+0000] {subprocess.py:93} INFO - [0m22:22:35
[2026-09-25T22:22:35.545+0000] {subprocess.py:93} INFO - [0m22:22:35  1 of 1 START snapshot snapshot.snapshot_weather_metrics ........................ [RUN]
[2026-09-25T22:22:40.188+0000] {subprocess.py:93} INFO - [0m22:22:40  [31mUnhandled error while executing target/run/weather_analytics/snapshots/snapshot_weather_metrics.sql[0m
[2026-09-25T22:22:40.197+0000] {subprocess.py:93} INFO - [Errno 21] Is a directory: '/opt/***/dbt/weather_analytics/target/run/weather_analytics/snapshots/snapshot_weather_metrics.sql'
[2026-09-25T22:22:40.210+0000] {subprocess.py:93} INFO - [0m22:22:40  1 of 1 ERROR snapshotting snapshot.snapshot_weather_metrics .................... [[31mERROR[0m in 4.66s]
[2026-09-25T22:22:40.216+0000] {subprocess.py:93} INFO - [0m22:22:40
[2026-09-25T22:22:40.216+0000] {subprocess.py:93} INFO - [0m22:22:40  Finished running 1 snapshot in 0 hours 0 minutes and 7.59 seconds (7.59s).
[2026-09-25T22:22:40.249+0000] {subprocess.py:93} INFO - [0m22:22:40
[2026-09-25T22:22:40.250+0000] {subprocess.py:93} INFO - [0m22:22:40  [31mCompleted with 1 error and 0 warnings:[0m
[2026-09-25T22:22:40.250+0000] {subprocess.py:93} INFO - [0m22:22:40
[2026-09-25T22:22:40.251+0000] {subprocess.py:93} INFO - [0m22:22:40    [Errno 21] Is a directory: '/opt/***/dbt/weather_analytics/target/run/weather_analytics/snapshots/snapshot_weather_metrics.sql'
[2026-09-25T22:22:40.251+0000] {subprocess.py:93} INFO - [0m22:22:40
[2026-09-25T22:22:40.251+0000] {subprocess.py:93} INFO - [0m22:22:40  Done. PASS=0 WARN=0 ERROR=1 SKIP=0 TOTAL=1
[2026-09-25T22:22:40.931+0000] {subprocess.py:97} INFO - Command exited with return code 1
[2026-09-25T22:22:40.954+0000] {taskinstance.py:3310} ERROR - Task failed with exception
Traceback (most recent call last):
  File "/home/airflow/.local/lib/python3.12/site-packages/airflow/models/taskinstance.py", line 767, in _execute_task
    result = _execute_callable(context=context, **execute_callable_kwargs)
             ^^^^^^^^^^^^^^^^^^^^^^^^^^^^^^^^^^^^^^^^^^^^^^^^^^^^^^^^^^^^^
  File "/home/airflow/.local/lib/python3.12/site-packages/airflow/models/taskinstance.py", line 733, in _execute_callable
    return ExecutionCallableRunner(
           ^^^^^^^^^^^^^^^^^^^^^^^^
  File "/home/airflow/.local/lib/python3.12/site-packages/airflow/utils/operator_helpers.py", line 252, in run
    return self.func(*args, **kwargs)
           ^^^^^^^^^^^^^^^^^^^^^^^^^^
  File "/home/airflow/.local/lib/python3.12/site-packages/airflow/models/baseoperator.py", line 406, in wrapper
    return func(self, *args, **kwargs)
           ^^^^^^^^^^^^^^^^^^^^^^^^^^^
  File "/home/airflow/.local/lib/python3.12/site-packages/airflow/operators/bash.py", line 249, in execute
    raise AirflowException(
airflow.exceptions.AirflowException: Bash command failed. The command returned a non-zero exit code 1.
[2026-09-25T22:22:40.962+0000] {taskinstance.py:1225} INFO - Marking task as FAILED. dag_id=dbt_weather_analytics, task_id=dbt_snapshot, run_id=manual__2026-09-25T22:20:43.763037+00:00, execution_date=20260925T222043, start_date=20260925T222230, end_date=20260925T222240
[2026-09-25T22:22:40.972+0000] {taskinstance.py:340} INFO - ::group::Post task execution logs
[2026-09-25T22:22:40.972+0000] {standard_task_runner.py:124} ERROR - Failed to execute job 45 for task dbt_snapshot (Bash command failed. The command returned a non-zero exit code 1.; 963)
Traceback (most recent call last):
  File "/home/airflow/.local/lib/python3.12/site-packages/airflow/task/task_runner/standard_task_runner.py", line 117, in _start_by_fork
    ret = args.func(args, dag=self.dag)
          ^^^^^^^^^^^^^^^^^^^^^^^^^^^^^
  File "/home/airflow/.local/lib/python3.12/site-packages/airflow/cli/cli_config.py", line 49, in command
    return func(*args, **kwargs)
           ^^^^^^^^^^^^^^^^^^^^^
  File "/home/airflow/.local/lib/python3.12/site-packages/airflow/utils/cli.py", line 115, in wrapper
    return f(*args, **kwargs)
           ^^^^^^^^^^^^^^^^^^
  File "/home/airflow/.local/lib/python3.12/site-packages/airflow/cli/commands/task_command.py", line 483, in task_run
    task_return_code = _run_task_by_selected_method(args, _dag, ti)
                       ^^^^^^^^^^^^^^^^^^^^^^^^^^^^^^^^^^^^^^^^^^^^
  File "/home/airflow/.local/lib/python3.12/site-packages/airflow/cli/commands/task_command.py", line 256, in _run_task_by_selected_method
    return _run_raw_task(args, ti)
           ^^^^^^^^^^^^^^^^^^^^^^^
  File "/home/airflow/.local/lib/python3.12/site-packages/airflow/cli/commands/task_command.py", line 341, in _run_raw_task
    return ti._run_raw_task(
           ^^^^^^^^^^^^^^^^^
  File "/home/airflow/.local/lib/python3.12/site-packages/airflow/utils/session.py", line 97, in wrapper
    return func(*args, session=session, **kwargs)
           ^^^^^^^^^^^^^^^^^^^^^^^^^^^^^^^^^^^^^^
  File "/home/airflow/.local/lib/python3.12/site-packages/airflow/models/taskinstance.py", line 3004, in _run_raw_task
    return _run_raw_task(
           ^^^^^^^^^^^^^^
  File "/home/airflow/.local/lib/python3.12/site-packages/airflow/models/taskinstance.py", line 273, in _run_raw_task
    TaskInstance._execute_task_with_callbacks(
  File "/home/airflow/.local/lib/python3.12/site-packages/airflow/models/taskinstance.py", line 3158, in _execute_task_with_callbacks
    result = self._execute_task(context, task_orig)
             ^^^^^^^^^^^^^^^^^^^^^^^^^^^^^^^^^^^^^^
  File "/home/airflow/.local/lib/python3.12/site-packages/airflow/models/taskinstance.py", line 3182, in _execute_task
    return _execute_task(self, context, task_orig)
           ^^^^^^^^^^^^^^^^^^^^^^^^^^^^^^^^^^^^^^^
  File "/home/airflow/.local/lib/python3.12/site-packages/airflow/models/taskinstance.py", line 767, in _execute_task
    result = _execute_callable(context=context, **execute_callable_kwargs)
             ^^^^^^^^^^^^^^^^^^^^^^^^^^^^^^^^^^^^^^^^^^^^^^^^^^^^^^^^^^^^^
  File "/home/airflow/.local/lib/python3.12/site-packages/airflow/models/taskinstance.py", line 733, in _execute_callable
    return ExecutionCallableRunner(
           ^^^^^^^^^^^^^^^^^^^^^^^^
  File "/home/airflow/.local/lib/python3.12/site-packages/airflow/utils/operator_helpers.py", line 252, in run
    return self.func(*args, **kwargs)
           ^^^^^^^^^^^^^^^^^^^^^^^^^^
  File "/home/airflow/.local/lib/python3.12/site-packages/airflow/models/baseoperator.py", line 406, in wrapper
    return func(self, *args, **kwargs)
           ^^^^^^^^^^^^^^^^^^^^^^^^^^^
  File "/home/airflow/.local/lib/python3.12/site-packages/airflow/operators/bash.py", line 249, in execute
    raise AirflowException(
airflow.exceptions.AirflowException: Bash command failed. The command returned a non-zero exit code 1.
[2026-09-25T22:22:40.980+0000] {local_task_job_runner.py:266} INFO - Task exited with return code 1
[2026-09-25T22:22:40.995+0000] {taskinstance.py:3900} INFO - 0 downstream tasks scheduled from follow-on schedule check
[2026-09-25T22:22:40.995+0000] {local_task_job_runner.py:245} INFO - ::endgroup::
