[2026-09-25T22:27:55.561+0000] {local_task_job_runner.py:123} INFO - ::group::Pre task execution logs
[2026-09-25T22:27:55.574+0000] {taskinstance.py:2612} INFO - Dependencies all met for dep_context=non-requeueable deps ti=<TaskInstance: dbt_weather_analytics.dbt_snapshot manual__2026-09-25T22:20:43.763037+00:00 [queued]>
[2026-09-25T22:27:55.578+0000] {taskinstance.py:2612} INFO - Dependencies all met for dep_context=requeueable deps ti=<TaskInstance: dbt_weather_analytics.dbt_snapshot manual__2026-09-25T22:20:43.763037+00:00 [queued]>
[2026-09-25T22:27:55.578+0000] {taskinstance.py:2865} INFO - Starting attempt 3 of 3
[2026-09-25T22:27:55.583+0000] {taskinstance.py:2888} INFO - Executing <Task(BashOperator): dbt_snapshot> on 2026-09-25 22:20:43.763037+00:00
[2026-09-25T22:27:55.590+0000] {standard_task_runner.py:104} INFO - Running: ['***', 'tasks', 'run', 'dbt_weather_analytics', 'dbt_snapshot', 'manual__2026-09-25T22:20:43.763037+00:00', '--job-id', '47', '--raw', '--subdir', 'DAGS_FOLDER/build_elt_with_dbt.py', '--cfg-path', '/tmp/tmpteww_ftq']
[2026-09-25T22:27:55.594+0000] {standard_task_runner.py:105} INFO - Job 47: Subtask dbt_snapshot
[2026-09-25T22:27:55.593+0000] {logging_mixin.py:190} WARNING - /home/***/.local/lib/python3.12/site-packages/***/task/task_runner/standard_task_runner.py:70 DeprecationWarning: This process (pid=1176) is multi-threaded, use of fork() may lead to deadlocks in the child.
[2026-09-25T22:27:55.595+0000] {standard_task_runner.py:72} INFO - Started process 1177 to run task
[2026-09-25T22:27:55.624+0000] {task_command.py:467} INFO - Running <TaskInstance: dbt_weather_analytics.dbt_snapshot manual__2026-09-25T22:20:43.763037+00:00 [running]> on host 10396b14c6e7
[2026-09-25T22:27:55.656+0000] {taskinstance.py:3131} INFO - Exporting env vars: AIRFLOW_CTX_DAG_OWNER='***' AIRFLOW_CTX_DAG_ID='dbt_weather_analytics' AIRFLOW_CTX_TASK_ID='dbt_snapshot' AIRFLOW_CTX_EXECUTION_DATE='2026-09-25T22:20:43.763037+00:00' AIRFLOW_CTX_TRY_NUMBER='3' AIRFLOW_CTX_DAG_RUN_ID='manual__2026-09-25T22:20:43.763037+00:00'
[2026-09-25T22:27:55.656+0000] {taskinstance.py:731} INFO - ::endgroup::
[2026-09-25T22:27:55.664+0000] {subprocess.py:63} INFO - Tmp dir root location: /tmp
[2026-09-25T22:27:55.665+0000] {subprocess.py:75} INFO - Running command: ['/usr/bin/bash', '-c', '/home/***/.local/bin/dbt snapshot --profiles-dir /opt/***/dbt/weather_analytics --project-dir /opt/***/dbt/weather_analytics']
[2026-09-25T22:27:55.669+0000] {subprocess.py:86} INFO - Output:
[2026-09-25T22:27:56.635+0000] {subprocess.py:93} INFO - [0m22:27:56  Running with dbt=1.8.7
[2026-09-25T22:27:57.053+0000] {subprocess.py:93} INFO - [0m22:27:57  Registered adapter: snowflake=1.8.1
[2026-09-25T22:27:57.223+0000] {subprocess.py:93} INFO - [0m22:27:57  Found 2 models, 1 snapshot, 3 data tests, 454 macros
[2026-09-25T22:27:57.224+0000] {subprocess.py:93} INFO - [0m22:27:57
[2026-09-25T22:28:00.197+0000] {subprocess.py:93} INFO - [0m22:28:00  Concurrency: 1 threads (target='dev')
[2026-09-25T22:28:00.199+0000] {subprocess.py:93} INFO - [0m22:28:00
[2026-09-25T22:28:00.220+0000] {subprocess.py:93} INFO - [0m22:28:00  1 of 1 START snapshot snapshot.snapshot_weather_metrics ........................ [RUN]
[2026-09-25T22:28:02.453+0000] {subprocess.py:93} INFO - [0m22:28:02  1 of 1 OK snapshotted snapshot.snapshot_weather_metrics ........................ [[32mSUCCESS 1[0m in 2.23s]
[2026-09-25T22:28:02.461+0000] {subprocess.py:93} INFO - [0m22:28:02
[2026-09-25T22:28:02.462+0000] {subprocess.py:93} INFO - [0m22:28:02  Finished running 1 snapshot in 0 hours 0 minutes and 5.24 seconds (5.24s).
[2026-09-25T22:28:02.494+0000] {subprocess.py:93} INFO - [0m22:28:02
[2026-09-25T22:28:02.494+0000] {subprocess.py:93} INFO - [0m22:28:02  [32mCompleted successfully[0m
[2026-09-25T22:28:02.494+0000] {subprocess.py:93} INFO - [0m22:28:02
[2026-09-25T22:28:02.495+0000] {subprocess.py:93} INFO - [0m22:28:02  Done. PASS=1 WARN=0 ERROR=0 SKIP=0 TOTAL=1
[2026-09-25T22:28:03.172+0000] {subprocess.py:97} INFO - Command exited with return code 0
[2026-09-25T22:28:03.191+0000] {taskinstance.py:340} INFO - ::group::Post task execution logs
[2026-09-25T22:28:03.192+0000] {taskinstance.py:352} INFO - Marking task as SUCCESS. dag_id=dbt_weather_analytics, task_id=dbt_snapshot, run_id=manual__2026-09-25T22:20:43.763037+00:00, execution_date=20260925T222043, start_date=20260925T222755, end_date=20260925T222803
[2026-09-25T22:28:03.206+0000] {local_task_job_runner.py:266} INFO - Task exited with return code 0
[2026-09-25T22:28:03.214+0000] {taskinstance.py:3900} INFO - 0 downstream tasks scheduled from follow-on schedule check
[2026-09-25T22:28:03.215+0000] {local_task_job_runner.py:245} INFO - ::endgroup::
