[2026-09-22T00:18:04.771+0000] {processor.py:186} INFO - Started process (PID=250) to work on /opt/airflow/dags/weather_etl.py
[2026-09-22T00:18:04.772+0000] {processor.py:914} INFO - Processing file /opt/airflow/dags/weather_etl.py for tasks to queue
[2026-09-22T00:18:04.776+0000] {logging_mixin.py:190} INFO - [2026-09-22T00:18:04.776+0000] {dagbag.py:587} INFO - Filling up the DagBag from /opt/airflow/dags/weather_etl.py
[2026-09-22T00:18:04.799+0000] {logging_mixin.py:190} INFO - [2026-09-22T00:18:04.798+0000] {dagbag.py:386} ERROR - Failed to import: /opt/airflow/dags/weather_etl.py
Traceback (most recent call last):
  File "/home/airflow/.local/lib/python3.12/site-packages/airflow/models/dagbag.py", line 382, in parse
    loader.exec_module(new_module)
  File "<frozen importlib._bootstrap_external>", line 995, in exec_module
  File "<frozen importlib._bootstrap>", line 488, in _call_with_frames_removed
  File "/opt/airflow/dags/weather_etl.py", line 103, in <module>
    latitude = float(Variable.get("LATITUDE"))
                     ^^^^^^^^^^^^^^^^^^^^^^^^
  File "/home/airflow/.local/lib/python3.12/site-packages/airflow/models/variable.py", line 145, in get
    raise KeyError(f"Variable {key} does not exist")
KeyError: 'Variable LATITUDE does not exist'
[2026-09-22T00:18:04.799+0000] {processor.py:927} WARNING - No viable dags retrieved from /opt/airflow/dags/weather_etl.py
[2026-09-22T00:18:04.808+0000] {processor.py:208} INFO - Processing /opt/airflow/dags/weather_etl.py took 0.044 seconds
[2026-09-22T00:18:35.150+0000] {processor.py:186} INFO - Started process (PID=285) to work on /opt/airflow/dags/weather_etl.py
[2026-09-22T00:18:35.150+0000] {processor.py:914} INFO - Processing file /opt/airflow/dags/weather_etl.py for tasks to queue
[2026-09-22T00:18:35.157+0000] {logging_mixin.py:190} INFO - [2026-09-22T00:18:35.157+0000] {dagbag.py:587} INFO - Filling up the DagBag from /opt/airflow/dags/weather_etl.py
[2026-09-22T00:18:35.176+0000] {logging_mixin.py:190} INFO - [2026-09-22T00:18:35.175+0000] {dagbag.py:386} ERROR - Failed to import: /opt/airflow/dags/weather_etl.py
Traceback (most recent call last):
  File "/home/airflow/.local/lib/python3.12/site-packages/airflow/models/dagbag.py", line 382, in parse
    loader.exec_module(new_module)
  File "<frozen importlib._bootstrap_external>", line 995, in exec_module
  File "<frozen importlib._bootstrap>", line 488, in _call_with_frames_removed
  File "/opt/airflow/dags/weather_etl.py", line 103, in <module>
    latitude = float(Variable.get("LATITUDE"))
                     ^^^^^^^^^^^^^^^^^^^^^^^^
  File "/home/airflow/.local/lib/python3.12/site-packages/airflow/models/variable.py", line 145, in get
    raise KeyError(f"Variable {key} does not exist")
KeyError: 'Variable LATITUDE does not exist'
[2026-09-22T00:18:35.176+0000] {processor.py:927} WARNING - No viable dags retrieved from /opt/airflow/dags/weather_etl.py
[2026-09-22T00:18:35.256+0000] {processor.py:208} INFO - Processing /opt/airflow/dags/weather_etl.py took 0.112 seconds
[2026-09-22T00:19:05.498+0000] {processor.py:186} INFO - Started process (PID=313) to work on /opt/airflow/dags/weather_etl.py
[2026-09-22T00:19:05.499+0000] {processor.py:914} INFO - Processing file /opt/airflow/dags/weather_etl.py for tasks to queue
[2026-09-22T00:19:05.502+0000] {logging_mixin.py:190} INFO - [2026-09-22T00:19:05.502+0000] {dagbag.py:587} INFO - Filling up the DagBag from /opt/airflow/dags/weather_etl.py
[2026-09-22T00:19:05.518+0000] {logging_mixin.py:190} INFO - [2026-09-22T00:19:05.517+0000] {dagbag.py:386} ERROR - Failed to import: /opt/airflow/dags/weather_etl.py
Traceback (most recent call last):
  File "/home/airflow/.local/lib/python3.12/site-packages/airflow/models/dagbag.py", line 382, in parse
    loader.exec_module(new_module)
  File "<frozen importlib._bootstrap_external>", line 995, in exec_module
  File "<frozen importlib._bootstrap>", line 488, in _call_with_frames_removed
  File "/opt/airflow/dags/weather_etl.py", line 103, in <module>
    latitude = float(Variable.get("LATITUDE"))
                     ^^^^^^^^^^^^^^^^^^^^^^^^
  File "/home/airflow/.local/lib/python3.12/site-packages/airflow/models/variable.py", line 145, in get
    raise KeyError(f"Variable {key} does not exist")
KeyError: 'Variable LATITUDE does not exist'
[2026-09-22T00:19:05.519+0000] {processor.py:927} WARNING - No viable dags retrieved from /opt/airflow/dags/weather_etl.py
[2026-09-22T00:19:05.523+0000] {processor.py:208} INFO - Processing /opt/airflow/dags/weather_etl.py took 0.031 seconds
[2026-09-22T00:19:35.895+0000] {processor.py:186} INFO - Started process (PID=324) to work on /opt/airflow/dags/weather_etl.py
[2026-09-22T00:19:35.896+0000] {processor.py:914} INFO - Processing file /opt/airflow/dags/weather_etl.py for tasks to queue
[2026-09-22T00:19:35.902+0000] {logging_mixin.py:190} INFO - [2026-09-22T00:19:35.901+0000] {dagbag.py:587} INFO - Filling up the DagBag from /opt/airflow/dags/weather_etl.py
[2026-09-22T00:19:35.930+0000] {logging_mixin.py:190} INFO - [2026-09-22T00:19:35.928+0000] {dagbag.py:386} ERROR - Failed to import: /opt/airflow/dags/weather_etl.py
Traceback (most recent call last):
  File "/home/airflow/.local/lib/python3.12/site-packages/airflow/models/dagbag.py", line 382, in parse
    loader.exec_module(new_module)
  File "<frozen importlib._bootstrap_external>", line 995, in exec_module
  File "<frozen importlib._bootstrap>", line 488, in _call_with_frames_removed
  File "/opt/airflow/dags/weather_etl.py", line 103, in <module>
    latitude = float(Variable.get("LATITUDE"))
                     ^^^^^^^^^^^^^^^^^^^^^^^^
  File "/home/airflow/.local/lib/python3.12/site-packages/airflow/models/variable.py", line 145, in get
    raise KeyError(f"Variable {key} does not exist")
KeyError: 'Variable LATITUDE does not exist'
[2026-09-22T00:19:35.931+0000] {processor.py:927} WARNING - No viable dags retrieved from /opt/airflow/dags/weather_etl.py
[2026-09-22T00:19:35.937+0000] {processor.py:208} INFO - Processing /opt/airflow/dags/weather_etl.py took 0.051 seconds
[2026-09-22T00:20:06.293+0000] {processor.py:186} INFO - Started process (PID=345) to work on /opt/airflow/dags/weather_etl.py
[2026-09-22T00:20:06.295+0000] {processor.py:914} INFO - Processing file /opt/airflow/dags/weather_etl.py for tasks to queue
[2026-09-22T00:20:06.297+0000] {logging_mixin.py:190} INFO - [2026-09-22T00:20:06.297+0000] {dagbag.py:587} INFO - Filling up the DagBag from /opt/airflow/dags/weather_etl.py
[2026-09-22T00:20:06.313+0000] {logging_mixin.py:190} INFO - [2026-09-22T00:20:06.312+0000] {dagbag.py:386} ERROR - Failed to import: /opt/airflow/dags/weather_etl.py
Traceback (most recent call last):
  File "/home/airflow/.local/lib/python3.12/site-packages/airflow/models/dagbag.py", line 382, in parse
    loader.exec_module(new_module)
  File "<frozen importlib._bootstrap_external>", line 995, in exec_module
  File "<frozen importlib._bootstrap>", line 488, in _call_with_frames_removed
  File "/opt/airflow/dags/weather_etl.py", line 103, in <module>
    latitude = float(Variable.get("LATITUDE"))
                     ^^^^^^^^^^^^^^^^^^^^^^^^
  File "/home/airflow/.local/lib/python3.12/site-packages/airflow/models/variable.py", line 145, in get
    raise KeyError(f"Variable {key} does not exist")
KeyError: 'Variable LATITUDE does not exist'
[2026-09-22T00:20:06.314+0000] {processor.py:927} WARNING - No viable dags retrieved from /opt/airflow/dags/weather_etl.py
[2026-09-22T00:20:06.319+0000] {processor.py:208} INFO - Processing /opt/airflow/dags/weather_etl.py took 0.033 seconds
[2026-09-22T00:20:36.725+0000] {processor.py:186} INFO - Started process (PID=357) to work on /opt/airflow/dags/weather_etl.py
[2026-09-22T00:20:36.727+0000] {processor.py:914} INFO - Processing file /opt/airflow/dags/weather_etl.py for tasks to queue
[2026-09-22T00:20:36.730+0000] {logging_mixin.py:190} INFO - [2026-09-22T00:20:36.729+0000] {dagbag.py:587} INFO - Filling up the DagBag from /opt/airflow/dags/weather_etl.py
[2026-09-22T00:20:36.764+0000] {logging_mixin.py:190} INFO - [2026-09-22T00:20:36.762+0000] {dagbag.py:386} ERROR - Failed to import: /opt/airflow/dags/weather_etl.py
Traceback (most recent call last):
  File "/home/airflow/.local/lib/python3.12/site-packages/airflow/models/dagbag.py", line 382, in parse
    loader.exec_module(new_module)
  File "<frozen importlib._bootstrap_external>", line 995, in exec_module
  File "<frozen importlib._bootstrap>", line 488, in _call_with_frames_removed
  File "/opt/airflow/dags/weather_etl.py", line 103, in <module>
    latitude = float(Variable.get("LATITUDE"))
                     ^^^^^^^^^^^^^^^^^^^^^^^^
  File "/home/airflow/.local/lib/python3.12/site-packages/airflow/models/variable.py", line 145, in get
    raise KeyError(f"Variable {key} does not exist")
KeyError: 'Variable LATITUDE does not exist'
[2026-09-22T00:20:36.765+0000] {processor.py:927} WARNING - No viable dags retrieved from /opt/airflow/dags/weather_etl.py
[2026-09-22T00:20:36.772+0000] {processor.py:208} INFO - Processing /opt/airflow/dags/weather_etl.py took 0.067 seconds
[2026-09-22T00:21:07.065+0000] {processor.py:186} INFO - Started process (PID=368) to work on /opt/airflow/dags/weather_etl.py
[2026-09-22T00:21:07.067+0000] {processor.py:914} INFO - Processing file /opt/airflow/dags/weather_etl.py for tasks to queue
[2026-09-22T00:21:07.070+0000] {logging_mixin.py:190} INFO - [2026-09-22T00:21:07.070+0000] {dagbag.py:587} INFO - Filling up the DagBag from /opt/airflow/dags/weather_etl.py
[2026-09-22T00:21:07.095+0000] {logging_mixin.py:190} INFO - [2026-09-22T00:21:07.093+0000] {dagbag.py:386} ERROR - Failed to import: /opt/airflow/dags/weather_etl.py
Traceback (most recent call last):
  File "/home/airflow/.local/lib/python3.12/site-packages/airflow/models/dagbag.py", line 382, in parse
    loader.exec_module(new_module)
  File "<frozen importlib._bootstrap_external>", line 995, in exec_module
  File "<frozen importlib._bootstrap>", line 488, in _call_with_frames_removed
  File "/opt/airflow/dags/weather_etl.py", line 103, in <module>
    latitude = float(Variable.get("LATITUDE"))
                     ^^^^^^^^^^^^^^^^^^^^^^^^
  File "/home/airflow/.local/lib/python3.12/site-packages/airflow/models/variable.py", line 145, in get
    raise KeyError(f"Variable {key} does not exist")
KeyError: 'Variable LATITUDE does not exist'
[2026-09-22T00:21:07.096+0000] {processor.py:927} WARNING - No viable dags retrieved from /opt/airflow/dags/weather_etl.py
[2026-09-22T00:21:07.103+0000] {processor.py:208} INFO - Processing /opt/airflow/dags/weather_etl.py took 0.046 seconds
[2026-09-22T00:21:37.431+0000] {processor.py:186} INFO - Started process (PID=378) to work on /opt/airflow/dags/weather_etl.py
[2026-09-22T00:21:37.433+0000] {processor.py:914} INFO - Processing file /opt/airflow/dags/weather_etl.py for tasks to queue
[2026-09-22T00:21:37.441+0000] {logging_mixin.py:190} INFO - [2026-09-22T00:21:37.440+0000] {dagbag.py:587} INFO - Filling up the DagBag from /opt/airflow/dags/weather_etl.py
[2026-09-22T00:21:37.467+0000] {logging_mixin.py:190} INFO - [2026-09-22T00:21:37.465+0000] {dagbag.py:386} ERROR - Failed to import: /opt/airflow/dags/weather_etl.py
Traceback (most recent call last):
  File "/home/airflow/.local/lib/python3.12/site-packages/airflow/models/dagbag.py", line 382, in parse
    loader.exec_module(new_module)
  File "<frozen importlib._bootstrap_external>", line 995, in exec_module
  File "<frozen importlib._bootstrap>", line 488, in _call_with_frames_removed
  File "/opt/airflow/dags/weather_etl.py", line 103, in <module>
    latitude = float(Variable.get("LATITUDE"))
                     ^^^^^^^^^^^^^^^^^^^^^^^^
  File "/home/airflow/.local/lib/python3.12/site-packages/airflow/models/variable.py", line 145, in get
    raise KeyError(f"Variable {key} does not exist")
KeyError: 'Variable LATITUDE does not exist'
[2026-09-22T00:21:37.467+0000] {processor.py:927} WARNING - No viable dags retrieved from /opt/airflow/dags/weather_etl.py
[2026-09-22T00:21:37.475+0000] {processor.py:208} INFO - Processing /opt/airflow/dags/weather_etl.py took 0.056 seconds
[2026-09-22T00:22:07.812+0000] {processor.py:186} INFO - Started process (PID=389) to work on /opt/airflow/dags/weather_etl.py
[2026-09-22T00:22:07.812+0000] {processor.py:914} INFO - Processing file /opt/airflow/dags/weather_etl.py for tasks to queue
[2026-09-22T00:22:07.815+0000] {logging_mixin.py:190} INFO - [2026-09-22T00:22:07.815+0000] {dagbag.py:587} INFO - Filling up the DagBag from /opt/airflow/dags/weather_etl.py
[2026-09-22T00:22:07.831+0000] {logging_mixin.py:190} INFO - [2026-09-22T00:22:07.830+0000] {dagbag.py:386} ERROR - Failed to import: /opt/airflow/dags/weather_etl.py
Traceback (most recent call last):
  File "/home/airflow/.local/lib/python3.12/site-packages/airflow/models/dagbag.py", line 382, in parse
    loader.exec_module(new_module)
  File "<frozen importlib._bootstrap_external>", line 995, in exec_module
  File "<frozen importlib._bootstrap>", line 488, in _call_with_frames_removed
  File "/opt/airflow/dags/weather_etl.py", line 103, in <module>
    latitude = float(Variable.get("LATITUDE"))
                     ^^^^^^^^^^^^^^^^^^^^^^^^
  File "/home/airflow/.local/lib/python3.12/site-packages/airflow/models/variable.py", line 145, in get
    raise KeyError(f"Variable {key} does not exist")
KeyError: 'Variable LATITUDE does not exist'
[2026-09-22T00:22:07.832+0000] {processor.py:927} WARNING - No viable dags retrieved from /opt/airflow/dags/weather_etl.py
[2026-09-22T00:22:07.837+0000] {processor.py:208} INFO - Processing /opt/airflow/dags/weather_etl.py took 0.032 seconds
[2026-09-22T00:22:38.212+0000] {processor.py:186} INFO - Started process (PID=400) to work on /opt/airflow/dags/weather_etl.py
[2026-09-22T00:22:38.213+0000] {processor.py:914} INFO - Processing file /opt/airflow/dags/weather_etl.py for tasks to queue
[2026-09-22T00:22:38.217+0000] {logging_mixin.py:190} INFO - [2026-09-22T00:22:38.217+0000] {dagbag.py:587} INFO - Filling up the DagBag from /opt/airflow/dags/weather_etl.py
[2026-09-22T00:22:38.249+0000] {processor.py:925} INFO - DAG(s) 'weather_etl' retrieved from /opt/airflow/dags/weather_etl.py
[2026-09-22T00:22:38.333+0000] {logging_mixin.py:190} INFO - [2026-09-22T00:22:38.332+0000] {override.py:1900} INFO - Created Permission View: can delete on DAG:weather_etl
[2026-09-22T00:22:38.336+0000] {logging_mixin.py:190} INFO - [2026-09-22T00:22:38.336+0000] {override.py:1900} INFO - Created Permission View: can edit on DAG:weather_etl
[2026-09-22T00:22:38.337+0000] {logging_mixin.py:190} INFO - [2026-09-22T00:22:38.337+0000] {override.py:1900} INFO - Created Permission View: can read on DAG:weather_etl
[2026-09-22T00:22:38.339+0000] {logging_mixin.py:190} INFO - [2026-09-22T00:22:38.339+0000] {override.py:1900} INFO - Created Permission View: menu access on DAG Run:weather_etl
[2026-09-22T00:22:38.340+0000] {logging_mixin.py:190} INFO - [2026-09-22T00:22:38.340+0000] {override.py:1900} INFO - Created Permission View: can create on DAG Run:weather_etl
[2026-09-22T00:22:38.341+0000] {logging_mixin.py:190} INFO - [2026-09-22T00:22:38.341+0000] {override.py:1900} INFO - Created Permission View: can delete on DAG Run:weather_etl
[2026-09-22T00:22:38.342+0000] {logging_mixin.py:190} INFO - [2026-09-22T00:22:38.342+0000] {override.py:1900} INFO - Created Permission View: can read on DAG Run:weather_etl
[2026-09-22T00:22:38.342+0000] {logging_mixin.py:190} INFO - [2026-09-22T00:22:38.342+0000] {dag.py:3229} INFO - Sync 1 DAGs
[2026-09-22T00:22:38.348+0000] {logging_mixin.py:190} INFO - [2026-09-22T00:22:38.348+0000] {dag.py:3252} INFO - Creating ORM DAG for weather_etl
[2026-09-22T00:22:38.353+0000] {logging_mixin.py:190} INFO - [2026-09-22T00:22:38.353+0000] {dag.py:4156} INFO - Setting next_dagrun for weather_etl to 2026-09-21 18:00:00+00:00, run_after=2026-09-22 18:00:00+00:00
[2026-09-22T00:22:38.360+0000] {processor.py:208} INFO - Processing /opt/airflow/dags/weather_etl.py took 0.153 seconds
[2026-09-22T00:23:08.599+0000] {processor.py:186} INFO - Started process (PID=411) to work on /opt/airflow/dags/weather_etl.py
[2026-09-22T00:23:08.600+0000] {processor.py:914} INFO - Processing file /opt/airflow/dags/weather_etl.py for tasks to queue
[2026-09-22T00:23:08.603+0000] {logging_mixin.py:190} INFO - [2026-09-22T00:23:08.603+0000] {dagbag.py:587} INFO - Filling up the DagBag from /opt/airflow/dags/weather_etl.py
[2026-09-22T00:23:08.636+0000] {processor.py:925} INFO - DAG(s) 'weather_etl' retrieved from /opt/airflow/dags/weather_etl.py
[2026-09-22T00:23:08.657+0000] {logging_mixin.py:190} INFO - [2026-09-22T00:23:08.657+0000] {dag.py:3229} INFO - Sync 1 DAGs
[2026-09-22T00:23:08.673+0000] {logging_mixin.py:190} INFO - [2026-09-22T00:23:08.673+0000] {dag.py:4156} INFO - Setting next_dagrun for weather_etl to 2026-09-21 18:00:00+00:00, run_after=2026-09-22 18:00:00+00:00
[2026-09-22T00:23:08.680+0000] {processor.py:208} INFO - Processing /opt/airflow/dags/weather_etl.py took 0.089 seconds
[2026-09-22T00:23:39.027+0000] {processor.py:186} INFO - Started process (PID=422) to work on /opt/airflow/dags/weather_etl.py
[2026-09-22T00:23:39.028+0000] {processor.py:914} INFO - Processing file /opt/airflow/dags/weather_etl.py for tasks to queue
[2026-09-22T00:23:39.032+0000] {logging_mixin.py:190} INFO - [2026-09-22T00:23:39.031+0000] {dagbag.py:587} INFO - Filling up the DagBag from /opt/airflow/dags/weather_etl.py
[2026-09-22T00:23:39.062+0000] {processor.py:925} INFO - DAG(s) 'weather_etl' retrieved from /opt/airflow/dags/weather_etl.py
[2026-09-22T00:23:39.076+0000] {logging_mixin.py:190} INFO - [2026-09-22T00:23:39.076+0000] {dag.py:3229} INFO - Sync 1 DAGs
[2026-09-22T00:23:39.090+0000] {logging_mixin.py:190} INFO - [2026-09-22T00:23:39.090+0000] {dag.py:4156} INFO - Setting next_dagrun for weather_etl to 2026-09-21 18:00:00+00:00, run_after=2026-09-22 18:00:00+00:00
[2026-09-22T00:23:39.100+0000] {processor.py:208} INFO - Processing /opt/airflow/dags/weather_etl.py took 0.081 seconds
[2026-09-22T00:24:09.419+0000] {processor.py:186} INFO - Started process (PID=433) to work on /opt/airflow/dags/weather_etl.py
[2026-09-22T00:24:09.420+0000] {processor.py:914} INFO - Processing file /opt/airflow/dags/weather_etl.py for tasks to queue
[2026-09-22T00:24:09.424+0000] {logging_mixin.py:190} INFO - [2026-09-22T00:24:09.423+0000] {dagbag.py:587} INFO - Filling up the DagBag from /opt/airflow/dags/weather_etl.py
[2026-09-22T00:24:09.449+0000] {processor.py:925} INFO - DAG(s) 'weather_etl' retrieved from /opt/airflow/dags/weather_etl.py
[2026-09-22T00:24:09.462+0000] {logging_mixin.py:190} INFO - [2026-09-22T00:24:09.462+0000] {dag.py:3229} INFO - Sync 1 DAGs
[2026-09-22T00:24:09.476+0000] {logging_mixin.py:190} INFO - [2026-09-22T00:24:09.476+0000] {dag.py:4156} INFO - Setting next_dagrun for weather_etl to 2026-09-21 18:00:00+00:00, run_after=2026-09-22 18:00:00+00:00
[2026-09-22T00:24:09.484+0000] {processor.py:208} INFO - Processing /opt/airflow/dags/weather_etl.py took 0.074 seconds
[2026-09-22T00:24:39.784+0000] {processor.py:186} INFO - Started process (PID=444) to work on /opt/airflow/dags/weather_etl.py
[2026-09-22T00:24:39.785+0000] {processor.py:914} INFO - Processing file /opt/airflow/dags/weather_etl.py for tasks to queue
[2026-09-22T00:24:39.788+0000] {logging_mixin.py:190} INFO - [2026-09-22T00:24:39.788+0000] {dagbag.py:587} INFO - Filling up the DagBag from /opt/airflow/dags/weather_etl.py
[2026-09-22T00:24:39.815+0000] {processor.py:925} INFO - DAG(s) 'weather_etl' retrieved from /opt/airflow/dags/weather_etl.py
[2026-09-22T00:24:39.832+0000] {logging_mixin.py:190} INFO - [2026-09-22T00:24:39.832+0000] {dag.py:3229} INFO - Sync 1 DAGs
[2026-09-22T00:24:39.849+0000] {logging_mixin.py:190} INFO - [2026-09-22T00:24:39.849+0000] {dag.py:4156} INFO - Setting next_dagrun for weather_etl to 2026-09-21 18:00:00+00:00, run_after=2026-09-22 18:00:00+00:00
[2026-09-22T00:24:39.857+0000] {processor.py:208} INFO - Processing /opt/airflow/dags/weather_etl.py took 0.083 seconds
[2026-09-22T00:25:10.135+0000] {processor.py:186} INFO - Started process (PID=455) to work on /opt/airflow/dags/weather_etl.py
[2026-09-22T00:25:10.137+0000] {processor.py:914} INFO - Processing file /opt/airflow/dags/weather_etl.py for tasks to queue
[2026-09-22T00:25:10.142+0000] {logging_mixin.py:190} INFO - [2026-09-22T00:25:10.142+0000] {dagbag.py:587} INFO - Filling up the DagBag from /opt/airflow/dags/weather_etl.py
[2026-09-22T00:25:10.180+0000] {processor.py:925} INFO - DAG(s) 'weather_etl' retrieved from /opt/airflow/dags/weather_etl.py
[2026-09-22T00:25:10.200+0000] {logging_mixin.py:190} INFO - [2026-09-22T00:25:10.199+0000] {dag.py:3229} INFO - Sync 1 DAGs
[2026-09-22T00:25:10.224+0000] {logging_mixin.py:190} INFO - [2026-09-22T00:25:10.224+0000] {dag.py:4156} INFO - Setting next_dagrun for weather_etl to 2026-09-21 18:00:00+00:00, run_after=2026-09-22 18:00:00+00:00
[2026-09-22T00:25:10.235+0000] {processor.py:208} INFO - Processing /opt/airflow/dags/weather_etl.py took 0.109 seconds
[2026-09-22T00:25:40.480+0000] {processor.py:186} INFO - Started process (PID=466) to work on /opt/airflow/dags/weather_etl.py
[2026-09-22T00:25:40.481+0000] {processor.py:914} INFO - Processing file /opt/airflow/dags/weather_etl.py for tasks to queue
[2026-09-22T00:25:40.486+0000] {logging_mixin.py:190} INFO - [2026-09-22T00:25:40.486+0000] {dagbag.py:587} INFO - Filling up the DagBag from /opt/airflow/dags/weather_etl.py
[2026-09-22T00:25:40.512+0000] {processor.py:925} INFO - DAG(s) 'weather_etl' retrieved from /opt/airflow/dags/weather_etl.py
[2026-09-22T00:25:40.524+0000] {logging_mixin.py:190} INFO - [2026-09-22T00:25:40.524+0000] {dag.py:3229} INFO - Sync 1 DAGs
[2026-09-22T00:25:40.539+0000] {logging_mixin.py:190} INFO - [2026-09-22T00:25:40.538+0000] {dag.py:4156} INFO - Setting next_dagrun for weather_etl to 2026-09-21 18:00:00+00:00, run_after=2026-09-22 18:00:00+00:00
[2026-09-22T00:25:40.547+0000] {processor.py:208} INFO - Processing /opt/airflow/dags/weather_etl.py took 0.078 seconds
[2026-09-22T00:26:10.912+0000] {processor.py:186} INFO - Started process (PID=477) to work on /opt/airflow/dags/weather_etl.py
[2026-09-22T00:26:10.913+0000] {processor.py:914} INFO - Processing file /opt/airflow/dags/weather_etl.py for tasks to queue
[2026-09-22T00:26:10.916+0000] {logging_mixin.py:190} INFO - [2026-09-22T00:26:10.916+0000] {dagbag.py:587} INFO - Filling up the DagBag from /opt/airflow/dags/weather_etl.py
[2026-09-22T00:26:10.960+0000] {processor.py:925} INFO - DAG(s) 'weather_etl' retrieved from /opt/airflow/dags/weather_etl.py
[2026-09-22T00:26:10.981+0000] {logging_mixin.py:190} INFO - [2026-09-22T00:26:10.981+0000] {dag.py:3229} INFO - Sync 1 DAGs
[2026-09-22T00:26:11.004+0000] {logging_mixin.py:190} INFO - [2026-09-22T00:26:11.003+0000] {dag.py:4156} INFO - Setting next_dagrun for weather_etl to 2026-09-21 18:00:00+00:00, run_after=2026-09-22 18:00:00+00:00
[2026-09-22T00:26:11.012+0000] {processor.py:208} INFO - Processing /opt/airflow/dags/weather_etl.py took 0.114 seconds
[2026-09-22T00:26:41.292+0000] {processor.py:186} INFO - Started process (PID=498) to work on /opt/airflow/dags/weather_etl.py
[2026-09-22T00:26:41.294+0000] {processor.py:914} INFO - Processing file /opt/airflow/dags/weather_etl.py for tasks to queue
[2026-09-22T00:26:41.298+0000] {logging_mixin.py:190} INFO - [2026-09-22T00:26:41.297+0000] {dagbag.py:587} INFO - Filling up the DagBag from /opt/airflow/dags/weather_etl.py
[2026-09-22T00:26:41.318+0000] {processor.py:925} INFO - DAG(s) 'weather_etl' retrieved from /opt/airflow/dags/weather_etl.py
[2026-09-22T00:26:41.329+0000] {logging_mixin.py:190} INFO - [2026-09-22T00:26:41.329+0000] {dag.py:3229} INFO - Sync 1 DAGs
[2026-09-22T00:26:41.341+0000] {logging_mixin.py:190} INFO - [2026-09-22T00:26:41.340+0000] {dag.py:4156} INFO - Setting next_dagrun for weather_etl to 2026-09-21 18:00:00+00:00, run_after=2026-09-22 18:00:00+00:00
[2026-09-22T00:26:41.348+0000] {processor.py:208} INFO - Processing /opt/airflow/dags/weather_etl.py took 0.066 seconds
[2026-09-22T00:27:11.671+0000] {processor.py:186} INFO - Started process (PID=509) to work on /opt/airflow/dags/weather_etl.py
[2026-09-22T00:27:11.672+0000] {processor.py:914} INFO - Processing file /opt/airflow/dags/weather_etl.py for tasks to queue
[2026-09-22T00:27:11.674+0000] {logging_mixin.py:190} INFO - [2026-09-22T00:27:11.674+0000] {dagbag.py:587} INFO - Filling up the DagBag from /opt/airflow/dags/weather_etl.py
[2026-09-22T00:27:11.701+0000] {processor.py:925} INFO - DAG(s) 'weather_etl' retrieved from /opt/airflow/dags/weather_etl.py
[2026-09-22T00:27:11.715+0000] {logging_mixin.py:190} INFO - [2026-09-22T00:27:11.715+0000] {dag.py:3229} INFO - Sync 1 DAGs
[2026-09-22T00:27:11.728+0000] {logging_mixin.py:190} INFO - [2026-09-22T00:27:11.728+0000] {dag.py:4156} INFO - Setting next_dagrun for weather_etl to 2026-09-21 18:00:00+00:00, run_after=2026-09-22 18:00:00+00:00
[2026-09-22T00:27:11.738+0000] {processor.py:208} INFO - Processing /opt/airflow/dags/weather_etl.py took 0.074 seconds
[2026-09-22T00:27:42.129+0000] {processor.py:186} INFO - Started process (PID=520) to work on /opt/airflow/dags/weather_etl.py
[2026-09-22T00:27:42.131+0000] {processor.py:914} INFO - Processing file /opt/airflow/dags/weather_etl.py for tasks to queue
[2026-09-22T00:27:42.134+0000] {logging_mixin.py:190} INFO - [2026-09-22T00:27:42.133+0000] {dagbag.py:587} INFO - Filling up the DagBag from /opt/airflow/dags/weather_etl.py
[2026-09-22T00:27:42.157+0000] {processor.py:925} INFO - DAG(s) 'weather_etl' retrieved from /opt/airflow/dags/weather_etl.py
[2026-09-22T00:27:42.170+0000] {logging_mixin.py:190} INFO - [2026-09-22T00:27:42.170+0000] {dag.py:3229} INFO - Sync 1 DAGs
[2026-09-22T00:27:42.182+0000] {logging_mixin.py:190} INFO - [2026-09-22T00:27:42.182+0000] {dag.py:4156} INFO - Setting next_dagrun for weather_etl to 2026-09-21 18:00:00+00:00, run_after=2026-09-22 18:00:00+00:00
[2026-09-22T00:27:42.191+0000] {processor.py:208} INFO - Processing /opt/airflow/dags/weather_etl.py took 0.069 seconds
[2026-09-22T00:27:52.288+0000] {processor.py:186} INFO - Started process (PID=531) to work on /opt/airflow/dags/weather_etl.py
[2026-09-22T00:27:52.290+0000] {processor.py:914} INFO - Processing file /opt/airflow/dags/weather_etl.py for tasks to queue
[2026-09-22T00:27:52.294+0000] {logging_mixin.py:190} INFO - [2026-09-22T00:27:52.294+0000] {dagbag.py:587} INFO - Filling up the DagBag from /opt/airflow/dags/weather_etl.py
[2026-09-22T00:27:52.332+0000] {processor.py:925} INFO - DAG(s) 'weather_etl' retrieved from /opt/airflow/dags/weather_etl.py
[2026-09-22T00:27:52.422+0000] {logging_mixin.py:190} INFO - [2026-09-22T00:27:52.421+0000] {dag.py:3229} INFO - Sync 1 DAGs
[2026-09-22T00:27:52.450+0000] {logging_mixin.py:190} INFO - [2026-09-22T00:27:52.449+0000] {dag.py:4156} INFO - Setting next_dagrun for weather_etl to 2026-09-21 02:30:00+00:00, run_after=2026-09-22 02:30:00+00:00
[2026-09-22T00:27:52.503+0000] {processor.py:208} INFO - Processing /opt/airflow/dags/weather_etl.py took 0.226 seconds
[2026-09-22T00:28:22.633+0000] {processor.py:186} INFO - Started process (PID=542) to work on /opt/airflow/dags/weather_etl.py
[2026-09-22T00:28:22.634+0000] {processor.py:914} INFO - Processing file /opt/airflow/dags/weather_etl.py for tasks to queue
[2026-09-22T00:28:22.641+0000] {logging_mixin.py:190} INFO - [2026-09-22T00:28:22.641+0000] {dagbag.py:587} INFO - Filling up the DagBag from /opt/airflow/dags/weather_etl.py
[2026-09-22T00:28:22.695+0000] {processor.py:925} INFO - DAG(s) 'weather_etl' retrieved from /opt/airflow/dags/weather_etl.py
[2026-09-22T00:28:22.712+0000] {logging_mixin.py:190} INFO - [2026-09-22T00:28:22.712+0000] {dag.py:3229} INFO - Sync 1 DAGs
[2026-09-22T00:28:22.731+0000] {logging_mixin.py:190} INFO - [2026-09-22T00:28:22.731+0000] {dag.py:4156} INFO - Setting next_dagrun for weather_etl to 2026-09-21 02:30:00+00:00, run_after=2026-09-22 02:30:00+00:00
[2026-09-22T00:28:22.740+0000] {processor.py:208} INFO - Processing /opt/airflow/dags/weather_etl.py took 0.119 seconds
[2026-09-22T00:28:53.037+0000] {processor.py:186} INFO - Started process (PID=553) to work on /opt/airflow/dags/weather_etl.py
[2026-09-22T00:28:53.039+0000] {processor.py:914} INFO - Processing file /opt/airflow/dags/weather_etl.py for tasks to queue
[2026-09-22T00:28:53.043+0000] {logging_mixin.py:190} INFO - [2026-09-22T00:28:53.043+0000] {dagbag.py:587} INFO - Filling up the DagBag from /opt/airflow/dags/weather_etl.py
[2026-09-22T00:28:53.088+0000] {processor.py:925} INFO - DAG(s) 'weather_etl' retrieved from /opt/airflow/dags/weather_etl.py
[2026-09-22T00:28:53.109+0000] {logging_mixin.py:190} INFO - [2026-09-22T00:28:53.109+0000] {dag.py:3229} INFO - Sync 1 DAGs
[2026-09-22T00:28:53.128+0000] {logging_mixin.py:190} INFO - [2026-09-22T00:28:53.128+0000] {dag.py:4156} INFO - Setting next_dagrun for weather_etl to 2026-09-21 02:30:00+00:00, run_after=2026-09-22 02:30:00+00:00
[2026-09-22T00:28:53.141+0000] {processor.py:208} INFO - Processing /opt/airflow/dags/weather_etl.py took 0.138 seconds
[2026-09-22T00:29:23.574+0000] {processor.py:186} INFO - Started process (PID=564) to work on /opt/airflow/dags/weather_etl.py
[2026-09-22T00:29:23.576+0000] {processor.py:914} INFO - Processing file /opt/airflow/dags/weather_etl.py for tasks to queue
[2026-09-22T00:29:23.580+0000] {logging_mixin.py:190} INFO - [2026-09-22T00:29:23.580+0000] {dagbag.py:587} INFO - Filling up the DagBag from /opt/airflow/dags/weather_etl.py
[2026-09-22T00:29:23.612+0000] {processor.py:925} INFO - DAG(s) 'weather_etl' retrieved from /opt/airflow/dags/weather_etl.py
[2026-09-22T00:29:23.632+0000] {logging_mixin.py:190} INFO - [2026-09-22T00:29:23.632+0000] {dag.py:3229} INFO - Sync 1 DAGs
[2026-09-22T00:29:23.653+0000] {logging_mixin.py:190} INFO - [2026-09-22T00:29:23.653+0000] {dag.py:4156} INFO - Setting next_dagrun for weather_etl to 2026-09-21 02:30:00+00:00, run_after=2026-09-22 02:30:00+00:00
[2026-09-22T00:29:23.667+0000] {processor.py:208} INFO - Processing /opt/airflow/dags/weather_etl.py took 0.102 seconds
[2026-09-22T00:29:54.022+0000] {processor.py:186} INFO - Started process (PID=593) to work on /opt/airflow/dags/weather_etl.py
[2026-09-22T00:29:54.029+0000] {processor.py:914} INFO - Processing file /opt/airflow/dags/weather_etl.py for tasks to queue
[2026-09-22T00:29:54.044+0000] {logging_mixin.py:190} INFO - [2026-09-22T00:29:54.043+0000] {dagbag.py:587} INFO - Filling up the DagBag from /opt/airflow/dags/weather_etl.py
[2026-09-22T00:29:54.140+0000] {processor.py:925} INFO - DAG(s) 'weather_etl' retrieved from /opt/airflow/dags/weather_etl.py
[2026-09-22T00:29:54.172+0000] {logging_mixin.py:190} INFO - [2026-09-22T00:29:54.170+0000] {dag.py:3229} INFO - Sync 1 DAGs
[2026-09-22T00:29:54.202+0000] {logging_mixin.py:190} INFO - [2026-09-22T00:29:54.202+0000] {dag.py:4156} INFO - Setting next_dagrun for weather_etl to 2026-09-21 02:30:00+00:00, run_after=2026-09-22 02:30:00+00:00
[2026-09-22T00:29:54.215+0000] {processor.py:208} INFO - Processing /opt/airflow/dags/weather_etl.py took 0.219 seconds
[2026-09-22T00:30:24.434+0000] {processor.py:186} INFO - Started process (PID=604) to work on /opt/airflow/dags/weather_etl.py
[2026-09-22T00:30:24.439+0000] {processor.py:914} INFO - Processing file /opt/airflow/dags/weather_etl.py for tasks to queue
[2026-09-22T00:30:24.442+0000] {logging_mixin.py:190} INFO - [2026-09-22T00:30:24.442+0000] {dagbag.py:587} INFO - Filling up the DagBag from /opt/airflow/dags/weather_etl.py
[2026-09-22T00:30:24.481+0000] {processor.py:925} INFO - DAG(s) 'weather_etl' retrieved from /opt/airflow/dags/weather_etl.py
[2026-09-22T00:30:24.509+0000] {logging_mixin.py:190} INFO - [2026-09-22T00:30:24.508+0000] {dag.py:3229} INFO - Sync 1 DAGs
[2026-09-22T00:30:24.533+0000] {logging_mixin.py:190} INFO - [2026-09-22T00:30:24.533+0000] {dag.py:4156} INFO - Setting next_dagrun for weather_etl to 2026-09-21 02:30:00+00:00, run_after=2026-09-22 02:30:00+00:00
[2026-09-22T00:30:24.546+0000] {processor.py:208} INFO - Processing /opt/airflow/dags/weather_etl.py took 0.129 seconds
[2026-09-22T00:30:54.844+0000] {processor.py:186} INFO - Started process (PID=615) to work on /opt/airflow/dags/weather_etl.py
[2026-09-22T00:30:54.846+0000] {processor.py:914} INFO - Processing file /opt/airflow/dags/weather_etl.py for tasks to queue
[2026-09-22T00:30:54.849+0000] {logging_mixin.py:190} INFO - [2026-09-22T00:30:54.849+0000] {dagbag.py:587} INFO - Filling up the DagBag from /opt/airflow/dags/weather_etl.py
[2026-09-22T00:30:54.876+0000] {processor.py:925} INFO - DAG(s) 'weather_etl' retrieved from /opt/airflow/dags/weather_etl.py
[2026-09-22T00:30:54.895+0000] {logging_mixin.py:190} INFO - [2026-09-22T00:30:54.895+0000] {dag.py:3229} INFO - Sync 1 DAGs
[2026-09-22T00:30:54.915+0000] {logging_mixin.py:190} INFO - [2026-09-22T00:30:54.915+0000] {dag.py:4156} INFO - Setting next_dagrun for weather_etl to 2026-09-21 02:30:00+00:00, run_after=2026-09-22 02:30:00+00:00
[2026-09-22T00:30:54.923+0000] {processor.py:208} INFO - Processing /opt/airflow/dags/weather_etl.py took 0.095 seconds
[2026-09-22T00:31:25.314+0000] {processor.py:186} INFO - Started process (PID=626) to work on /opt/airflow/dags/weather_etl.py
[2026-09-22T00:31:25.315+0000] {processor.py:914} INFO - Processing file /opt/airflow/dags/weather_etl.py for tasks to queue
[2026-09-22T00:31:25.319+0000] {logging_mixin.py:190} INFO - [2026-09-22T00:31:25.319+0000] {dagbag.py:587} INFO - Filling up the DagBag from /opt/airflow/dags/weather_etl.py
[2026-09-22T00:31:25.373+0000] {processor.py:925} INFO - DAG(s) 'weather_etl' retrieved from /opt/airflow/dags/weather_etl.py
[2026-09-22T00:31:25.404+0000] {logging_mixin.py:190} INFO - [2026-09-22T00:31:25.403+0000] {dag.py:3229} INFO - Sync 1 DAGs
[2026-09-22T00:31:25.431+0000] {logging_mixin.py:190} INFO - [2026-09-22T00:31:25.431+0000] {dag.py:4156} INFO - Setting next_dagrun for weather_etl to 2026-09-21 02:30:00+00:00, run_after=2026-09-22 02:30:00+00:00
[2026-09-22T00:31:25.441+0000] {processor.py:208} INFO - Processing /opt/airflow/dags/weather_etl.py took 0.137 seconds
[2026-09-22T00:31:55.687+0000] {processor.py:186} INFO - Started process (PID=637) to work on /opt/airflow/dags/weather_etl.py
[2026-09-22T00:31:55.690+0000] {processor.py:914} INFO - Processing file /opt/airflow/dags/weather_etl.py for tasks to queue
[2026-09-22T00:31:55.694+0000] {logging_mixin.py:190} INFO - [2026-09-22T00:31:55.693+0000] {dagbag.py:587} INFO - Filling up the DagBag from /opt/airflow/dags/weather_etl.py
[2026-09-22T00:31:55.717+0000] {processor.py:925} INFO - DAG(s) 'weather_etl' retrieved from /opt/airflow/dags/weather_etl.py
[2026-09-22T00:31:55.729+0000] {logging_mixin.py:190} INFO - [2026-09-22T00:31:55.729+0000] {dag.py:3229} INFO - Sync 1 DAGs
[2026-09-22T00:31:55.741+0000] {logging_mixin.py:190} INFO - [2026-09-22T00:31:55.740+0000] {dag.py:4156} INFO - Setting next_dagrun for weather_etl to 2026-09-21 02:30:00+00:00, run_after=2026-09-22 02:30:00+00:00
[2026-09-22T00:31:55.748+0000] {processor.py:208} INFO - Processing /opt/airflow/dags/weather_etl.py took 0.068 seconds
[2026-09-22T00:32:26.104+0000] {processor.py:186} INFO - Started process (PID=648) to work on /opt/airflow/dags/weather_etl.py
[2026-09-22T00:32:26.105+0000] {processor.py:914} INFO - Processing file /opt/airflow/dags/weather_etl.py for tasks to queue
[2026-09-22T00:32:26.109+0000] {logging_mixin.py:190} INFO - [2026-09-22T00:32:26.108+0000] {dagbag.py:587} INFO - Filling up the DagBag from /opt/airflow/dags/weather_etl.py
[2026-09-22T00:32:26.130+0000] {processor.py:925} INFO - DAG(s) 'weather_etl' retrieved from /opt/airflow/dags/weather_etl.py
[2026-09-22T00:32:26.141+0000] {logging_mixin.py:190} INFO - [2026-09-22T00:32:26.141+0000] {dag.py:3229} INFO - Sync 1 DAGs
[2026-09-22T00:32:26.152+0000] {logging_mixin.py:190} INFO - [2026-09-22T00:32:26.152+0000] {dag.py:4156} INFO - Setting next_dagrun for weather_etl to 2026-09-21 02:30:00+00:00, run_after=2026-09-22 02:30:00+00:00
[2026-09-22T00:32:26.159+0000] {processor.py:208} INFO - Processing /opt/airflow/dags/weather_etl.py took 0.065 seconds
[2026-09-22T00:32:56.503+0000] {processor.py:186} INFO - Started process (PID=659) to work on /opt/airflow/dags/weather_etl.py
[2026-09-22T00:32:56.506+0000] {processor.py:914} INFO - Processing file /opt/airflow/dags/weather_etl.py for tasks to queue
[2026-09-22T00:32:56.509+0000] {logging_mixin.py:190} INFO - [2026-09-22T00:32:56.509+0000] {dagbag.py:587} INFO - Filling up the DagBag from /opt/airflow/dags/weather_etl.py
[2026-09-22T00:32:56.531+0000] {processor.py:925} INFO - DAG(s) 'weather_etl' retrieved from /opt/airflow/dags/weather_etl.py
[2026-09-22T00:32:56.547+0000] {logging_mixin.py:190} INFO - [2026-09-22T00:32:56.547+0000] {dag.py:3229} INFO - Sync 1 DAGs
[2026-09-22T00:32:56.563+0000] {logging_mixin.py:190} INFO - [2026-09-22T00:32:56.563+0000] {dag.py:4156} INFO - Setting next_dagrun for weather_etl to 2026-09-21 02:30:00+00:00, run_after=2026-09-22 02:30:00+00:00
[2026-09-22T00:32:56.570+0000] {processor.py:208} INFO - Processing /opt/airflow/dags/weather_etl.py took 0.094 seconds
[2026-09-22T00:33:26.867+0000] {processor.py:186} INFO - Started process (PID=670) to work on /opt/airflow/dags/weather_etl.py
[2026-09-22T00:33:26.868+0000] {processor.py:914} INFO - Processing file /opt/airflow/dags/weather_etl.py for tasks to queue
[2026-09-22T00:33:26.872+0000] {logging_mixin.py:190} INFO - [2026-09-22T00:33:26.871+0000] {dagbag.py:587} INFO - Filling up the DagBag from /opt/airflow/dags/weather_etl.py
[2026-09-22T00:33:26.897+0000] {processor.py:925} INFO - DAG(s) 'weather_etl' retrieved from /opt/airflow/dags/weather_etl.py
[2026-09-22T00:33:26.909+0000] {logging_mixin.py:190} INFO - [2026-09-22T00:33:26.909+0000] {dag.py:3229} INFO - Sync 1 DAGs
[2026-09-22T00:33:26.922+0000] {logging_mixin.py:190} INFO - [2026-09-22T00:33:26.922+0000] {dag.py:4156} INFO - Setting next_dagrun for weather_etl to 2026-09-21 02:30:00+00:00, run_after=2026-09-22 02:30:00+00:00
[2026-09-22T00:33:26.929+0000] {processor.py:208} INFO - Processing /opt/airflow/dags/weather_etl.py took 0.071 seconds
[2026-09-22T00:33:57.242+0000] {processor.py:186} INFO - Started process (PID=681) to work on /opt/airflow/dags/weather_etl.py
[2026-09-22T00:33:57.243+0000] {processor.py:914} INFO - Processing file /opt/airflow/dags/weather_etl.py for tasks to queue
[2026-09-22T00:33:57.244+0000] {logging_mixin.py:190} INFO - [2026-09-22T00:33:57.244+0000] {dagbag.py:587} INFO - Filling up the DagBag from /opt/airflow/dags/weather_etl.py
[2026-09-22T00:33:57.260+0000] {processor.py:925} INFO - DAG(s) 'weather_etl' retrieved from /opt/airflow/dags/weather_etl.py
[2026-09-22T00:33:57.270+0000] {logging_mixin.py:190} INFO - [2026-09-22T00:33:57.270+0000] {dag.py:3229} INFO - Sync 1 DAGs
[2026-09-22T00:33:57.280+0000] {logging_mixin.py:190} INFO - [2026-09-22T00:33:57.280+0000] {dag.py:4156} INFO - Setting next_dagrun for weather_etl to 2026-09-21 02:30:00+00:00, run_after=2026-09-22 02:30:00+00:00
[2026-09-22T00:33:57.291+0000] {processor.py:208} INFO - Processing /opt/airflow/dags/weather_etl.py took 0.053 seconds
[2026-09-22T00:34:27.594+0000] {processor.py:186} INFO - Started process (PID=692) to work on /opt/airflow/dags/weather_etl.py
[2026-09-22T00:34:27.596+0000] {processor.py:914} INFO - Processing file /opt/airflow/dags/weather_etl.py for tasks to queue
[2026-09-22T00:34:27.600+0000] {logging_mixin.py:190} INFO - [2026-09-22T00:34:27.599+0000] {dagbag.py:587} INFO - Filling up the DagBag from /opt/airflow/dags/weather_etl.py
[2026-09-22T00:34:27.622+0000] {processor.py:925} INFO - DAG(s) 'weather_etl' retrieved from /opt/airflow/dags/weather_etl.py
[2026-09-22T00:34:27.633+0000] {logging_mixin.py:190} INFO - [2026-09-22T00:34:27.633+0000] {dag.py:3229} INFO - Sync 1 DAGs
[2026-09-22T00:34:27.645+0000] {logging_mixin.py:190} INFO - [2026-09-22T00:34:27.645+0000] {dag.py:4156} INFO - Setting next_dagrun for weather_etl to 2026-09-21 02:30:00+00:00, run_after=2026-09-22 02:30:00+00:00
[2026-09-22T00:34:27.653+0000] {processor.py:208} INFO - Processing /opt/airflow/dags/weather_etl.py took 0.066 seconds
[2026-09-22T00:34:57.930+0000] {processor.py:186} INFO - Started process (PID=703) to work on /opt/airflow/dags/weather_etl.py
[2026-09-22T00:34:57.932+0000] {processor.py:914} INFO - Processing file /opt/airflow/dags/weather_etl.py for tasks to queue
[2026-09-22T00:34:57.935+0000] {logging_mixin.py:190} INFO - [2026-09-22T00:34:57.934+0000] {dagbag.py:587} INFO - Filling up the DagBag from /opt/airflow/dags/weather_etl.py
[2026-09-22T00:34:57.955+0000] {processor.py:925} INFO - DAG(s) 'weather_etl' retrieved from /opt/airflow/dags/weather_etl.py
[2026-09-22T00:34:57.964+0000] {logging_mixin.py:190} INFO - [2026-09-22T00:34:57.964+0000] {dag.py:3229} INFO - Sync 1 DAGs
[2026-09-22T00:34:57.976+0000] {logging_mixin.py:190} INFO - [2026-09-22T00:34:57.976+0000] {dag.py:4156} INFO - Setting next_dagrun for weather_etl to 2026-09-21 02:30:00+00:00, run_after=2026-09-22 02:30:00+00:00
[2026-09-22T00:34:57.983+0000] {processor.py:208} INFO - Processing /opt/airflow/dags/weather_etl.py took 0.058 seconds
[2026-09-22T00:35:28.309+0000] {processor.py:186} INFO - Started process (PID=714) to work on /opt/airflow/dags/weather_etl.py
[2026-09-22T00:35:28.310+0000] {processor.py:914} INFO - Processing file /opt/airflow/dags/weather_etl.py for tasks to queue
[2026-09-22T00:35:28.313+0000] {logging_mixin.py:190} INFO - [2026-09-22T00:35:28.312+0000] {dagbag.py:587} INFO - Filling up the DagBag from /opt/airflow/dags/weather_etl.py
[2026-09-22T00:35:28.338+0000] {processor.py:925} INFO - DAG(s) 'weather_etl' retrieved from /opt/airflow/dags/weather_etl.py
[2026-09-22T00:35:28.350+0000] {logging_mixin.py:190} INFO - [2026-09-22T00:35:28.350+0000] {dag.py:3229} INFO - Sync 1 DAGs
[2026-09-22T00:35:28.363+0000] {logging_mixin.py:190} INFO - [2026-09-22T00:35:28.363+0000] {dag.py:4156} INFO - Setting next_dagrun for weather_etl to 2026-09-21 02:30:00+00:00, run_after=2026-09-22 02:30:00+00:00
[2026-09-22T00:35:28.370+0000] {processor.py:208} INFO - Processing /opt/airflow/dags/weather_etl.py took 0.069 seconds
[2026-09-22T00:35:58.691+0000] {processor.py:186} INFO - Started process (PID=725) to work on /opt/airflow/dags/weather_etl.py
[2026-09-22T00:35:58.693+0000] {processor.py:914} INFO - Processing file /opt/airflow/dags/weather_etl.py for tasks to queue
[2026-09-22T00:35:58.697+0000] {logging_mixin.py:190} INFO - [2026-09-22T00:35:58.696+0000] {dagbag.py:587} INFO - Filling up the DagBag from /opt/airflow/dags/weather_etl.py
[2026-09-22T00:35:58.720+0000] {processor.py:925} INFO - DAG(s) 'weather_etl' retrieved from /opt/airflow/dags/weather_etl.py
[2026-09-22T00:35:58.732+0000] {logging_mixin.py:190} INFO - [2026-09-22T00:35:58.731+0000] {dag.py:3229} INFO - Sync 1 DAGs
[2026-09-22T00:35:58.745+0000] {logging_mixin.py:190} INFO - [2026-09-22T00:35:58.745+0000] {dag.py:4156} INFO - Setting next_dagrun for weather_etl to 2026-09-21 02:30:00+00:00, run_after=2026-09-22 02:30:00+00:00
[2026-09-22T00:35:58.752+0000] {processor.py:208} INFO - Processing /opt/airflow/dags/weather_etl.py took 0.068 seconds
[2026-09-22T00:36:29.082+0000] {processor.py:186} INFO - Started process (PID=736) to work on /opt/airflow/dags/weather_etl.py
[2026-09-22T00:36:29.085+0000] {processor.py:914} INFO - Processing file /opt/airflow/dags/weather_etl.py for tasks to queue
[2026-09-22T00:36:29.087+0000] {logging_mixin.py:190} INFO - [2026-09-22T00:36:29.087+0000] {dagbag.py:587} INFO - Filling up the DagBag from /opt/airflow/dags/weather_etl.py
[2026-09-22T00:36:29.105+0000] {processor.py:925} INFO - DAG(s) 'weather_etl' retrieved from /opt/airflow/dags/weather_etl.py
[2026-09-22T00:36:29.113+0000] {logging_mixin.py:190} INFO - [2026-09-22T00:36:29.113+0000] {dag.py:3229} INFO - Sync 1 DAGs
[2026-09-22T00:36:29.126+0000] {logging_mixin.py:190} INFO - [2026-09-22T00:36:29.126+0000] {dag.py:4156} INFO - Setting next_dagrun for weather_etl to 2026-09-21 02:30:00+00:00, run_after=2026-09-22 02:30:00+00:00
[2026-09-22T00:36:29.132+0000] {processor.py:208} INFO - Processing /opt/airflow/dags/weather_etl.py took 0.056 seconds
[2026-09-22T00:36:59.470+0000] {processor.py:186} INFO - Started process (PID=747) to work on /opt/airflow/dags/weather_etl.py
[2026-09-22T00:36:59.475+0000] {processor.py:914} INFO - Processing file /opt/airflow/dags/weather_etl.py for tasks to queue
[2026-09-22T00:36:59.479+0000] {logging_mixin.py:190} INFO - [2026-09-22T00:36:59.478+0000] {dagbag.py:587} INFO - Filling up the DagBag from /opt/airflow/dags/weather_etl.py
[2026-09-22T00:36:59.512+0000] {processor.py:925} INFO - DAG(s) 'weather_etl' retrieved from /opt/airflow/dags/weather_etl.py
[2026-09-22T00:36:59.535+0000] {logging_mixin.py:190} INFO - [2026-09-22T00:36:59.534+0000] {dag.py:3229} INFO - Sync 1 DAGs
[2026-09-22T00:36:59.553+0000] {logging_mixin.py:190} INFO - [2026-09-22T00:36:59.553+0000] {dag.py:4156} INFO - Setting next_dagrun for weather_etl to 2026-09-21 02:30:00+00:00, run_after=2026-09-22 02:30:00+00:00
[2026-09-22T00:36:59.561+0000] {processor.py:208} INFO - Processing /opt/airflow/dags/weather_etl.py took 0.099 seconds
[2026-09-22T00:37:29.880+0000] {processor.py:186} INFO - Started process (PID=758) to work on /opt/airflow/dags/weather_etl.py
[2026-09-22T00:37:29.881+0000] {processor.py:914} INFO - Processing file /opt/airflow/dags/weather_etl.py for tasks to queue
[2026-09-22T00:37:29.885+0000] {logging_mixin.py:190} INFO - [2026-09-22T00:37:29.885+0000] {dagbag.py:587} INFO - Filling up the DagBag from /opt/airflow/dags/weather_etl.py
[2026-09-22T00:37:29.910+0000] {processor.py:925} INFO - DAG(s) 'weather_etl' retrieved from /opt/airflow/dags/weather_etl.py
[2026-09-22T00:37:29.922+0000] {logging_mixin.py:190} INFO - [2026-09-22T00:37:29.922+0000] {dag.py:3229} INFO - Sync 1 DAGs
[2026-09-22T00:37:29.934+0000] {logging_mixin.py:190} INFO - [2026-09-22T00:37:29.934+0000] {dag.py:4156} INFO - Setting next_dagrun for weather_etl to 2026-09-21 02:30:00+00:00, run_after=2026-09-22 02:30:00+00:00
[2026-09-22T00:37:29.941+0000] {processor.py:208} INFO - Processing /opt/airflow/dags/weather_etl.py took 0.069 seconds
[2026-09-22T00:38:00.244+0000] {processor.py:186} INFO - Started process (PID=769) to work on /opt/airflow/dags/weather_etl.py
[2026-09-22T00:38:00.246+0000] {processor.py:914} INFO - Processing file /opt/airflow/dags/weather_etl.py for tasks to queue
[2026-09-22T00:38:00.249+0000] {logging_mixin.py:190} INFO - [2026-09-22T00:38:00.248+0000] {dagbag.py:587} INFO - Filling up the DagBag from /opt/airflow/dags/weather_etl.py
[2026-09-22T00:38:00.273+0000] {processor.py:925} INFO - DAG(s) 'weather_etl' retrieved from /opt/airflow/dags/weather_etl.py
[2026-09-22T00:38:00.284+0000] {logging_mixin.py:190} INFO - [2026-09-22T00:38:00.284+0000] {dag.py:3229} INFO - Sync 1 DAGs
[2026-09-22T00:38:00.298+0000] {logging_mixin.py:190} INFO - [2026-09-22T00:38:00.298+0000] {dag.py:4156} INFO - Setting next_dagrun for weather_etl to 2026-09-21 02:30:00+00:00, run_after=2026-09-22 02:30:00+00:00
[2026-09-22T00:38:00.305+0000] {processor.py:208} INFO - Processing /opt/airflow/dags/weather_etl.py took 0.070 seconds
[2026-09-22T00:38:30.643+0000] {processor.py:186} INFO - Started process (PID=780) to work on /opt/airflow/dags/weather_etl.py
[2026-09-22T00:38:30.645+0000] {processor.py:914} INFO - Processing file /opt/airflow/dags/weather_etl.py for tasks to queue
[2026-09-22T00:38:30.648+0000] {logging_mixin.py:190} INFO - [2026-09-22T00:38:30.647+0000] {dagbag.py:587} INFO - Filling up the DagBag from /opt/airflow/dags/weather_etl.py
[2026-09-22T00:38:30.670+0000] {processor.py:925} INFO - DAG(s) 'weather_etl' retrieved from /opt/airflow/dags/weather_etl.py
[2026-09-22T00:38:30.681+0000] {logging_mixin.py:190} INFO - [2026-09-22T00:38:30.680+0000] {dag.py:3229} INFO - Sync 1 DAGs
[2026-09-22T00:38:30.692+0000] {logging_mixin.py:190} INFO - [2026-09-22T00:38:30.692+0000] {dag.py:4156} INFO - Setting next_dagrun for weather_etl to 2026-09-21 02:30:00+00:00, run_after=2026-09-22 02:30:00+00:00
[2026-09-22T00:38:30.699+0000] {processor.py:208} INFO - Processing /opt/airflow/dags/weather_etl.py took 0.063 seconds
[2026-09-22T00:39:00.972+0000] {processor.py:186} INFO - Started process (PID=791) to work on /opt/airflow/dags/weather_etl.py
[2026-09-22T00:39:00.974+0000] {processor.py:914} INFO - Processing file /opt/airflow/dags/weather_etl.py for tasks to queue
[2026-09-22T00:39:00.976+0000] {logging_mixin.py:190} INFO - [2026-09-22T00:39:00.976+0000] {dagbag.py:587} INFO - Filling up the DagBag from /opt/airflow/dags/weather_etl.py
[2026-09-22T00:39:00.996+0000] {processor.py:925} INFO - DAG(s) 'weather_etl' retrieved from /opt/airflow/dags/weather_etl.py
[2026-09-22T00:39:01.007+0000] {logging_mixin.py:190} INFO - [2026-09-22T00:39:01.006+0000] {dag.py:3229} INFO - Sync 1 DAGs
[2026-09-22T00:39:01.020+0000] {logging_mixin.py:190} INFO - [2026-09-22T00:39:01.020+0000] {dag.py:4156} INFO - Setting next_dagrun for weather_etl to 2026-09-21 02:30:00+00:00, run_after=2026-09-22 02:30:00+00:00
[2026-09-22T00:39:01.027+0000] {processor.py:208} INFO - Processing /opt/airflow/dags/weather_etl.py took 0.062 seconds
[2026-09-22T00:39:31.329+0000] {processor.py:186} INFO - Started process (PID=802) to work on /opt/airflow/dags/weather_etl.py
[2026-09-22T00:39:31.330+0000] {processor.py:914} INFO - Processing file /opt/airflow/dags/weather_etl.py for tasks to queue
[2026-09-22T00:39:31.332+0000] {logging_mixin.py:190} INFO - [2026-09-22T00:39:31.332+0000] {dagbag.py:587} INFO - Filling up the DagBag from /opt/airflow/dags/weather_etl.py
[2026-09-22T00:39:31.354+0000] {processor.py:925} INFO - DAG(s) 'weather_etl' retrieved from /opt/airflow/dags/weather_etl.py
[2026-09-22T00:39:31.366+0000] {logging_mixin.py:190} INFO - [2026-09-22T00:39:31.366+0000] {dag.py:3229} INFO - Sync 1 DAGs
[2026-09-22T00:39:31.379+0000] {logging_mixin.py:190} INFO - [2026-09-22T00:39:31.378+0000] {dag.py:4156} INFO - Setting next_dagrun for weather_etl to 2026-09-21 02:30:00+00:00, run_after=2026-09-22 02:30:00+00:00
[2026-09-22T00:39:31.386+0000] {processor.py:208} INFO - Processing /opt/airflow/dags/weather_etl.py took 0.062 seconds
[2026-09-22T00:40:01.709+0000] {processor.py:186} INFO - Started process (PID=813) to work on /opt/airflow/dags/weather_etl.py
[2026-09-22T00:40:01.712+0000] {processor.py:914} INFO - Processing file /opt/airflow/dags/weather_etl.py for tasks to queue
[2026-09-22T00:40:01.715+0000] {logging_mixin.py:190} INFO - [2026-09-22T00:40:01.715+0000] {dagbag.py:587} INFO - Filling up the DagBag from /opt/airflow/dags/weather_etl.py
[2026-09-22T00:40:01.738+0000] {processor.py:925} INFO - DAG(s) 'weather_etl' retrieved from /opt/airflow/dags/weather_etl.py
[2026-09-22T00:40:01.748+0000] {logging_mixin.py:190} INFO - [2026-09-22T00:40:01.748+0000] {dag.py:3229} INFO - Sync 1 DAGs
[2026-09-22T00:40:01.759+0000] {logging_mixin.py:190} INFO - [2026-09-22T00:40:01.759+0000] {dag.py:4156} INFO - Setting next_dagrun for weather_etl to 2026-09-21 02:30:00+00:00, run_after=2026-09-22 02:30:00+00:00
[2026-09-22T00:40:01.765+0000] {processor.py:208} INFO - Processing /opt/airflow/dags/weather_etl.py took 0.064 seconds
[2026-09-22T00:40:32.101+0000] {processor.py:186} INFO - Started process (PID=824) to work on /opt/airflow/dags/weather_etl.py
[2026-09-22T00:40:32.104+0000] {processor.py:914} INFO - Processing file /opt/airflow/dags/weather_etl.py for tasks to queue
[2026-09-22T00:40:32.112+0000] {logging_mixin.py:190} INFO - [2026-09-22T00:40:32.111+0000] {dagbag.py:587} INFO - Filling up the DagBag from /opt/airflow/dags/weather_etl.py
[2026-09-22T00:40:32.154+0000] {processor.py:925} INFO - DAG(s) 'weather_etl' retrieved from /opt/airflow/dags/weather_etl.py
[2026-09-22T00:40:32.174+0000] {logging_mixin.py:190} INFO - [2026-09-22T00:40:32.174+0000] {dag.py:3229} INFO - Sync 1 DAGs
[2026-09-22T00:40:32.192+0000] {logging_mixin.py:190} INFO - [2026-09-22T00:40:32.191+0000] {dag.py:4156} INFO - Setting next_dagrun for weather_etl to 2026-09-21 02:30:00+00:00, run_after=2026-09-22 02:30:00+00:00
[2026-09-22T00:40:32.202+0000] {processor.py:208} INFO - Processing /opt/airflow/dags/weather_etl.py took 0.108 seconds
[2026-09-22T00:41:02.466+0000] {processor.py:186} INFO - Started process (PID=835) to work on /opt/airflow/dags/weather_etl.py
[2026-09-22T00:41:02.469+0000] {processor.py:914} INFO - Processing file /opt/airflow/dags/weather_etl.py for tasks to queue
[2026-09-22T00:41:02.475+0000] {logging_mixin.py:190} INFO - [2026-09-22T00:41:02.475+0000] {dagbag.py:587} INFO - Filling up the DagBag from /opt/airflow/dags/weather_etl.py
[2026-09-22T00:41:02.500+0000] {processor.py:925} INFO - DAG(s) 'weather_etl' retrieved from /opt/airflow/dags/weather_etl.py
[2026-09-22T00:41:02.512+0000] {logging_mixin.py:190} INFO - [2026-09-22T00:41:02.512+0000] {dag.py:3229} INFO - Sync 1 DAGs
[2026-09-22T00:41:02.524+0000] {logging_mixin.py:190} INFO - [2026-09-22T00:41:02.524+0000] {dag.py:4156} INFO - Setting next_dagrun for weather_etl to 2026-09-21 02:30:00+00:00, run_after=2026-09-22 02:30:00+00:00
[2026-09-22T00:41:02.532+0000] {processor.py:208} INFO - Processing /opt/airflow/dags/weather_etl.py took 0.077 seconds
[2026-09-22T00:41:32.854+0000] {processor.py:186} INFO - Started process (PID=846) to work on /opt/airflow/dags/weather_etl.py
[2026-09-22T00:41:32.855+0000] {processor.py:914} INFO - Processing file /opt/airflow/dags/weather_etl.py for tasks to queue
[2026-09-22T00:41:32.857+0000] {logging_mixin.py:190} INFO - [2026-09-22T00:41:32.857+0000] {dagbag.py:587} INFO - Filling up the DagBag from /opt/airflow/dags/weather_etl.py
[2026-09-22T00:41:32.879+0000] {processor.py:925} INFO - DAG(s) 'weather_etl' retrieved from /opt/airflow/dags/weather_etl.py
[2026-09-22T00:41:32.890+0000] {logging_mixin.py:190} INFO - [2026-09-22T00:41:32.889+0000] {dag.py:3229} INFO - Sync 1 DAGs
[2026-09-22T00:41:32.902+0000] {logging_mixin.py:190} INFO - [2026-09-22T00:41:32.902+0000] {dag.py:4156} INFO - Setting next_dagrun for weather_etl to 2026-09-21 02:30:00+00:00, run_after=2026-09-22 02:30:00+00:00
[2026-09-22T00:41:32.910+0000] {processor.py:208} INFO - Processing /opt/airflow/dags/weather_etl.py took 0.065 seconds
[2026-09-22T00:42:03.363+0000] {processor.py:186} INFO - Started process (PID=856) to work on /opt/airflow/dags/weather_etl.py
[2026-09-22T00:42:03.365+0000] {processor.py:914} INFO - Processing file /opt/airflow/dags/weather_etl.py for tasks to queue
[2026-09-22T00:42:03.368+0000] {logging_mixin.py:190} INFO - [2026-09-22T00:42:03.368+0000] {dagbag.py:587} INFO - Filling up the DagBag from /opt/airflow/dags/weather_etl.py
[2026-09-22T00:42:03.416+0000] {processor.py:925} INFO - DAG(s) 'weather_etl' retrieved from /opt/airflow/dags/weather_etl.py
[2026-09-22T00:42:03.434+0000] {logging_mixin.py:190} INFO - [2026-09-22T00:42:03.433+0000] {dag.py:3229} INFO - Sync 1 DAGs
[2026-09-22T00:42:03.451+0000] {logging_mixin.py:190} INFO - [2026-09-22T00:42:03.451+0000] {dag.py:4156} INFO - Setting next_dagrun for weather_etl to 2026-09-21 02:30:00+00:00, run_after=2026-09-22 02:30:00+00:00
[2026-09-22T00:42:03.470+0000] {processor.py:208} INFO - Processing /opt/airflow/dags/weather_etl.py took 0.124 seconds
[2026-09-22T00:51:59.912+0000] {processor.py:186} INFO - Started process (PID=867) to work on /opt/airflow/dags/weather_etl.py
[2026-09-22T00:51:59.914+0000] {processor.py:914} INFO - Processing file /opt/airflow/dags/weather_etl.py for tasks to queue
[2026-09-22T00:51:59.917+0000] {logging_mixin.py:190} INFO - [2026-09-22T00:51:59.916+0000] {dagbag.py:587} INFO - Filling up the DagBag from /opt/airflow/dags/weather_etl.py
[2026-09-22T00:51:59.948+0000] {processor.py:925} INFO - DAG(s) 'weather_etl' retrieved from /opt/airflow/dags/weather_etl.py
[2026-09-22T00:51:59.963+0000] {logging_mixin.py:190} INFO - [2026-09-22T00:51:59.963+0000] {dag.py:3229} INFO - Sync 1 DAGs
[2026-09-22T00:51:59.978+0000] {logging_mixin.py:190} INFO - [2026-09-22T00:51:59.978+0000] {dag.py:4156} INFO - Setting next_dagrun for weather_etl to 2026-09-21 02:30:00+00:00, run_after=2026-09-22 02:30:00+00:00
[2026-09-22T00:51:59.987+0000] {processor.py:208} INFO - Processing /opt/airflow/dags/weather_etl.py took 0.083 seconds
[2026-09-22T00:53:51.407+0000] {processor.py:186} INFO - Started process (PID=878) to work on /opt/airflow/dags/weather_etl.py
[2026-09-22T00:53:51.485+0000] {processor.py:914} INFO - Processing file /opt/airflow/dags/weather_etl.py for tasks to queue
[2026-09-22T00:53:51.554+0000] {logging_mixin.py:190} INFO - [2026-09-22T00:53:51.527+0000] {dagbag.py:587} INFO - Filling up the DagBag from /opt/airflow/dags/weather_etl.py
[2026-09-22T00:53:51.923+0000] {processor.py:925} INFO - DAG(s) 'weather_etl' retrieved from /opt/airflow/dags/weather_etl.py
[2026-09-22T00:53:51.959+0000] {logging_mixin.py:190} INFO - [2026-09-22T00:53:51.959+0000] {dag.py:3229} INFO - Sync 1 DAGs
[2026-09-22T00:53:51.987+0000] {logging_mixin.py:190} INFO - [2026-09-22T00:53:51.987+0000] {dag.py:4156} INFO - Setting next_dagrun for weather_etl to 2026-09-21 02:30:00+00:00, run_after=2026-09-22 02:30:00+00:00
[2026-09-22T00:53:52.010+0000] {processor.py:208} INFO - Processing /opt/airflow/dags/weather_etl.py took 0.626 seconds
[2026-09-22T00:54:22.468+0000] {processor.py:186} INFO - Started process (PID=889) to work on /opt/airflow/dags/weather_etl.py
[2026-09-22T00:54:22.472+0000] {processor.py:914} INFO - Processing file /opt/airflow/dags/weather_etl.py for tasks to queue
[2026-09-22T00:54:22.476+0000] {logging_mixin.py:190} INFO - [2026-09-22T00:54:22.475+0000] {dagbag.py:587} INFO - Filling up the DagBag from /opt/airflow/dags/weather_etl.py
[2026-09-22T00:54:22.528+0000] {processor.py:925} INFO - DAG(s) 'weather_etl' retrieved from /opt/airflow/dags/weather_etl.py
[2026-09-22T00:54:22.543+0000] {logging_mixin.py:190} INFO - [2026-09-22T00:54:22.543+0000] {dag.py:3229} INFO - Sync 1 DAGs
[2026-09-22T00:54:22.557+0000] {logging_mixin.py:190} INFO - [2026-09-22T00:54:22.557+0000] {dag.py:4156} INFO - Setting next_dagrun for weather_etl to 2026-09-21 02:30:00+00:00, run_after=2026-09-22 02:30:00+00:00
[2026-09-22T00:54:22.568+0000] {processor.py:208} INFO - Processing /opt/airflow/dags/weather_etl.py took 0.108 seconds
[2026-09-22T00:54:52.895+0000] {processor.py:186} INFO - Started process (PID=900) to work on /opt/airflow/dags/weather_etl.py
[2026-09-22T00:54:52.898+0000] {processor.py:914} INFO - Processing file /opt/airflow/dags/weather_etl.py for tasks to queue
[2026-09-22T00:54:52.904+0000] {logging_mixin.py:190} INFO - [2026-09-22T00:54:52.903+0000] {dagbag.py:587} INFO - Filling up the DagBag from /opt/airflow/dags/weather_etl.py
[2026-09-22T00:54:52.934+0000] {processor.py:925} INFO - DAG(s) 'weather_etl' retrieved from /opt/airflow/dags/weather_etl.py
[2026-09-22T00:54:52.956+0000] {logging_mixin.py:190} INFO - [2026-09-22T00:54:52.956+0000] {dag.py:3229} INFO - Sync 1 DAGs
[2026-09-22T00:54:52.972+0000] {logging_mixin.py:190} INFO - [2026-09-22T00:54:52.972+0000] {dag.py:4156} INFO - Setting next_dagrun for weather_etl to 2026-09-21 02:30:00+00:00, run_after=2026-09-22 02:30:00+00:00
[2026-09-22T00:54:52.982+0000] {processor.py:208} INFO - Processing /opt/airflow/dags/weather_etl.py took 0.096 seconds
[2026-09-22T00:55:23.279+0000] {processor.py:186} INFO - Started process (PID=911) to work on /opt/airflow/dags/weather_etl.py
[2026-09-22T00:55:23.282+0000] {processor.py:914} INFO - Processing file /opt/airflow/dags/weather_etl.py for tasks to queue
[2026-09-22T00:55:23.285+0000] {logging_mixin.py:190} INFO - [2026-09-22T00:55:23.284+0000] {dagbag.py:587} INFO - Filling up the DagBag from /opt/airflow/dags/weather_etl.py
[2026-09-22T00:55:23.309+0000] {processor.py:925} INFO - DAG(s) 'weather_etl' retrieved from /opt/airflow/dags/weather_etl.py
[2026-09-22T00:55:23.323+0000] {logging_mixin.py:190} INFO - [2026-09-22T00:55:23.323+0000] {dag.py:3229} INFO - Sync 1 DAGs
[2026-09-22T00:55:23.338+0000] {logging_mixin.py:190} INFO - [2026-09-22T00:55:23.338+0000] {dag.py:4156} INFO - Setting next_dagrun for weather_etl to 2026-09-21 02:30:00+00:00, run_after=2026-09-22 02:30:00+00:00
[2026-09-22T00:55:23.346+0000] {processor.py:208} INFO - Processing /opt/airflow/dags/weather_etl.py took 0.074 seconds
[2026-09-22T00:55:53.616+0000] {processor.py:186} INFO - Started process (PID=922) to work on /opt/airflow/dags/weather_etl.py
[2026-09-22T00:55:53.618+0000] {processor.py:914} INFO - Processing file /opt/airflow/dags/weather_etl.py for tasks to queue
[2026-09-22T00:55:53.623+0000] {logging_mixin.py:190} INFO - [2026-09-22T00:55:53.622+0000] {dagbag.py:587} INFO - Filling up the DagBag from /opt/airflow/dags/weather_etl.py
[2026-09-22T00:55:53.651+0000] {processor.py:925} INFO - DAG(s) 'weather_etl' retrieved from /opt/airflow/dags/weather_etl.py
[2026-09-22T00:55:53.666+0000] {logging_mixin.py:190} INFO - [2026-09-22T00:55:53.666+0000] {dag.py:3229} INFO - Sync 1 DAGs
[2026-09-22T00:55:53.681+0000] {logging_mixin.py:190} INFO - [2026-09-22T00:55:53.681+0000] {dag.py:4156} INFO - Setting next_dagrun for weather_etl to 2026-09-21 02:30:00+00:00, run_after=2026-09-22 02:30:00+00:00
[2026-09-22T00:55:53.690+0000] {processor.py:208} INFO - Processing /opt/airflow/dags/weather_etl.py took 0.083 seconds
[2026-09-22T00:59:51.703+0000] {processor.py:186} INFO - Started process (PID=933) to work on /opt/airflow/dags/weather_etl.py
[2026-09-22T00:59:51.707+0000] {processor.py:914} INFO - Processing file /opt/airflow/dags/weather_etl.py for tasks to queue
[2026-09-22T00:59:51.715+0000] {logging_mixin.py:190} INFO - [2026-09-22T00:59:51.713+0000] {dagbag.py:587} INFO - Filling up the DagBag from /opt/airflow/dags/weather_etl.py
[2026-09-22T00:59:51.775+0000] {processor.py:925} INFO - DAG(s) 'weather_etl' retrieved from /opt/airflow/dags/weather_etl.py
[2026-09-22T00:59:51.800+0000] {logging_mixin.py:190} INFO - [2026-09-22T00:59:51.800+0000] {dag.py:3229} INFO - Sync 1 DAGs
[2026-09-22T00:59:51.831+0000] {logging_mixin.py:190} INFO - [2026-09-22T00:59:51.831+0000] {dag.py:4156} INFO - Setting next_dagrun for weather_etl to 2026-09-21 02:30:00+00:00, run_after=2026-09-22 02:30:00+00:00
[2026-09-22T00:59:51.842+0000] {processor.py:208} INFO - Processing /opt/airflow/dags/weather_etl.py took 0.153 seconds
[2026-09-22T01:00:22.018+0000] {processor.py:186} INFO - Started process (PID=944) to work on /opt/airflow/dags/weather_etl.py
[2026-09-22T01:00:22.021+0000] {processor.py:914} INFO - Processing file /opt/airflow/dags/weather_etl.py for tasks to queue
[2026-09-22T01:00:22.025+0000] {logging_mixin.py:190} INFO - [2026-09-22T01:00:22.024+0000] {dagbag.py:587} INFO - Filling up the DagBag from /opt/airflow/dags/weather_etl.py
[2026-09-22T01:00:22.059+0000] {processor.py:925} INFO - DAG(s) 'weather_etl' retrieved from /opt/airflow/dags/weather_etl.py
[2026-09-22T01:00:22.080+0000] {logging_mixin.py:190} INFO - [2026-09-22T01:00:22.079+0000] {dag.py:3229} INFO - Sync 1 DAGs
[2026-09-22T01:00:22.098+0000] {logging_mixin.py:190} INFO - [2026-09-22T01:00:22.098+0000] {dag.py:4156} INFO - Setting next_dagrun for weather_etl to 2026-09-21 02:30:00+00:00, run_after=2026-09-22 02:30:00+00:00
[2026-09-22T01:00:22.111+0000] {processor.py:208} INFO - Processing /opt/airflow/dags/weather_etl.py took 0.102 seconds
[2026-09-22T01:00:52.391+0000] {processor.py:186} INFO - Started process (PID=955) to work on /opt/airflow/dags/weather_etl.py
[2026-09-22T01:00:52.395+0000] {processor.py:914} INFO - Processing file /opt/airflow/dags/weather_etl.py for tasks to queue
[2026-09-22T01:00:52.398+0000] {logging_mixin.py:190} INFO - [2026-09-22T01:00:52.398+0000] {dagbag.py:587} INFO - Filling up the DagBag from /opt/airflow/dags/weather_etl.py
[2026-09-22T01:00:52.437+0000] {processor.py:925} INFO - DAG(s) 'weather_etl' retrieved from /opt/airflow/dags/weather_etl.py
[2026-09-22T01:00:52.454+0000] {logging_mixin.py:190} INFO - [2026-09-22T01:00:52.453+0000] {dag.py:3229} INFO - Sync 1 DAGs
[2026-09-22T01:00:52.476+0000] {logging_mixin.py:190} INFO - [2026-09-22T01:00:52.476+0000] {dag.py:4156} INFO - Setting next_dagrun for weather_etl to 2026-09-21 02:30:00+00:00, run_after=2026-09-22 02:30:00+00:00
[2026-09-22T01:00:52.485+0000] {processor.py:208} INFO - Processing /opt/airflow/dags/weather_etl.py took 0.111 seconds
[2026-09-22T01:01:22.770+0000] {processor.py:186} INFO - Started process (PID=966) to work on /opt/airflow/dags/weather_etl.py
[2026-09-22T01:01:22.772+0000] {processor.py:914} INFO - Processing file /opt/airflow/dags/weather_etl.py for tasks to queue
[2026-09-22T01:01:22.775+0000] {logging_mixin.py:190} INFO - [2026-09-22T01:01:22.775+0000] {dagbag.py:587} INFO - Filling up the DagBag from /opt/airflow/dags/weather_etl.py
[2026-09-22T01:01:22.803+0000] {processor.py:925} INFO - DAG(s) 'weather_etl' retrieved from /opt/airflow/dags/weather_etl.py
[2026-09-22T01:01:22.816+0000] {logging_mixin.py:190} INFO - [2026-09-22T01:01:22.816+0000] {dag.py:3229} INFO - Sync 1 DAGs
[2026-09-22T01:01:22.832+0000] {logging_mixin.py:190} INFO - [2026-09-22T01:01:22.832+0000] {dag.py:4156} INFO - Setting next_dagrun for weather_etl to 2026-09-21 02:30:00+00:00, run_after=2026-09-22 02:30:00+00:00
[2026-09-22T01:01:22.839+0000] {processor.py:208} INFO - Processing /opt/airflow/dags/weather_etl.py took 0.076 seconds
[2026-09-22T01:01:53.140+0000] {processor.py:186} INFO - Started process (PID=977) to work on /opt/airflow/dags/weather_etl.py
[2026-09-22T01:01:53.141+0000] {processor.py:914} INFO - Processing file /opt/airflow/dags/weather_etl.py for tasks to queue
[2026-09-22T01:01:53.143+0000] {logging_mixin.py:190} INFO - [2026-09-22T01:01:53.143+0000] {dagbag.py:587} INFO - Filling up the DagBag from /opt/airflow/dags/weather_etl.py
[2026-09-22T01:01:53.160+0000] {processor.py:925} INFO - DAG(s) 'weather_etl' retrieved from /opt/airflow/dags/weather_etl.py
[2026-09-22T01:01:53.168+0000] {logging_mixin.py:190} INFO - [2026-09-22T01:01:53.168+0000] {dag.py:3229} INFO - Sync 1 DAGs
[2026-09-22T01:01:53.179+0000] {logging_mixin.py:190} INFO - [2026-09-22T01:01:53.179+0000] {dag.py:4156} INFO - Setting next_dagrun for weather_etl to 2026-09-21 02:30:00+00:00, run_after=2026-09-22 02:30:00+00:00
[2026-09-22T01:01:53.186+0000] {processor.py:208} INFO - Processing /opt/airflow/dags/weather_etl.py took 0.052 seconds
[2026-09-22T01:02:23.572+0000] {processor.py:186} INFO - Started process (PID=988) to work on /opt/airflow/dags/weather_etl.py
[2026-09-22T01:02:23.574+0000] {processor.py:914} INFO - Processing file /opt/airflow/dags/weather_etl.py for tasks to queue
[2026-09-22T01:02:23.576+0000] {logging_mixin.py:190} INFO - [2026-09-22T01:02:23.575+0000] {dagbag.py:587} INFO - Filling up the DagBag from /opt/airflow/dags/weather_etl.py
[2026-09-22T01:02:23.593+0000] {processor.py:925} INFO - DAG(s) 'weather_etl' retrieved from /opt/airflow/dags/weather_etl.py
[2026-09-22T01:02:23.602+0000] {logging_mixin.py:190} INFO - [2026-09-22T01:02:23.601+0000] {dag.py:3229} INFO - Sync 1 DAGs
[2026-09-22T01:02:23.611+0000] {logging_mixin.py:190} INFO - [2026-09-22T01:02:23.611+0000] {dag.py:4156} INFO - Setting next_dagrun for weather_etl to 2026-09-21 02:30:00+00:00, run_after=2026-09-22 02:30:00+00:00
[2026-09-22T01:02:23.618+0000] {processor.py:208} INFO - Processing /opt/airflow/dags/weather_etl.py took 0.051 seconds
[2026-09-22T01:02:53.924+0000] {processor.py:186} INFO - Started process (PID=999) to work on /opt/airflow/dags/weather_etl.py
[2026-09-22T01:02:53.926+0000] {processor.py:914} INFO - Processing file /opt/airflow/dags/weather_etl.py for tasks to queue
[2026-09-22T01:02:53.929+0000] {logging_mixin.py:190} INFO - [2026-09-22T01:02:53.929+0000] {dagbag.py:587} INFO - Filling up the DagBag from /opt/airflow/dags/weather_etl.py
[2026-09-22T01:02:53.959+0000] {processor.py:925} INFO - DAG(s) 'weather_etl' retrieved from /opt/airflow/dags/weather_etl.py
[2026-09-22T01:02:53.972+0000] {logging_mixin.py:190} INFO - [2026-09-22T01:02:53.972+0000] {dag.py:3229} INFO - Sync 1 DAGs
[2026-09-22T01:02:53.989+0000] {logging_mixin.py:190} INFO - [2026-09-22T01:02:53.988+0000] {dag.py:4156} INFO - Setting next_dagrun for weather_etl to 2026-09-21 02:30:00+00:00, run_after=2026-09-22 02:30:00+00:00
[2026-09-22T01:02:53.999+0000] {processor.py:208} INFO - Processing /opt/airflow/dags/weather_etl.py took 0.082 seconds
[2026-09-22T01:03:24.299+0000] {processor.py:186} INFO - Started process (PID=1010) to work on /opt/airflow/dags/weather_etl.py
[2026-09-22T01:03:24.301+0000] {processor.py:914} INFO - Processing file /opt/airflow/dags/weather_etl.py for tasks to queue
[2026-09-22T01:03:24.304+0000] {logging_mixin.py:190} INFO - [2026-09-22T01:03:24.304+0000] {dagbag.py:587} INFO - Filling up the DagBag from /opt/airflow/dags/weather_etl.py
[2026-09-22T01:03:24.329+0000] {processor.py:925} INFO - DAG(s) 'weather_etl' retrieved from /opt/airflow/dags/weather_etl.py
[2026-09-22T01:03:24.340+0000] {logging_mixin.py:190} INFO - [2026-09-22T01:03:24.340+0000] {dag.py:3229} INFO - Sync 1 DAGs
[2026-09-22T01:03:24.352+0000] {logging_mixin.py:190} INFO - [2026-09-22T01:03:24.351+0000] {dag.py:4156} INFO - Setting next_dagrun for weather_etl to 2026-09-21 02:30:00+00:00, run_after=2026-09-22 02:30:00+00:00
[2026-09-22T01:03:24.359+0000] {processor.py:208} INFO - Processing /opt/airflow/dags/weather_etl.py took 0.069 seconds
[2026-09-22T01:03:54.657+0000] {processor.py:186} INFO - Started process (PID=1021) to work on /opt/airflow/dags/weather_etl.py
[2026-09-22T01:03:54.659+0000] {processor.py:914} INFO - Processing file /opt/airflow/dags/weather_etl.py for tasks to queue
[2026-09-22T01:03:54.661+0000] {logging_mixin.py:190} INFO - [2026-09-22T01:03:54.661+0000] {dagbag.py:587} INFO - Filling up the DagBag from /opt/airflow/dags/weather_etl.py
[2026-09-22T01:03:54.684+0000] {processor.py:925} INFO - DAG(s) 'weather_etl' retrieved from /opt/airflow/dags/weather_etl.py
[2026-09-22T01:03:54.698+0000] {logging_mixin.py:190} INFO - [2026-09-22T01:03:54.698+0000] {dag.py:3229} INFO - Sync 1 DAGs
[2026-09-22T01:03:54.710+0000] {logging_mixin.py:190} INFO - [2026-09-22T01:03:54.710+0000] {dag.py:4156} INFO - Setting next_dagrun for weather_etl to 2026-09-21 02:30:00+00:00, run_after=2026-09-22 02:30:00+00:00
[2026-09-22T01:03:54.717+0000] {processor.py:208} INFO - Processing /opt/airflow/dags/weather_etl.py took 0.066 seconds
[2026-09-22T01:04:24.997+0000] {processor.py:186} INFO - Started process (PID=1032) to work on /opt/airflow/dags/weather_etl.py
[2026-09-22T01:04:24.998+0000] {processor.py:914} INFO - Processing file /opt/airflow/dags/weather_etl.py for tasks to queue
[2026-09-22T01:04:24.999+0000] {logging_mixin.py:190} INFO - [2026-09-22T01:04:24.999+0000] {dagbag.py:587} INFO - Filling up the DagBag from /opt/airflow/dags/weather_etl.py
[2026-09-22T01:04:25.014+0000] {processor.py:925} INFO - DAG(s) 'weather_etl' retrieved from /opt/airflow/dags/weather_etl.py
[2026-09-22T01:04:25.023+0000] {logging_mixin.py:190} INFO - [2026-09-22T01:04:25.023+0000] {dag.py:3229} INFO - Sync 1 DAGs
[2026-09-22T01:04:25.033+0000] {logging_mixin.py:190} INFO - [2026-09-22T01:04:25.033+0000] {dag.py:4156} INFO - Setting next_dagrun for weather_etl to 2026-09-21 02:30:00+00:00, run_after=2026-09-22 02:30:00+00:00
[2026-09-22T01:04:25.039+0000] {processor.py:208} INFO - Processing /opt/airflow/dags/weather_etl.py took 0.047 seconds
[2026-09-22T01:04:55.472+0000] {processor.py:186} INFO - Started process (PID=1043) to work on /opt/airflow/dags/weather_etl.py
[2026-09-22T01:04:55.475+0000] {processor.py:914} INFO - Processing file /opt/airflow/dags/weather_etl.py for tasks to queue
[2026-09-22T01:04:55.481+0000] {logging_mixin.py:190} INFO - [2026-09-22T01:04:55.480+0000] {dagbag.py:587} INFO - Filling up the DagBag from /opt/airflow/dags/weather_etl.py
[2026-09-22T01:04:55.510+0000] {processor.py:925} INFO - DAG(s) 'weather_etl' retrieved from /opt/airflow/dags/weather_etl.py
[2026-09-22T01:04:55.524+0000] {logging_mixin.py:190} INFO - [2026-09-22T01:04:55.524+0000] {dag.py:3229} INFO - Sync 1 DAGs
[2026-09-22T01:04:55.548+0000] {logging_mixin.py:190} INFO - [2026-09-22T01:04:55.548+0000] {dag.py:4156} INFO - Setting next_dagrun for weather_etl to 2026-09-21 02:30:00+00:00, run_after=2026-09-22 02:30:00+00:00
[2026-09-22T01:04:55.560+0000] {processor.py:208} INFO - Processing /opt/airflow/dags/weather_etl.py took 0.098 seconds
[2026-09-22T01:05:25.931+0000] {processor.py:186} INFO - Started process (PID=1054) to work on /opt/airflow/dags/weather_etl.py
[2026-09-22T01:05:25.934+0000] {processor.py:914} INFO - Processing file /opt/airflow/dags/weather_etl.py for tasks to queue
[2026-09-22T01:05:25.941+0000] {logging_mixin.py:190} INFO - [2026-09-22T01:05:25.939+0000] {dagbag.py:587} INFO - Filling up the DagBag from /opt/airflow/dags/weather_etl.py
[2026-09-22T01:05:26.015+0000] {processor.py:925} INFO - DAG(s) 'weather_etl' retrieved from /opt/airflow/dags/weather_etl.py
[2026-09-22T01:05:26.042+0000] {logging_mixin.py:190} INFO - [2026-09-22T01:05:26.042+0000] {dag.py:3229} INFO - Sync 1 DAGs
[2026-09-22T01:05:26.080+0000] {logging_mixin.py:190} INFO - [2026-09-22T01:05:26.080+0000] {dag.py:4156} INFO - Setting next_dagrun for weather_etl to 2026-09-21 02:30:00+00:00, run_after=2026-09-22 02:30:00+00:00
[2026-09-22T01:05:26.093+0000] {processor.py:208} INFO - Processing /opt/airflow/dags/weather_etl.py took 0.175 seconds
[2026-09-22T01:05:56.309+0000] {processor.py:186} INFO - Started process (PID=1065) to work on /opt/airflow/dags/weather_etl.py
[2026-09-22T01:05:56.312+0000] {processor.py:914} INFO - Processing file /opt/airflow/dags/weather_etl.py for tasks to queue
[2026-09-22T01:05:56.320+0000] {logging_mixin.py:190} INFO - [2026-09-22T01:05:56.319+0000] {dagbag.py:587} INFO - Filling up the DagBag from /opt/airflow/dags/weather_etl.py
[2026-09-22T01:05:56.371+0000] {processor.py:925} INFO - DAG(s) 'weather_etl' retrieved from /opt/airflow/dags/weather_etl.py
[2026-09-22T01:05:56.393+0000] {logging_mixin.py:190} INFO - [2026-09-22T01:05:56.392+0000] {dag.py:3229} INFO - Sync 1 DAGs
[2026-09-22T01:05:56.425+0000] {logging_mixin.py:190} INFO - [2026-09-22T01:05:56.424+0000] {dag.py:4156} INFO - Setting next_dagrun for weather_etl to 2026-09-21 02:30:00+00:00, run_after=2026-09-22 02:30:00+00:00
[2026-09-22T01:05:56.434+0000] {processor.py:208} INFO - Processing /opt/airflow/dags/weather_etl.py took 0.141 seconds
[2026-09-22T01:06:26.843+0000] {processor.py:186} INFO - Started process (PID=1076) to work on /opt/airflow/dags/weather_etl.py
[2026-09-22T01:06:26.847+0000] {processor.py:914} INFO - Processing file /opt/airflow/dags/weather_etl.py for tasks to queue
[2026-09-22T01:06:26.856+0000] {logging_mixin.py:190} INFO - [2026-09-22T01:06:26.856+0000] {dagbag.py:587} INFO - Filling up the DagBag from /opt/airflow/dags/weather_etl.py
[2026-09-22T01:06:26.890+0000] {processor.py:925} INFO - DAG(s) 'weather_etl' retrieved from /opt/airflow/dags/weather_etl.py
[2026-09-22T01:06:26.913+0000] {logging_mixin.py:190} INFO - [2026-09-22T01:06:26.913+0000] {dag.py:3229} INFO - Sync 1 DAGs
[2026-09-22T01:06:26.933+0000] {logging_mixin.py:190} INFO - [2026-09-22T01:06:26.933+0000] {dag.py:4156} INFO - Setting next_dagrun for weather_etl to 2026-09-21 02:30:00+00:00, run_after=2026-09-22 02:30:00+00:00
[2026-09-22T01:06:26.941+0000] {processor.py:208} INFO - Processing /opt/airflow/dags/weather_etl.py took 0.115 seconds
[2026-09-22T01:06:57.209+0000] {processor.py:186} INFO - Started process (PID=1087) to work on /opt/airflow/dags/weather_etl.py
[2026-09-22T01:06:57.213+0000] {processor.py:914} INFO - Processing file /opt/airflow/dags/weather_etl.py for tasks to queue
[2026-09-22T01:06:57.217+0000] {logging_mixin.py:190} INFO - [2026-09-22T01:06:57.216+0000] {dagbag.py:587} INFO - Filling up the DagBag from /opt/airflow/dags/weather_etl.py
[2026-09-22T01:06:57.247+0000] {processor.py:925} INFO - DAG(s) 'weather_etl' retrieved from /opt/airflow/dags/weather_etl.py
[2026-09-22T01:06:57.266+0000] {logging_mixin.py:190} INFO - [2026-09-22T01:06:57.265+0000] {dag.py:3229} INFO - Sync 1 DAGs
[2026-09-22T01:06:57.286+0000] {logging_mixin.py:190} INFO - [2026-09-22T01:06:57.286+0000] {dag.py:4156} INFO - Setting next_dagrun for weather_etl to 2026-09-21 02:30:00+00:00, run_after=2026-09-22 02:30:00+00:00
[2026-09-22T01:06:57.294+0000] {processor.py:208} INFO - Processing /opt/airflow/dags/weather_etl.py took 0.095 seconds
[2026-09-22T01:07:27.616+0000] {processor.py:186} INFO - Started process (PID=1098) to work on /opt/airflow/dags/weather_etl.py
[2026-09-22T01:07:27.618+0000] {processor.py:914} INFO - Processing file /opt/airflow/dags/weather_etl.py for tasks to queue
[2026-09-22T01:07:27.622+0000] {logging_mixin.py:190} INFO - [2026-09-22T01:07:27.621+0000] {dagbag.py:587} INFO - Filling up the DagBag from /opt/airflow/dags/weather_etl.py
[2026-09-22T01:07:27.653+0000] {processor.py:925} INFO - DAG(s) 'weather_etl' retrieved from /opt/airflow/dags/weather_etl.py
[2026-09-22T01:07:27.671+0000] {logging_mixin.py:190} INFO - [2026-09-22T01:07:27.670+0000] {dag.py:3229} INFO - Sync 1 DAGs
[2026-09-22T01:07:27.689+0000] {logging_mixin.py:190} INFO - [2026-09-22T01:07:27.689+0000] {dag.py:4156} INFO - Setting next_dagrun for weather_etl to 2026-09-21 02:30:00+00:00, run_after=2026-09-22 02:30:00+00:00
[2026-09-22T01:07:27.701+0000] {processor.py:208} INFO - Processing /opt/airflow/dags/weather_etl.py took 0.094 seconds
[2026-09-22T01:07:57.987+0000] {processor.py:186} INFO - Started process (PID=1109) to work on /opt/airflow/dags/weather_etl.py
[2026-09-22T01:07:57.989+0000] {processor.py:914} INFO - Processing file /opt/airflow/dags/weather_etl.py for tasks to queue
[2026-09-22T01:07:57.997+0000] {logging_mixin.py:190} INFO - [2026-09-22T01:07:57.997+0000] {dagbag.py:587} INFO - Filling up the DagBag from /opt/airflow/dags/weather_etl.py
[2026-09-22T01:07:58.040+0000] {processor.py:925} INFO - DAG(s) 'weather_etl' retrieved from /opt/airflow/dags/weather_etl.py
[2026-09-22T01:07:58.059+0000] {logging_mixin.py:190} INFO - [2026-09-22T01:07:58.058+0000] {dag.py:3229} INFO - Sync 1 DAGs
[2026-09-22T01:07:58.075+0000] {logging_mixin.py:190} INFO - [2026-09-22T01:07:58.075+0000] {dag.py:4156} INFO - Setting next_dagrun for weather_etl to 2026-09-21 02:30:00+00:00, run_after=2026-09-22 02:30:00+00:00
[2026-09-22T01:07:58.084+0000] {processor.py:208} INFO - Processing /opt/airflow/dags/weather_etl.py took 0.106 seconds
[2026-09-22T01:08:28.342+0000] {processor.py:186} INFO - Started process (PID=1120) to work on /opt/airflow/dags/weather_etl.py
[2026-09-22T01:08:28.346+0000] {processor.py:914} INFO - Processing file /opt/airflow/dags/weather_etl.py for tasks to queue
[2026-09-22T01:08:28.348+0000] {logging_mixin.py:190} INFO - [2026-09-22T01:08:28.348+0000] {dagbag.py:587} INFO - Filling up the DagBag from /opt/airflow/dags/weather_etl.py
[2026-09-22T01:08:28.373+0000] {processor.py:925} INFO - DAG(s) 'weather_etl' retrieved from /opt/airflow/dags/weather_etl.py
[2026-09-22T01:08:28.382+0000] {logging_mixin.py:190} INFO - [2026-09-22T01:08:28.381+0000] {dag.py:3229} INFO - Sync 1 DAGs
[2026-09-22T01:08:28.394+0000] {logging_mixin.py:190} INFO - [2026-09-22T01:08:28.394+0000] {dag.py:4156} INFO - Setting next_dagrun for weather_etl to 2026-09-21 02:30:00+00:00, run_after=2026-09-22 02:30:00+00:00
[2026-09-22T01:08:28.400+0000] {processor.py:208} INFO - Processing /opt/airflow/dags/weather_etl.py took 0.066 seconds
