[2026-09-26T02:48:00.706+0000] {local_task_job_runner.py:123} INFO - ::group::Pre task execution logs
[2026-09-26T02:48:00.712+0000] {taskinstance.py:2612} INFO - Dependencies all met for dep_context=non-requeueable deps ti=<TaskInstance: dbt_weather_analytics.dbt_run manual__2026-09-26T02:48:00.280758+00:00 [queued]>
[2026-09-26T02:48:00.715+0000] {taskinstance.py:2612} INFO - Dependencies all met for dep_context=requeueable deps ti=<TaskInstance: dbt_weather_analytics.dbt_run manual__2026-09-26T02:48:00.280758+00:00 [queued]>
[2026-09-26T02:48:00.715+0000] {taskinstance.py:2865} INFO - Starting attempt 1 of 1
[2026-09-26T02:48:00.718+0000] {taskinstance.py:2888} INFO - Executing <Task(BashOperator): dbt_run> on 2026-09-26 02:48:00.280758+00:00
[2026-09-26T02:48:00.722+0000] {logging_mixin.py:190} WARNING - /home/***/.local/lib/python3.12/site-packages/***/task/task_runner/standard_task_runner.py:70 DeprecationWarning: This process (pid=9870) is multi-threaded, use of fork() may lead to deadlocks in the child.
[2026-09-26T02:48:00.723+0000] {standard_task_runner.py:72} INFO - Started process 9871 to run task
[2026-09-26T02:48:00.723+0000] {standard_task_runner.py:104} INFO - Running: ['***', 'tasks', 'run', 'dbt_weather_analytics', 'dbt_run', 'manual__2026-09-26T02:48:00.280758+00:00', '--job-id', '85', '--raw', '--subdir', 'DAGS_FOLDER/build_elt_with_dbt.py', '--cfg-path', '/tmp/tmp3oq7llzd']
[2026-09-26T02:48:00.725+0000] {standard_task_runner.py:105} INFO - Job 85: Subtask dbt_run
[2026-09-26T02:48:00.740+0000] {task_command.py:467} INFO - Running <TaskInstance: dbt_weather_analytics.dbt_run manual__2026-09-26T02:48:00.280758+00:00 [running]> on host 10396b14c6e7
[2026-09-26T02:48:00.770+0000] {taskinstance.py:3131} INFO - Exporting env vars: AIRFLOW_CTX_DAG_OWNER='***' AIRFLOW_CTX_DAG_ID='dbt_weather_analytics' AIRFLOW_CTX_TASK_ID='dbt_run' AIRFLOW_CTX_EXECUTION_DATE='2026-09-26T02:48:00.280758+00:00' AIRFLOW_CTX_TRY_NUMBER='1' AIRFLOW_CTX_DAG_RUN_ID='manual__2026-09-26T02:48:00.280758+00:00'
[2026-09-26T02:48:00.771+0000] {taskinstance.py:731} INFO - ::endgroup::
[2026-09-26T02:48:00.777+0000] {subprocess.py:63} INFO - Tmp dir root location: /tmp
[2026-09-26T02:48:00.777+0000] {subprocess.py:75} INFO - Running command: ['/usr/bin/bash', '-c', '/home/***/.local/bin/dbt run --profiles-dir /opt/***/dbt/weather_analytics --project-dir /opt/***/dbt/weather_analytics']
[2026-09-26T02:48:00.781+0000] {subprocess.py:86} INFO - Output:
[2026-09-26T02:48:01.725+0000] {subprocess.py:93} INFO - [0m02:48:01  Running with dbt=1.8.7
[2026-09-26T02:48:02.224+0000] {subprocess.py:93} INFO - [0m02:48:02  Registered adapter: snowflake=1.8.1
[2026-09-26T02:48:02.404+0000] {subprocess.py:93} INFO - [0m02:48:02  Found 2 models, 3 data tests, 1 snapshot, 454 macros
[2026-09-26T02:48:02.406+0000] {subprocess.py:93} INFO - [0m02:48:02
[2026-09-26T02:48:05.478+0000] {subprocess.py:93} INFO - [0m02:48:05  Concurrency: 1 threads (target='dev')
[2026-09-26T02:48:05.481+0000] {subprocess.py:93} INFO - [0m02:48:05
[2026-09-26T02:48:05.503+0000] {subprocess.py:93} INFO - [0m02:48:05  1 of 1 START sql table model analytics.weather_metrics ......................... [RUN]
[2026-09-26T02:48:07.394+0000] {subprocess.py:93} INFO - [0m02:48:07  1 of 1 OK created sql table model analytics.weather_metrics .................... [[32mSUCCESS 1[0m in 1.88s]
[2026-09-26T02:48:07.403+0000] {subprocess.py:93} INFO - [0m02:48:07
[2026-09-26T02:48:07.404+0000] {subprocess.py:93} INFO - [0m02:48:07  Finished running 1 table model in 0 hours 0 minutes and 5.00 seconds (5.00s).
[2026-09-26T02:48:07.435+0000] {subprocess.py:93} INFO - [0m02:48:07
[2026-09-26T02:48:07.436+0000] {subprocess.py:93} INFO - [0m02:48:07  [32mCompleted successfully[0m
[2026-09-26T02:48:07.436+0000] {subprocess.py:93} INFO - [0m02:48:07
[2026-09-26T02:48:07.436+0000] {subprocess.py:93} INFO - [0m02:48:07  Done. PASS=1 WARN=0 ERROR=0 SKIP=0 TOTAL=1
[2026-09-26T02:48:08.149+0000] {subprocess.py:97} INFO - Command exited with return code 0
[2026-09-26T02:48:08.170+0000] {taskinstance.py:340} INFO - ::group::Post task execution logs
[2026-09-26T02:48:08.171+0000] {taskinstance.py:352} INFO - Marking task as SUCCESS. dag_id=dbt_weather_analytics, task_id=dbt_run, run_id=manual__2026-09-26T02:48:00.280758+00:00, execution_date=20260926T024800, start_date=20260926T024800, end_date=20260926T024808
[2026-09-26T02:48:08.193+0000] {local_task_job_runner.py:266} INFO - Task exited with return code 0
[2026-09-26T02:48:08.205+0000] {taskinstance.py:3900} INFO - 1 downstream tasks scheduled from follow-on schedule check
[2026-09-26T02:48:08.205+0000] {local_task_job_runner.py:245} INFO - ::endgroup::
