[2026-09-25T22:22:14.149+0000] {local_task_job_runner.py:123} INFO - ::group::Pre task execution logs
[2026-09-25T22:22:14.156+0000] {taskinstance.py:2612} INFO - Dependencies all met for dep_context=non-requeueable deps ti=<TaskInstance: dbt_weather_analytics.dbt_run manual__2026-09-25T22:20:43.763037+00:00 [queued]>
[2026-09-25T22:22:14.159+0000] {taskinstance.py:2612} INFO - Dependencies all met for dep_context=requeueable deps ti=<TaskInstance: dbt_weather_analytics.dbt_run manual__2026-09-25T22:20:43.763037+00:00 [queued]>
[2026-09-25T22:22:14.159+0000] {taskinstance.py:2865} INFO - Starting attempt 2 of 2
[2026-09-25T22:22:14.163+0000] {taskinstance.py:2888} INFO - Executing <Task(BashOperator): dbt_run> on 2026-09-25 22:20:43.763037+00:00
[2026-09-25T22:22:14.174+0000] {logging_mixin.py:190} WARNING - /home/***/.local/lib/python3.12/site-packages/***/task/task_runner/standard_task_runner.py:70 DeprecationWarning: This process (pid=912) is multi-threaded, use of fork() may lead to deadlocks in the child.
[2026-09-25T22:22:14.172+0000] {standard_task_runner.py:104} INFO - Running: ['***', 'tasks', 'run', 'dbt_weather_analytics', 'dbt_run', 'manual__2026-09-25T22:20:43.763037+00:00', '--job-id', '43', '--raw', '--subdir', 'DAGS_FOLDER/build_elt_with_dbt.py', '--cfg-path', '/tmp/tmp4pqh9hmn']
[2026-09-25T22:22:14.175+0000] {standard_task_runner.py:105} INFO - Job 43: Subtask dbt_run
[2026-09-25T22:22:14.175+0000] {standard_task_runner.py:72} INFO - Started process 913 to run task
[2026-09-25T22:22:14.198+0000] {task_command.py:467} INFO - Running <TaskInstance: dbt_weather_analytics.dbt_run manual__2026-09-25T22:20:43.763037+00:00 [running]> on host 10396b14c6e7
[2026-09-25T22:22:14.227+0000] {taskinstance.py:3131} INFO - Exporting env vars: AIRFLOW_CTX_DAG_OWNER='***' AIRFLOW_CTX_DAG_ID='dbt_weather_analytics' AIRFLOW_CTX_TASK_ID='dbt_run' AIRFLOW_CTX_EXECUTION_DATE='2026-09-25T22:20:43.763037+00:00' AIRFLOW_CTX_TRY_NUMBER='2' AIRFLOW_CTX_DAG_RUN_ID='manual__2026-09-25T22:20:43.763037+00:00'
[2026-09-25T22:22:14.227+0000] {taskinstance.py:731} INFO - ::endgroup::
[2026-09-25T22:22:14.235+0000] {subprocess.py:63} INFO - Tmp dir root location: /tmp
[2026-09-25T22:22:14.235+0000] {subprocess.py:75} INFO - Running command: ['/usr/bin/bash', '-c', '/home/***/.local/bin/dbt run --profiles-dir /opt/***/dbt/weather_analytics --project-dir /opt/***/dbt/weather_analytics']
[2026-09-25T22:22:14.241+0000] {subprocess.py:86} INFO - Output:
[2026-09-25T22:22:15.185+0000] {subprocess.py:93} INFO - [0m22:22:15  Running with dbt=1.8.7
[2026-09-25T22:22:15.723+0000] {subprocess.py:93} INFO - [0m22:22:15  Registered adapter: snowflake=1.8.1
[2026-09-25T22:22:15.907+0000] {subprocess.py:93} INFO - [0m22:22:15  Found 2 models, 1 snapshot, 3 data tests, 454 macros
[2026-09-25T22:22:15.908+0000] {subprocess.py:93} INFO - [0m22:22:15
[2026-09-25T22:22:19.975+0000] {subprocess.py:93} INFO - [0m22:22:19  Concurrency: 1 threads (target='dev')
[2026-09-25T22:22:19.978+0000] {subprocess.py:93} INFO - [0m22:22:19
[2026-09-25T22:22:20.003+0000] {subprocess.py:93} INFO - [0m22:22:20  1 of 1 START sql table model analytics.weather_metrics ......................... [RUN]
[2026-09-25T22:22:22.061+0000] {subprocess.py:93} INFO - [0m22:22:22  1 of 1 OK created sql table model analytics.weather_metrics .................... [[32mSUCCESS 1[0m in 2.05s]
[2026-09-25T22:22:22.065+0000] {subprocess.py:93} INFO - [0m22:22:22
[2026-09-25T22:22:22.065+0000] {subprocess.py:93} INFO - [0m22:22:22  Finished running 1 table model in 0 hours 0 minutes and 6.16 seconds (6.16s).
[2026-09-25T22:22:22.089+0000] {subprocess.py:93} INFO - [0m22:22:22
[2026-09-25T22:22:22.089+0000] {subprocess.py:93} INFO - [0m22:22:22  [32mCompleted successfully[0m
[2026-09-25T22:22:22.090+0000] {subprocess.py:93} INFO - [0m22:22:22
[2026-09-25T22:22:22.090+0000] {subprocess.py:93} INFO - [0m22:22:22  Done. PASS=1 WARN=0 ERROR=0 SKIP=0 TOTAL=1
[2026-09-25T22:22:22.762+0000] {subprocess.py:97} INFO - Command exited with return code 0
[2026-09-25T22:22:22.774+0000] {taskinstance.py:340} INFO - ::group::Post task execution logs
[2026-09-25T22:22:22.774+0000] {taskinstance.py:352} INFO - Marking task as SUCCESS. dag_id=dbt_weather_analytics, task_id=dbt_run, run_id=manual__2026-09-25T22:20:43.763037+00:00, execution_date=20260925T222043, start_date=20260925T222214, end_date=20260925T222222
[2026-09-25T22:22:22.812+0000] {local_task_job_runner.py:266} INFO - Task exited with return code 0
[2026-09-25T22:22:22.821+0000] {taskinstance.py:3900} INFO - 1 downstream tasks scheduled from follow-on schedule check
[2026-09-25T22:22:22.822+0000] {local_task_job_runner.py:245} INFO - ::endgroup::
