[2026-09-26T02:31:30.469+0000] {local_task_job_runner.py:123} INFO - ::group::Pre task execution logs
[2026-09-26T02:31:30.478+0000] {taskinstance.py:2612} INFO - Dependencies all met for dep_context=non-requeueable deps ti=<TaskInstance: dbt_weather_analytics.dbt_run manual__2026-09-26T02:31:29.981701+00:00 [queued]>
[2026-09-26T02:31:30.482+0000] {taskinstance.py:2612} INFO - Dependencies all met for dep_context=requeueable deps ti=<TaskInstance: dbt_weather_analytics.dbt_run manual__2026-09-26T02:31:29.981701+00:00 [queued]>
[2026-09-26T02:31:30.482+0000] {taskinstance.py:2865} INFO - Starting attempt 1 of 1
[2026-09-26T02:31:30.488+0000] {taskinstance.py:2888} INFO - Executing <Task(BashOperator): dbt_run> on 2026-09-26 02:31:29.981701+00:00
[2026-09-26T02:31:30.498+0000] {standard_task_runner.py:104} INFO - Running: ['***', 'tasks', 'run', 'dbt_weather_analytics', 'dbt_run', 'manual__2026-09-26T02:31:29.981701+00:00', '--job-id', '75', '--raw', '--subdir', 'DAGS_FOLDER/build_elt_with_dbt.py', '--cfg-path', '/tmp/tmpf5xq5n7c']
[2026-09-26T02:31:30.502+0000] {standard_task_runner.py:105} INFO - Job 75: Subtask dbt_run
[2026-09-26T02:31:30.502+0000] {logging_mixin.py:190} WARNING - /home/***/.local/lib/python3.12/site-packages/***/task/task_runner/standard_task_runner.py:70 DeprecationWarning: This process (pid=9137) is multi-threaded, use of fork() may lead to deadlocks in the child.
[2026-09-26T02:31:30.504+0000] {standard_task_runner.py:72} INFO - Started process 9138 to run task
[2026-09-26T02:31:30.532+0000] {task_command.py:467} INFO - Running <TaskInstance: dbt_weather_analytics.dbt_run manual__2026-09-26T02:31:29.981701+00:00 [running]> on host 10396b14c6e7
[2026-09-26T02:31:30.570+0000] {taskinstance.py:3131} INFO - Exporting env vars: AIRFLOW_CTX_DAG_OWNER='***' AIRFLOW_CTX_DAG_ID='dbt_weather_analytics' AIRFLOW_CTX_TASK_ID='dbt_run' AIRFLOW_CTX_EXECUTION_DATE='2026-09-26T02:31:29.981701+00:00' AIRFLOW_CTX_TRY_NUMBER='1' AIRFLOW_CTX_DAG_RUN_ID='manual__2026-09-26T02:31:29.981701+00:00'
[2026-09-26T02:31:30.570+0000] {taskinstance.py:731} INFO - ::endgroup::
[2026-09-26T02:31:30.577+0000] {subprocess.py:63} INFO - Tmp dir root location: /tmp
[2026-09-26T02:31:30.578+0000] {subprocess.py:75} INFO - Running command: ['/usr/bin/bash', '-c', '/home/***/.local/bin/dbt run --profiles-dir /opt/***/dbt/weather_analytics --project-dir /opt/***/dbt/weather_analytics']
[2026-09-26T02:31:30.583+0000] {subprocess.py:86} INFO - Output:
[2026-09-26T02:31:31.752+0000] {subprocess.py:93} INFO - [0m02:31:31  Running with dbt=1.8.7
[2026-09-26T02:31:32.239+0000] {subprocess.py:93} INFO - [0m02:31:32  Registered adapter: snowflake=1.8.1
[2026-09-26T02:31:32.415+0000] {subprocess.py:93} INFO - [0m02:31:32  Found 2 models, 1 snapshot, 3 data tests, 454 macros
[2026-09-26T02:31:32.417+0000] {subprocess.py:93} INFO - [0m02:31:32
[2026-09-26T02:31:35.815+0000] {subprocess.py:93} INFO - [0m02:31:35  Concurrency: 1 threads (target='dev')
[2026-09-26T02:31:35.816+0000] {subprocess.py:93} INFO - [0m02:31:35
[2026-09-26T02:31:35.835+0000] {subprocess.py:93} INFO - [0m02:31:35  1 of 1 START sql table model analytics.weather_metrics ......................... [RUN]
[2026-09-26T02:31:37.850+0000] {subprocess.py:93} INFO - [0m02:31:37  1 of 1 OK created sql table model analytics.weather_metrics .................... [[32mSUCCESS 1[0m in 2.01s]
[2026-09-26T02:31:37.860+0000] {subprocess.py:93} INFO - [0m02:31:37
[2026-09-26T02:31:37.860+0000] {subprocess.py:93} INFO - [0m02:31:37  Finished running 1 table model in 0 hours 0 minutes and 5.44 seconds (5.44s).
[2026-09-26T02:31:37.891+0000] {subprocess.py:93} INFO - [0m02:31:37
[2026-09-26T02:31:37.892+0000] {subprocess.py:93} INFO - [0m02:31:37  [32mCompleted successfully[0m
[2026-09-26T02:31:37.892+0000] {subprocess.py:93} INFO - [0m02:31:37
[2026-09-26T02:31:37.893+0000] {subprocess.py:93} INFO - [0m02:31:37  Done. PASS=1 WARN=0 ERROR=0 SKIP=0 TOTAL=1
[2026-09-26T02:31:38.689+0000] {subprocess.py:97} INFO - Command exited with return code 0
[2026-09-26T02:31:38.717+0000] {taskinstance.py:340} INFO - ::group::Post task execution logs
[2026-09-26T02:31:38.717+0000] {taskinstance.py:352} INFO - Marking task as SUCCESS. dag_id=dbt_weather_analytics, task_id=dbt_run, run_id=manual__2026-09-26T02:31:29.981701+00:00, execution_date=20260926T023129, start_date=20260926T023130, end_date=20260926T023138
[2026-09-26T02:31:38.768+0000] {local_task_job_runner.py:266} INFO - Task exited with return code 0
[2026-09-26T02:31:38.788+0000] {taskinstance.py:3900} INFO - 1 downstream tasks scheduled from follow-on schedule check
[2026-09-26T02:31:38.788+0000] {local_task_job_runner.py:245} INFO - ::endgroup::
